hci.c:184:13:move_list.constprop	24	static
hci.c:51:6:hci_timeout_callback	0	static
hci.c:57:6:HCI_Init	16	static
hci.c:81:5:HCI_verify	0	static
hci.c:116:6:HCI_Queue_Empty	0	static
hci.c:121:6:HCI_Isr	24	static
hci.c:94:6:HCI_Process	24	static
hci.c:157:6:hci_write	0	static
hci.c:170:6:hci_send_cmd	24	static
hci.c:212:5:hci_send_req	56	static
hci.c:374:5:hci_reset	40	static
hci.c:391:5:hci_disconnect	40	static
hci.c:415:5:hci_le_read_local_version	64	static
hci.c:448:5:hci_le_read_buffer_size	48	static
hci.c:476:5:hci_le_set_advertising_parameters	80	static
hci.c:509:5:hci_le_set_advertising_data	80	static
hci.c:533:5:hci_le_set_advertise_enable	48	static
hci.c:556:5:hci_le_set_scan_parameters	64	static
hci.c:585:5:hci_le_set_scan_enable	48	static
hci.c:609:5:hci_le_rand	56	static
hci.c:636:5:hci_le_set_scan_resp_data	80	static
hci.c:660:5:hci_le_read_advertising_channel_tx_power	48	static
hci.c:687:5:hci_le_set_random_address	56	static
hci.c:710:5:hci_read_bd_addr	48	static
hci.c:736:5:hci_le_create_connection	80	static
hci.c:773:5:hci_le_create_connection_cancel	40	static
hci.c:790:5:hci_le_encrypt	104	static
hci.c:822:5:hci_le_ltk_request_reply	56	static
hci.c:847:5:hci_le_ltk_request_neg_reply	40	static
hci.c:871:5:hci_le_read_white_list_size	48	static
hci.c:897:5:hci_le_clear_white_list	40	static
hci.c:915:5:hci_le_add_device_to_white_list	48	static
hci.c:939:5:hci_le_remove_device_from_white_list	48	static
hci.c:963:5:hci_read_transmit_power_level	56	static
hci.c:996:5:hci_read_rssi	48	static
hci.c:1028:5:hci_le_read_local_supported_features	56	static
hci.c:1054:5:hci_le_read_channel_map	56	static
hci.c:1085:5:hci_le_read_supported_states	56	static
hci.c:1111:5:hci_le_receiver_test	40	static
hci.c:1134:5:hci_le_transmitter_test	40	static
hci.c:1159:5:hci_le_test_end	48	static
