main.c:115:6:print	144	static
main.c:126:6:stable_softmax	32	static
main.c:150:6:motion_softmax	48	static
main.c:197:6:LED_Code_Blink	24	static
main.c:237:6:LED_Notification_Blink	24	static
main.c:253:6:getAccel	32	static
main.c:274:6:getAngularVelocity	32	static
main.c:296:6:Feature_Extraction_State_0	56	static
main.c:347:6:Feature_Extraction_State_1	88	static
main.c:449:6:printOutput_ANN	80	static
main.c:541:6:TrainOrientation	1728	static
main.c:706:5:Accel_Gyro_Sensor_Handler	144	static
main.c:794:5:main	1048	static,ignoring_inline_asm
main.c:961:13:initializeAllSensors	8	static
main.c:1024:6:enableAllSensors	8	static
main.c:1043:6:disableAllSensors	8	static
main.c:1059:13:RTC_Config	8	static
main.c:1090:13:RTC_TimeStampConfig	32	static
main.c:1130:6:RTC_TimeRegulate	40	static
main.c:1153:6:HAL_GPIO_EXTI_Callback	16	static
main.c:1162:13:Error_Handler	4	static
