main.c:116:6:stable_softmax	32	static
main.c:140:6:motion_softmax	40	static
main.c:160:6:LED_Code_Blink	24	static
main.c:200:6:LED_Notification_Blink	24	static
main.c:216:6:getAccel	32	static
main.c:237:6:getAngularVelocity	32	static
main.c:259:6:Feature_Extraction_State_0	184	static
main.c:308:6:Feature_Extraction_State_1	224	static
main.c:425:6:printOutput_ANN	336	static
main.c:525:6:TrainOrientation	1872	static
main.c:725:5:Accel_Gyro_Sensor_Handler	304	static
main.c:855:5:main	1176	static,ignoring_inline_asm
main.c:1029:13:initializeAllSensors	8	static
main.c:1092:6:enableAllSensors	8	static
main.c:1111:6:disableAllSensors	8	static
main.c:1127:13:RTC_Config	8	static
main.c:1158:13:RTC_TimeStampConfig	32	static
main.c:1198:6:RTC_TimeRegulate	40	static
main.c:1221:6:HAL_GPIO_EXTI_Callback	16	static
main.c:1230:13:Error_Handler	4	static
