Archive member included to satisfy reference by file (symbol)

c:/st/stm32cubeide_1.7.0/stm32cubeide/plugins/com.st.stm32cube.ide.mcu.externaltools.gnu-tools-for-stm32.9-2020-q2-update.win32_2.0.0.202105311346/tools/bin/../lib/gcc/arm-none-eabi/9.3.1/../../../../arm-none-eabi/lib/thumb/v7e-m+fp/hard\libc_nano.a(lib_a-errno.o)
                              ./DataLog/User/syscalls.o (__errno)
c:/st/stm32cubeide_1.7.0/stm32cubeide/plugins/com.st.stm32cube.ide.mcu.externaltools.gnu-tools-for-stm32.9-2020-q2-update.win32_2.0.0.202105311346/tools/bin/../lib/gcc/arm-none-eabi/9.3.1/../../../../arm-none-eabi/lib/thumb/v7e-m+fp/hard\libc_nano.a(lib_a-exit.o)
                              c:/st/stm32cubeide_1.7.0/stm32cubeide/plugins/com.st.stm32cube.ide.mcu.externaltools.gnu-tools-for-stm32.9-2020-q2-update.win32_2.0.0.202105311346/tools/bin/../lib/gcc/arm-none-eabi/9.3.1/../../../../arm-none-eabi/lib/thumb/v7e-m+fp/hard/crt0.o (exit)
c:/st/stm32cubeide_1.7.0/stm32cubeide/plugins/com.st.stm32cube.ide.mcu.externaltools.gnu-tools-for-stm32.9-2020-q2-update.win32_2.0.0.202105311346/tools/bin/../lib/gcc/arm-none-eabi/9.3.1/../../../../arm-none-eabi/lib/thumb/v7e-m+fp/hard\libc_nano.a(lib_a-impure.o)
                              c:/st/stm32cubeide_1.7.0/stm32cubeide/plugins/com.st.stm32cube.ide.mcu.externaltools.gnu-tools-for-stm32.9-2020-q2-update.win32_2.0.0.202105311346/tools/bin/../lib/gcc/arm-none-eabi/9.3.1/../../../../arm-none-eabi/lib/thumb/v7e-m+fp/hard\libc_nano.a(lib_a-exit.o) (_global_impure_ptr)
c:/st/stm32cubeide_1.7.0/stm32cubeide/plugins/com.st.stm32cube.ide.mcu.externaltools.gnu-tools-for-stm32.9-2020-q2-update.win32_2.0.0.202105311346/tools/bin/../lib/gcc/arm-none-eabi/9.3.1/../../../../arm-none-eabi/lib/thumb/v7e-m+fp/hard\libc_nano.a(lib_a-init.o)
                              c:/st/stm32cubeide_1.7.0/stm32cubeide/plugins/com.st.stm32cube.ide.mcu.externaltools.gnu-tools-for-stm32.9-2020-q2-update.win32_2.0.0.202105311346/tools/bin/../lib/gcc/arm-none-eabi/9.3.1/../../../../arm-none-eabi/lib/thumb/v7e-m+fp/hard/crt0.o (__libc_init_array)
c:/st/stm32cubeide_1.7.0/stm32cubeide/plugins/com.st.stm32cube.ide.mcu.externaltools.gnu-tools-for-stm32.9-2020-q2-update.win32_2.0.0.202105311346/tools/bin/../lib/gcc/arm-none-eabi/9.3.1/../../../../arm-none-eabi/lib/thumb/v7e-m+fp/hard\libc_nano.a(lib_a-malloc.o)
                              ./Middlewares/FatFs/syscall.o (malloc)
c:/st/stm32cubeide_1.7.0/stm32cubeide/plugins/com.st.stm32cube.ide.mcu.externaltools.gnu-tools-for-stm32.9-2020-q2-update.win32_2.0.0.202105311346/tools/bin/../lib/gcc/arm-none-eabi/9.3.1/../../../../arm-none-eabi/lib/thumb/v7e-m+fp/hard\libc_nano.a(lib_a-memcpy-stub.o)
                              ./DataLog/User/datalog_application.o (memcpy)
c:/st/stm32cubeide_1.7.0/stm32cubeide/plugins/com.st.stm32cube.ide.mcu.externaltools.gnu-tools-for-stm32.9-2020-q2-update.win32_2.0.0.202105311346/tools/bin/../lib/gcc/arm-none-eabi/9.3.1/../../../../arm-none-eabi/lib/thumb/v7e-m+fp/hard\libc_nano.a(lib_a-memset.o)
                              c:/st/stm32cubeide_1.7.0/stm32cubeide/plugins/com.st.stm32cube.ide.mcu.externaltools.gnu-tools-for-stm32.9-2020-q2-update.win32_2.0.0.202105311346/tools/bin/../lib/gcc/arm-none-eabi/9.3.1/../../../../arm-none-eabi/lib/thumb/v7e-m+fp/hard/crt0.o (memset)
c:/st/stm32cubeide_1.7.0/stm32cubeide/plugins/com.st.stm32cube.ide.mcu.externaltools.gnu-tools-for-stm32.9-2020-q2-update.win32_2.0.0.202105311346/tools/bin/../lib/gcc/arm-none-eabi/9.3.1/../../../../arm-none-eabi/lib/thumb/v7e-m+fp/hard\libc_nano.a(lib_a-nano-freer.o)
                              c:/st/stm32cubeide_1.7.0/stm32cubeide/plugins/com.st.stm32cube.ide.mcu.externaltools.gnu-tools-for-stm32.9-2020-q2-update.win32_2.0.0.202105311346/tools/bin/../lib/gcc/arm-none-eabi/9.3.1/../../../../arm-none-eabi/lib/thumb/v7e-m+fp/hard\libc_nano.a(lib_a-malloc.o) (_free_r)
c:/st/stm32cubeide_1.7.0/stm32cubeide/plugins/com.st.stm32cube.ide.mcu.externaltools.gnu-tools-for-stm32.9-2020-q2-update.win32_2.0.0.202105311346/tools/bin/../lib/gcc/arm-none-eabi/9.3.1/../../../../arm-none-eabi/lib/thumb/v7e-m+fp/hard\libc_nano.a(lib_a-nano-mallocr.o)
                              c:/st/stm32cubeide_1.7.0/stm32cubeide/plugins/com.st.stm32cube.ide.mcu.externaltools.gnu-tools-for-stm32.9-2020-q2-update.win32_2.0.0.202105311346/tools/bin/../lib/gcc/arm-none-eabi/9.3.1/../../../../arm-none-eabi/lib/thumb/v7e-m+fp/hard\libc_nano.a(lib_a-malloc.o) (_malloc_r)
c:/st/stm32cubeide_1.7.0/stm32cubeide/plugins/com.st.stm32cube.ide.mcu.externaltools.gnu-tools-for-stm32.9-2020-q2-update.win32_2.0.0.202105311346/tools/bin/../lib/gcc/arm-none-eabi/9.3.1/../../../../arm-none-eabi/lib/thumb/v7e-m+fp/hard\libc_nano.a(lib_a-nano-vfprintf_float.o)
                              (_printf_float)
[...]
Memory Configuration

Name             Origin             Length             Attributes
FLASH            0x0000000008004000 0x0000000000040000 xr
RAM              0x0000000020000000 0x0000000000018000 xrw
SRAM2            0x0000000010000000 0x0000000000008000 xrw
*default*        0x0000000000000000 0xffffffffffffffff

Linker script and memory map

LOAD c:/st/stm32cubeide_1.7.0/stm32cubeide/plugins/com.st.stm32cube.ide.mcu.externaltools.gnu-tools-for-stm32.9-2020-q2-update.win32_2.0.0.202105311346/tools/bin/../lib/gcc/arm-none-eabi/9.3.1/thumb/v7e-m+fp/hard/crti.o
LOAD c:/st/stm32cubeide_1.7.0/stm32cubeide/plugins/com.st.stm32cube.ide.mcu.externaltools.gnu-tools-for-stm32.9-2020-q2-update.win32_2.0.0.202105311346/tools/bin/../lib/gcc/arm-none-eabi/9.3.1/thumb/v7e-m+fp/hard/crtbegin.o
LOAD c:/st/stm32cubeide_1.7.0/stm32cubeide/plugins/com.st.stm32cube.ide.mcu.externaltools.gnu-tools-for-stm32.9-2020-q2-update.win32_2.0.0.202105311346/tools/bin/../lib/gcc/arm-none-eabi/9.3.1/../../../../arm-none-eabi/lib/thumb/v7e-m+fp/hard/crt0.o
LOAD ./DataLog/SW4STM32/startup_stm32l476xx.o
LOAD ./DataLog/User/cube_hal_l4.o
LOAD ./DataLog/User/datalog_application.o
LOAD ./DataLog/User/embeddedML.o
LOAD ./DataLog/User/main.o
LOAD ./DataLog/User/stm32l4xx_hal_msp.o
LOAD ./DataLog/User/stm32l4xx_it.o
LOAD ./DataLog/User/syscalls.o
LOAD ./DataLog/User/usbd_cdc_interface.o
LOAD ./DataLog/User/usbd_conf.o
LOAD ./DataLog/User/usbd_desc.o
LOAD ./Drivers/BSP/Components/HTS221_Driver.o
LOAD ./Drivers/BSP/Components/HTS221_Driver_HL.o
LOAD ./Drivers/BSP/Components/LPS22HB_Driver.o
LOAD ./Drivers/BSP/Components/LPS22HB_Driver_HL.o
LOAD ./Drivers/BSP/Components/LSM303AGR_ACC_driver.o
LOAD ./Drivers/BSP/Components/LSM303AGR_ACC_driver_HL.o
LOAD ./Drivers/BSP/Components/LSM303AGR_MAG_driver.o
LOAD ./Drivers/BSP/Components/LSM303AGR_MAG_driver_HL.o
LOAD ./Drivers/BSP/Components/LSM6DSM_ACC_GYRO_driver.o
LOAD ./Drivers/BSP/Components/LSM6DSM_ACC_GYRO_driver_HL.o
LOAD ./Drivers/BSP/Components/STC3115_Driver.o
LOAD ./Drivers/BSP/SensorTile/SensorTile.o
LOAD ./Drivers/BSP/SensorTile/SensorTile_accelero.o
LOAD ./Drivers/BSP/SensorTile/SensorTile_gg.o
LOAD ./Drivers/BSP/SensorTile/SensorTile_gyro.o
LOAD ./Drivers/BSP/SensorTile/SensorTile_humidity.o
LOAD ./Drivers/BSP/SensorTile/SensorTile_magneto.o
LOAD ./Drivers/BSP/SensorTile/SensorTile_pressure.o
LOAD ./Drivers/BSP/SensorTile/SensorTile_sd.o
LOAD ./Drivers/BSP/SensorTile/SensorTile_temperature.o
LOAD ./Drivers/CMSIS/system_stm32l4xx.o
LOAD ./Drivers/STM32L4xx_HAL_Driver/stm32l4xx_hal.o
LOAD ./Drivers/STM32L4xx_HAL_Driver/stm32l4xx_hal_cortex.o
LOAD ./Drivers/STM32L4xx_HAL_Driver/stm32l4xx_hal_dma.o
LOAD ./Drivers/STM32L4xx_HAL_Driver/stm32l4xx_hal_gpio.o
LOAD ./Drivers/STM32L4xx_HAL_Driver/stm32l4xx_hal_i2c.o
LOAD ./Drivers/STM32L4xx_HAL_Driver/stm32l4xx_hal_i2c_ex.o
LOAD ./Drivers/STM32L4xx_HAL_Driver/stm32l4xx_hal_pcd.o
LOAD ./Drivers/STM32L4xx_HAL_Driver/stm32l4xx_hal_pcd_ex.o
LOAD ./Drivers/STM32L4xx_HAL_Driver/stm32l4xx_hal_pwr.o
LOAD ./Drivers/STM32L4xx_HAL_Driver/stm32l4xx_hal_pwr_ex.o
LOAD ./Drivers/STM32L4xx_HAL_Driver/stm32l4xx_hal_rcc.o
LOAD ./Drivers/STM32L4xx_HAL_Driver/stm32l4xx_hal_rcc_ex.o
LOAD ./Drivers/STM32L4xx_HAL_Driver/stm32l4xx_hal_rtc.o
LOAD ./Drivers/STM32L4xx_HAL_Driver/stm32l4xx_hal_rtc_ex.o
LOAD ./Drivers/STM32L4xx_HAL_Driver/stm32l4xx_hal_spi.o
LOAD ./Drivers/STM32L4xx_HAL_Driver/stm32l4xx_hal_spi_ex.o
LOAD ./Drivers/STM32L4xx_HAL_Driver/stm32l4xx_hal_tim.o
LOAD ./Drivers/STM32L4xx_HAL_Driver/stm32l4xx_hal_tim_ex.o
LOAD ./Drivers/STM32L4xx_HAL_Driver/stm32l4xx_ll_usb.o
LOAD ./Middlewares/FatFs/diskio.o
LOAD ./Middlewares/FatFs/ff.o
LOAD ./Middlewares/FatFs/ff_gen_drv.o
LOAD ./Middlewares/FatFs/sd_diskio.o
LOAD ./Middlewares/FatFs/syscall.o
LOAD ./Middlewares/FatFs/unicode.o
LOAD ./Middlewares/STM32_USBD_Library/Class/usbd_cdc.o
LOAD ./Middlewares/STM32_USBD_Library/Core/usbd_core.o
LOAD ./Middlewares/STM32_USBD_Library/Core/usbd_ctlreq.o
LOAD ./Middlewares/STM32_USBD_Library/Core/usbd_ioreq.o
START GROUP
LOAD c:/st/stm32cubeide_1.7.0/stm32cubeide/plugins/com.st.stm32cube.ide.mcu.externaltools.gnu-tools-for-stm32.9-2020-q2-update.win32_2.0.0.202105311346/tools/bin/../lib/gcc/arm-none-eabi/9.3.1/../../../../arm-none-eabi/lib/thumb/v7e-m+fp/hard\libc_nano.a
LOAD c:/st/stm32cubeide_1.7.0/stm32cubeide/plugins/com.st.stm32cube.ide.mcu.externaltools.gnu-tools-for-stm32.9-2020-q2-update.win32_2.0.0.202105311346/tools/bin/../lib/gcc/arm-none-eabi/9.3.1/../../../../arm-none-eabi/lib/thumb/v7e-m+fp/hard\libm.a
END GROUP
START GROUP
LOAD c:/st/stm32cubeide_1.7.0/stm32cubeide/plugins/com.st.stm32cube.ide.mcu.externaltools.gnu-tools-for-stm32.9-2020-q2-update.win32_2.0.0.202105311346/tools/bin/../lib/gcc/arm-none-eabi/9.3.1/thumb/v7e-m+fp/hard\libgcc.a
LOAD c:/st/stm32cubeide_1.7.0/stm32cubeide/plugins/com.st.stm32cube.ide.mcu.externaltools.gnu-tools-for-stm32.9-2020-q2-update.win32_2.0.0.202105311346/tools/bin/../lib/gcc/arm-none-eabi/9.3.1/../../../../arm-none-eabi/lib/thumb/v7e-m+fp/hard\libc_nano.a
END GROUP
START GROUP
LOAD c:/st/stm32cubeide_1.7.0/stm32cubeide/plugins/com.st.stm32cube.ide.mcu.externaltools.gnu-tools-for-stm32.9-2020-q2-update.win32_2.0.0.202105311346/tools/bin/../lib/gcc/arm-none-eabi/9.3.1/thumb/v7e-m+fp/hard\libgcc.a
LOAD c:/st/stm32cubeide_1.7.0/stm32cubeide/plugins/com.st.stm32cube.ide.mcu.externaltools.gnu-tools-for-stm32.9-2020-q2-update.win32_2.0.0.202105311346/tools/bin/../lib/gcc/arm-none-eabi/9.3.1/../../../../arm-none-eabi/lib/thumb/v7e-m+fp/hard\libc_nano.a
END GROUP
LOAD c:/st/stm32cubeide_1.7.0/stm32cubeide/plugins/com.st.stm32cube.ide.mcu.externaltools.gnu-tools-for-stm32.9-2020-q2-update.win32_2.0.0.202105311346/tools/bin/../lib/gcc/arm-none-eabi/9.3.1/thumb/v7e-m+fp/hard/crtend.o
LOAD c:/st/stm32cubeide_1.7.0/stm32cubeide/plugins/com.st.stm32cube.ide.mcu.externaltools.gnu-tools-for-stm32.9-2020-q2-update.win32_2.0.0.202105311346/tools/bin/../lib/gcc/arm-none-eabi/9.3.1/thumb/v7e-m+fp/hard/crtn.o
                0x0000000020017fff                _estack = 0x20017fff
                0x0000000000002000                _Min_Heap_Size = 0x2000
                0x0000000000002000                _Min_Stack_Size = 0x2000

.isr_vector     0x0000000008004000      0x188
                0x0000000008004000                . = ALIGN (0x8)
 *(.isr_vector)
 .isr_vector    0x0000000008004000      0x188 ./DataLog/SW4STM32/startup_stm32l476xx.o
                0x0000000008004000                g_pfnVectors
                0x0000000008004188                . = ALIGN (0x8)

.text           0x0000000008004190    0x1d830
                0x0000000008004190                . = ALIGN (0x8)
 *(.text)
 .text          0x0000000008004190       0x40 c:/st/stm32cubeide_1.7.0/stm32cubeide/plugins/com.st.stm32cube.ide.mcu.externaltools.gnu-tools-for-stm32.9-2020-q2-update.win32_2.0.0.202105311346/tools/bin/../lib/gcc/arm-none-eabi/9.3.1/thumb/v7e-m+fp/hard/crtbegin.o
 .text          0x00000000080041d0       0x10 c:/st/stm32cubeide_1.7.0/stm32cubeide/plugins/com.st.stm32cube.ide.mcu.externaltools.gnu-tools-for-stm32.9-2020-q2-update.win32_2.0.0.202105311346/tools/bin/../lib/gcc/arm-none-eabi/9.3.1/../../../../arm-none-eabi/lib/thumb/v7e-m+fp/hard\libc_nano.a(lib_a-strlen.o)
                0x00000000080041d0                strlen
 .text          0x00000000080041e0       0xa0 c:/st/stm32cubeide_1.7.0/stm32cubeide/plugins/com.st.stm32cube.ide.mcu.externaltools.gnu-tools-for-stm32.9-2020-q2-update.win32_2.0.0.202105311346/tools/bin/../lib/gcc/arm-none-eabi/9.3.1/../../../../arm-none-eabi/lib/thumb/v7e-m+fp/hard\libc_nano.a(lib_a-memchr.o)
                0x00000000080041e0                memchr
 .text          0x0000000008004280      0x378 c:/st/stm32cubeide_1.7.0/stm32cubeide/plugins/com.st.stm32cube.ide.mcu.externaltools.gnu-tools-for-stm32.9-2020-q2-update.win32_2.0.0.202105311346/tools/bin/../lib/gcc/arm-none-eabi/9.3.1/thumb/v7e-m+fp/hard\libgcc.a(_arm_addsubdf3.o)
                0x0000000008004280                __aeabi_drsub
                0x0000000008004288                __aeabi_dsub
                0x0000000008004288                __subdf3
                0x000000000800428c                __aeabi_dadd
                0x000000000800428c                __adddf3
                0x0000000008004504                __floatunsidf
                0x0000000008004504                __aeabi_ui2d
                0x0000000008004524                __floatsidf
                0x0000000008004524                __aeabi_i2d
                0x0000000008004548                __aeabi_f2d
                0x0000000008004548                __extendsfdf2
                0x000000000800458c                __floatundidf
                0x000000000800458c                __aeabi_ul2d
                0x000000000800459c                __floatdidf
                0x000000000800459c                __aeabi_l2d
 .text          0x00000000080045f8      0x424 c:/st/stm32cubeide_1.7.0/stm32cubeide/plugins/com.st.stm32cube.ide.mcu.externaltools.gnu-tools-for-stm32.9-2020-q2-update.win32_2.0.0.202105311346/tools/bin/../lib/gcc/arm-none-eabi/9.3.1/thumb/v7e-m+fp/hard\libgcc.a(_arm_muldivdf3.o)
                0x00000000080045f8                __aeabi_dmul
                0x00000000080045f8                __muldf3
                0x000000000800484c                __divdf3
                0x000000000800484c                __aeabi_ddiv
 .text          0x0000000008004a1c      0x110 c:/st/stm32cubeide_1.7.0/stm32cubeide/plugins/com.st.stm32cube.ide.mcu.externaltools.gnu-tools-for-stm32.9-2020-q2-update.win32_2.0.0.202105311346/tools/bin/../lib/gcc/arm-none-eabi/9.3.1/thumb/v7e-m+fp/hard\libgcc.a(_arm_cmpdf2.o)
                0x0000000008004a1c                __gtdf2
                0x0000000008004a1c                __gedf2
                0x0000000008004a24                __ltdf2
                0x0000000008004a24                __ledf2
                0x0000000008004a2c                __nedf2
                0x0000000008004a2c                __eqdf2
                0x0000000008004a2c                __cmpdf2
                0x0000000008004aa8                __aeabi_cdrcmple
                0x0000000008004ab8                __aeabi_cdcmpeq
                0x0000000008004ab8                __aeabi_cdcmple
                0x0000000008004ac8                __aeabi_dcmpeq
                0x0000000008004adc                __aeabi_dcmplt
                0x0000000008004af0                __aeabi_dcmple
                0x0000000008004b04                __aeabi_dcmpge
                0x0000000008004b18                __aeabi_dcmpgt
 .text          0x0000000008004b2c       0x2c c:/st/stm32cubeide_1.7.0/stm32cubeide/plugins/com.st.stm32cube.ide.mcu.externaltools.gnu-tools-for-stm32.9-2020-q2-update.win32_2.0.0.202105311346/tools/bin/../lib/gcc/arm-none-eabi/9.3.1/thumb/v7e-m+fp/hard\libgcc.a(_arm_unorddf2.o)
                0x0000000008004b2c                __unorddf2
                0x0000000008004b2c                __aeabi_dcmpun
 .text          0x0000000008004b58       0x50 c:/st/stm32cubeide_1.7.0/stm32cubeide/plugins/com.st.stm32cube.ide.mcu.externaltools.gnu-tools-for-stm32.9-2020-q2-update.win32_2.0.0.202105311346/tools/bin/../lib/gcc/arm-none-eabi/9.3.1/thumb/v7e-m+fp/hard\libgcc.a(_arm_fixdfsi.o)
                0x0000000008004b58                __aeabi_d2iz
                0x0000000008004b58                __fixdfsi
 .text          0x0000000008004ba8       0x40 c:/st/stm32cubeide_1.7.0/stm32cubeide/plugins/com.st.stm32cube.ide.mcu.externaltools.gnu-tools-for-stm32.9-2020-q2-update.win32_2.0.0.202105311346/tools/bin/../lib/gcc/arm-none-eabi/9.3.1/thumb/v7e-m+fp/hard\libgcc.a(_arm_fixunsdfsi.o)
                0x0000000008004ba8                __aeabi_d2uiz
                0x0000000008004ba8                __fixunsdfsi
 .text          0x0000000008004be8       0xa0 c:/st/stm32cubeide_1.7.0/stm32cubeide/plugins/com.st.stm32cube.ide.mcu.externaltools.gnu-tools-for-stm32.9-2020-q2-update.win32_2.0.0.202105311346/tools/bin/../lib/gcc/arm-none-eabi/9.3.1/thumb/v7e-m+fp/hard\libgcc.a(_arm_truncdfsf2.o)
                0x0000000008004be8                __truncdfsf2
                0x0000000008004be8                __aeabi_d2f
 .text          0x0000000008004c88       0xa0 c:/st/stm32cubeide_1.7.0/stm32cubeide/plugins/com.st.stm32cube.ide.mcu.externaltools.gnu-tools-for-stm32.9-2020-q2-update.win32_2.0.0.202105311346/tools/bin/../lib/gcc/arm-none-eabi/9.3.1/thumb/v7e-m+fp/hard\libgcc.a(_aeabi_ldivmod.o)
                0x0000000008004c88                __aeabi_ldivmod
 .text          0x0000000008004d28       0x30 c:/st/stm32cubeide_1.7.0/stm32cubeide/plugins/com.st.stm32cube.ide.mcu.externaltools.gnu-tools-for-stm32.9-2020-q2-update.win32_2.0.0.202105311346/tools/bin/../lib/gcc/arm-none-eabi/9.3.1/thumb/v7e-m+fp/hard\libgcc.a(_fixdfdi.o)
                0x0000000008004d28                __fixdfdi
                0x0000000008004d28                __aeabi_d2lz
 .text          0x0000000008004d58       0x3c c:/st/stm32cubeide_1.7.0/stm32cubeide/plugins/com.st.stm32cube.ide.mcu.externaltools.gnu-tools-for-stm32.9-2020-q2-update.win32_2.0.0.202105311346/tools/bin/../lib/gcc/arm-none-eabi/9.3.1/thumb/v7e-m+fp/hard\libgcc.a(_fixunsdfdi.o)
                0x0000000008004d58                __fixunsdfdi
                0x0000000008004d58                __aeabi_d2ulz
 .text          0x0000000008004d94      0x2c4 c:/st/stm32cubeide_1.7.0/stm32cubeide/plugins/com.st.stm32cube.ide.mcu.externaltools.gnu-tools-for-stm32.9-2020-q2-update.win32_2.0.0.202105311346/tools/bin/../lib/gcc/arm-none-eabi/9.3.1/thumb/v7e-m+fp/hard\libgcc.a(_udivmoddi4.o)
                0x0000000008004d94                __udivmoddi4
 .text          0x0000000008005058        0x4 c:/st/stm32cubeide_1.7.0/stm32cubeide/plugins/com.st.stm32cube.ide.mcu.externaltools.gnu-tools-for-stm32.9-2020-q2-update.win32_2.0.0.202105311346/tools/bin/../lib/gcc/arm-none-eabi/9.3.1/thumb/v7e-m+fp/hard\libgcc.a(_dvmd_tls.o)
                0x0000000008005058                __aeabi_idiv0
                0x0000000008005058                __aeabi_ldiv0
 *(.text*)
 .text.Reset_Handler
                0x000000000800505c       0x50 ./DataLog/SW4STM32/startup_stm32l476xx.o
                0x000000000800505c                Reset_Handler
 .text.Default_Handler
                0x00000000080050ac        0x2 ./DataLog/SW4STM32/startup_stm32l476xx.o
                0x00000000080050ac                RTC_Alarm_IRQHandler
                0x00000000080050ac                TIM8_TRG_COM_IRQHandler
                0x00000000080050ac                TIM8_CC_IRQHandler
                0x00000000080050ac                TIM1_CC_IRQHandler
                0x00000000080050ac                TSC_IRQHandler
                0x00000000080050ac                TAMP_STAMP_IRQHandler
                0x00000000080050ac                PendSV_Handler
                0x00000000080050ac                EXTI3_IRQHandler
                0x00000000080050ac                LPTIM2_IRQHandler
                0x00000000080050ac                DFSDM1_FLT1_IRQHandler
                0x00000000080050ac                I2C3_ER_IRQHandler
                0x00000000080050ac                DFSDM1_FLT2_IRQHandler
                0x00000000080050ac                EXTI0_IRQHandler
                0x00000000080050ac                I2C2_EV_IRQHandler
                0x00000000080050ac                CAN1_RX0_IRQHandler
                0x00000000080050ac                FPU_IRQHandler
                0x00000000080050ac                TIM1_UP_TIM16_IRQHandler
                0x00000000080050ac                UsageFault_Handler
                0x00000000080050ac                ADC1_2_IRQHandler
                0x00000000080050ac                SPI1_IRQHandler
                0x00000000080050ac                TIM6_DAC_IRQHandler
                0x00000000080050ac                TIM8_UP_IRQHandler
                0x00000000080050ac                DMA2_Channel2_IRQHandler
                0x00000000080050ac                DMA1_Channel4_IRQHandler
                0x00000000080050ac                SAI2_IRQHandler
                0x00000000080050ac                DFSDM1_FLT3_IRQHandler
                0x00000000080050ac                USART3_IRQHandler
                0x00000000080050ac                DMA1_Channel7_IRQHandler
                0x00000000080050ac                CAN1_RX1_IRQHandler
                0x00000000080050ac                LCD_IRQHandler
                0x00000000080050ac                UART5_IRQHandler
                0x00000000080050ac                ADC3_IRQHandler
                0x00000000080050ac                TIM4_IRQHandler
                0x00000000080050ac                DMA2_Channel1_IRQHandler
                0x00000000080050ac                QUADSPI_IRQHandler
                0x00000000080050ac                I2C1_EV_IRQHandler
                0x00000000080050ac                DMA1_Channel6_IRQHandler
                0x00000000080050ac                UART4_IRQHandler
                0x00000000080050ac                DMA2_Channel4_IRQHandler
                0x00000000080050ac                RCC_IRQHandler
                0x00000000080050ac                DMA1_Channel1_IRQHandler
                0x00000000080050ac                Default_Handler
                0x00000000080050ac                DMA2_Channel7_IRQHandler
                0x00000000080050ac                EXTI15_10_IRQHandler
                0x00000000080050ac                TIM7_IRQHandler
                0x00000000080050ac                SDMMC1_IRQHandler
                0x00000000080050ac                TIM5_IRQHandler
                0x00000000080050ac                I2C3_EV_IRQHandler
                0x00000000080050ac                EXTI9_5_IRQHandler
                0x00000000080050ac                RTC_WKUP_IRQHandler
                0x00000000080050ac                PVD_PVM_IRQHandler
                0x00000000080050ac                SPI2_IRQHandler
                0x00000000080050ac                MemManage_Handler
                0x00000000080050ac                CAN1_TX_IRQHandler
                0x00000000080050ac                SVC_Handler
                0x00000000080050ac                DMA2_Channel5_IRQHandler
                0x00000000080050ac                DMA1_Channel5_IRQHandler
                0x00000000080050ac                EXTI4_IRQHandler
                0x00000000080050ac                RNG_IRQHandler
                0x00000000080050ac                TIM1_TRG_COM_TIM17_IRQHandler
                0x00000000080050ac                DMA1_Channel3_IRQHandler
                0x00000000080050ac                COMP_IRQHandler
                0x00000000080050ac                WWDG_IRQHandler
                0x00000000080050ac                LPUART1_IRQHandler
                0x00000000080050ac                DMA2_Channel6_IRQHandler
                0x00000000080050ac                TIM2_IRQHandler
                0x00000000080050ac                EXTI1_IRQHandler
                0x00000000080050ac                USART2_IRQHandler
                0x00000000080050ac                DFSDM1_FLT0_IRQHandler
                0x00000000080050ac                I2C2_ER_IRQHandler
                0x00000000080050ac                DMA1_Channel2_IRQHandler
                0x00000000080050ac                TIM8_BRK_IRQHandler
                0x00000000080050ac                CAN1_SCE_IRQHandler
                0x00000000080050ac                FLASH_IRQHandler
                0x00000000080050ac                BusFault_Handler
                0x00000000080050ac                USART1_IRQHandler
                0x00000000080050ac                SPI3_IRQHandler
                0x00000000080050ac                I2C1_ER_IRQHandler
                0x00000000080050ac                FMC_IRQHandler
                0x00000000080050ac                SWPMI1_IRQHandler
                0x00000000080050ac                LPTIM1_IRQHandler
                0x00000000080050ac                SAI1_IRQHandler
                0x00000000080050ac                DMA2_Channel3_IRQHandler
                0x00000000080050ac                TIM1_BRK_TIM15_IRQHandler
 *fill*         0x00000000080050ae        0x2 
 .text.SystemClock_Config
                0x00000000080050b0      0x144 ./DataLog/User/cube_hal_l4.o
                0x00000000080050b0                SystemClock_Config
 .text.Error_Handler
                0x00000000080051f4        0x6 ./DataLog/User/cube_hal_l4.o
 *fill*         0x00000000080051fa        0x2 
 .text.DATALOG_SD_Init
                0x00000000080051fc       0x54 ./DataLog/User/datalog_application.o
                0x00000000080051fc                DATALOG_SD_Init
 .text.BP_ANN   0x0000000008005250      0x7ee ./DataLog/User/embeddedML.o
                0x0000000008005250                BP_ANN
 .text.train_ann
                0x0000000008005a3e       0x92 ./DataLog/User/embeddedML.o
                0x0000000008005a3e                train_ann
 .text.FP_ANN   0x0000000008005ad0      0x222 ./DataLog/User/embeddedML.o
                0x0000000008005ad0                FP_ANN
 .text.run_ann  0x0000000008005cf2       0x24 ./DataLog/User/embeddedML.o
                0x0000000008005cf2                run_ann
 *fill*         0x0000000008005d16        0x2 
 .text.init_ann
                0x0000000008005d18       0x8c ./DataLog/User/embeddedML.o
                0x0000000008005d18                init_ann
 .text.fill_zeros
                0x0000000008005da4       0x3a ./DataLog/User/embeddedML.o
                0x0000000008005da4                fill_zeros
 .text.fill_number
                0x0000000008005dde       0x3c ./DataLog/User/embeddedML.o
                0x0000000008005dde                fill_number
 *fill*         0x0000000008005e1a        0x6 
 .text.relu     0x0000000008005e20       0x88 ./DataLog/User/embeddedML.o
                0x0000000008005e20                relu
 .text.relu2    0x0000000008005ea8       0xb8 ./DataLog/User/embeddedML.o
                0x0000000008005ea8                relu2
 .text.relu_derivative
                0x0000000008005f60       0x50 ./DataLog/User/embeddedML.o
                0x0000000008005f60                relu_derivative
 .text.relu2_derivative
                0x0000000008005fb0       0x50 ./DataLog/User/embeddedML.o
                0x0000000008005fb0                relu2_derivative
 .text.motion_softmax
                0x0000000008006000      0x24e ./DataLog/User/main.o
                0x0000000008006000                motion_softmax
 .text.LED_Code_Blink
                0x000000000800624e       0xa4 ./DataLog/User/main.o
                0x000000000800624e                LED_Code_Blink
 .text.getAccel
                0x00000000080062f2       0x64 ./DataLog/User/main.o
                0x00000000080062f2                getAccel
 .text.getAngularVelocity
                0x0000000008006356       0x64 ./DataLog/User/main.o
                0x0000000008006356                getAngularVelocity
 *fill*         0x00000000080063ba        0x6 
 .text.Feature_Extraction_State_0
                0x00000000080063c0      0x188 ./DataLog/User/main.o
                0x00000000080063c0                Feature_Extraction_State_0
 .text.Feature_Extraction_State_1
                0x0000000008006548      0x37c ./DataLog/User/main.o
                0x0000000008006548                Feature_Extraction_State_1
 *fill*         0x00000000080068c4        0x4 
 .text.printOutput_ANN
                0x00000000080068c8      0x5e8 ./DataLog/User/main.o
                0x00000000080068c8                printOutput_ANN
 .text.TrainOrientation
                0x0000000008006eb0      0xc38 ./DataLog/User/main.o
                0x0000000008006eb0                TrainOrientation
 .text.Accel_Gyro_Sensor_Handler
                0x0000000008007ae8      0x51c ./DataLog/User/main.o
                0x0000000008007ae8                Accel_Gyro_Sensor_Handler
 .text.main     0x0000000008008004      0x2f0 ./DataLog/User/main.o
                0x0000000008008004                main
 .text.initializeAllSensors
                0x00000000080082f4       0xe8 ./DataLog/User/main.o
 .text.enableAllSensors
                0x00000000080083dc       0x88 ./DataLog/User/main.o
                0x00000000080083dc                enableAllSensors
 .text.RTC_Config
                0x0000000008008464       0x4c ./DataLog/User/main.o
 .text.RTC_TimeStampConfig
                0x00000000080084b0       0x68 ./DataLog/User/main.o
 .text.HAL_GPIO_EXTI_Callback
                0x0000000008008518       0x20 ./DataLog/User/main.o
                0x0000000008008518                HAL_GPIO_EXTI_Callback
 .text.Error_Handler
                0x0000000008008538        0x6 ./DataLog/User/main.o
 *fill*         0x000000000800853e        0x2 
 .text.HAL_RTC_MspInit
                0x0000000008008540       0x34 ./DataLog/User/stm32l4xx_hal_msp.o
                0x0000000008008540                HAL_RTC_MspInit
 .text.NMI_Handler
                0x0000000008008574        0xe ./DataLog/User/stm32l4xx_it.o
                0x0000000008008574                NMI_Handler
 .text.HardFault_Handler
                0x0000000008008582        0x6 ./DataLog/User/stm32l4xx_it.o
                0x0000000008008582                HardFault_Handler
 .text.DebugMon_Handler
                0x0000000008008588        0xe ./DataLog/User/stm32l4xx_it.o
                0x0000000008008588                DebugMon_Handler
 .text.SysTick_Handler
                0x0000000008008596        0xc ./DataLog/User/stm32l4xx_it.o
                0x0000000008008596                SysTick_Handler
 *fill*         0x00000000080085a2        0x2 
 .text.OTG_FS_IRQHandler
                0x00000000080085a4       0x14 ./DataLog/User/stm32l4xx_it.o
                0x00000000080085a4                OTG_FS_IRQHandler
 .text.TIM3_IRQHandler
                0x00000000080085b8       0x14 ./DataLog/User/stm32l4xx_it.o
                0x00000000080085b8                TIM3_IRQHandler
 .text.EXTI2_IRQHandler
                0x00000000080085cc        0xe ./DataLog/User/stm32l4xx_it.o
                0x00000000080085cc                EXTI2_IRQHandler
 *fill*         0x00000000080085da        0x2 
 .text._sbrk    0x00000000080085dc       0x58 ./DataLog/User/syscalls.o
                0x00000000080085dc                _sbrk
 .text._getpid  0x0000000008008634       0x10 ./DataLog/User/syscalls.o
                0x0000000008008634                _getpid
 .text._kill    0x0000000008008644       0x20 ./DataLog/User/syscalls.o
                0x0000000008008644                _kill
 .text._exit    0x0000000008008664       0x14 ./DataLog/User/syscalls.o
                0x0000000008008664                _exit
 .text._write   0x0000000008008678       0x38 ./DataLog/User/syscalls.o
                0x0000000008008678                _write
 .text._close   0x00000000080086b0       0x18 ./DataLog/User/syscalls.o
                0x00000000080086b0                _close
 .text._fstat   0x00000000080086c8       0x20 ./DataLog/User/syscalls.o
                0x00000000080086c8                _fstat
 .text._isatty  0x00000000080086e8       0x16 ./DataLog/User/syscalls.o
                0x00000000080086e8                _isatty
 .text._lseek   0x00000000080086fe       0x1a ./DataLog/User/syscalls.o
                0x00000000080086fe                _lseek
 .text._read    0x0000000008008718       0x22 ./DataLog/User/syscalls.o
                0x0000000008008718                _read
 *fill*         0x000000000800873a        0x2 
 .text.CDC_Itf_Init
                0x000000000800873c       0x74 ./DataLog/User/usbd_cdc_interface.o
 .text.CDC_Itf_DeInit
                0x00000000080087b0       0x10 ./DataLog/User/usbd_cdc_interface.o
 .text.CDC_Itf_Control
                0x00000000080087c0      0x15c ./DataLog/User/usbd_cdc_interface.o
 .text.CDC_Fill_Buffer
                0x000000000800891c       0x54 ./DataLog/User/usbd_cdc_interface.o
                0x000000000800891c                CDC_Fill_Buffer
 .text.HAL_TIM_PeriodElapsedCallback
                0x0000000008008970       0x90 ./DataLog/User/usbd_cdc_interface.o
                0x0000000008008970                HAL_TIM_PeriodElapsedCallback
 .text.CDC_Itf_Receive
                0x0000000008008a00       0x18 ./DataLog/User/usbd_cdc_interface.o
 .text.TIM_Config
                0x0000000008008a18       0x40 ./DataLog/User/usbd_cdc_interface.o
 .text.Error_Handler
                0x0000000008008a58        0xe ./DataLog/User/usbd_cdc_interface.o
 *fill*         0x0000000008008a66        0x2 
 .text.HAL_PCD_MspInit
                0x0000000008008a68       0x78 ./DataLog/User/usbd_conf.o
                0x0000000008008a68                HAL_PCD_MspInit
 .text.HAL_PCD_SetupStageCallback
                0x0000000008008ae0       0x24 ./DataLog/User/usbd_conf.o
                0x0000000008008ae0                HAL_PCD_SetupStageCallback
 .text.HAL_PCD_DataOutStageCallback
                0x0000000008008b04       0x36 ./DataLog/User/usbd_conf.o
                0x0000000008008b04                HAL_PCD_DataOutStageCallback
 .text.HAL_PCD_DataInStageCallback
                0x0000000008008b3a       0x34 ./DataLog/User/usbd_conf.o
                0x0000000008008b3a                HAL_PCD_DataInStageCallback
 .text.HAL_PCD_SOFCallback
                0x0000000008008b6e       0x1c ./DataLog/User/usbd_conf.o
                0x0000000008008b6e                HAL_PCD_SOFCallback
 .text.HAL_PCD_ResetCallback
                0x0000000008008b8a       0x2a ./DataLog/User/usbd_conf.o
                0x0000000008008b8a                HAL_PCD_ResetCallback
 .text.HAL_PCD_SuspendCallback
                0x0000000008008bb4       0x1c ./DataLog/User/usbd_conf.o
                0x0000000008008bb4                HAL_PCD_SuspendCallback
 .text.HAL_PCD_ResumeCallback
                0x0000000008008bd0       0x1c ./DataLog/User/usbd_conf.o
                0x0000000008008bd0                HAL_PCD_ResumeCallback
 .text.HAL_PCD_ISOOUTIncompleteCallback
                0x0000000008008bec       0x24 ./DataLog/User/usbd_conf.o
                0x0000000008008bec                HAL_PCD_ISOOUTIncompleteCallback
 .text.HAL_PCD_ISOINIncompleteCallback
                0x0000000008008c10       0x24 ./DataLog/User/usbd_conf.o
                0x0000000008008c10                HAL_PCD_ISOINIncompleteCallback
 .text.HAL_PCD_ConnectCallback
                0x0000000008008c34       0x1c ./DataLog/User/usbd_conf.o
                0x0000000008008c34                HAL_PCD_ConnectCallback
 .text.HAL_PCD_DisconnectCallback
                0x0000000008008c50       0x1c ./DataLog/User/usbd_conf.o
                0x0000000008008c50                HAL_PCD_DisconnectCallback
 .text.USBD_LL_Init
                0x0000000008008c6c       0x94 ./DataLog/User/usbd_conf.o
                0x0000000008008c6c                USBD_LL_Init
 .text.USBD_LL_Start
                0x0000000008008d00       0x1e ./DataLog/User/usbd_conf.o
                0x0000000008008d00                USBD_LL_Start
 .text.USBD_LL_OpenEP
                0x0000000008008d1e       0x34 ./DataLog/User/usbd_conf.o
                0x0000000008008d1e                USBD_LL_OpenEP
 .text.USBD_LL_CloseEP
                0x0000000008008d52       0x26 ./DataLog/User/usbd_conf.o
                0x0000000008008d52                USBD_LL_CloseEP
 .text.USBD_LL_StallEP
                0x0000000008008d78       0x26 ./DataLog/User/usbd_conf.o
                0x0000000008008d78                USBD_LL_StallEP
 .text.USBD_LL_ClearStallEP
                0x0000000008008d9e       0x26 ./DataLog/User/usbd_conf.o
                0x0000000008008d9e                USBD_LL_ClearStallEP
 .text.USBD_LL_IsStallEP
                0x0000000008008dc4       0x58 ./DataLog/User/usbd_conf.o
                0x0000000008008dc4                USBD_LL_IsStallEP
 .text.USBD_LL_SetUSBAddress
                0x0000000008008e1c       0x26 ./DataLog/User/usbd_conf.o
                0x0000000008008e1c                USBD_LL_SetUSBAddress
 .text.USBD_LL_Transmit
                0x0000000008008e42       0x2e ./DataLog/User/usbd_conf.o
                0x0000000008008e42                USBD_LL_Transmit
 .text.USBD_LL_PrepareReceive
                0x0000000008008e70       0x2e ./DataLog/User/usbd_conf.o
                0x0000000008008e70                USBD_LL_PrepareReceive
 .text.USBD_LL_GetRxDataSize
                0x0000000008008e9e       0x26 ./DataLog/User/usbd_conf.o
                0x0000000008008e9e                USBD_LL_GetRxDataSize
 .text.USBD_VCP_DeviceDescriptor
                0x0000000008008ec4       0x24 ./DataLog/User/usbd_desc.o
                0x0000000008008ec4                USBD_VCP_DeviceDescriptor
 .text.USBD_VCP_LangIDStrDescriptor
                0x0000000008008ee8       0x24 ./DataLog/User/usbd_desc.o
                0x0000000008008ee8                USBD_VCP_LangIDStrDescriptor
 .text.USBD_VCP_ProductStrDescriptor
                0x0000000008008f0c       0x28 ./DataLog/User/usbd_desc.o
                0x0000000008008f0c                USBD_VCP_ProductStrDescriptor
 .text.USBD_VCP_ManufacturerStrDescriptor
                0x0000000008008f34       0x28 ./DataLog/User/usbd_desc.o
                0x0000000008008f34                USBD_VCP_ManufacturerStrDescriptor
 .text.USBD_VCP_SerialStrDescriptor
                0x0000000008008f5c       0x24 ./DataLog/User/usbd_desc.o
                0x0000000008008f5c                USBD_VCP_SerialStrDescriptor
 .text.USBD_VCP_ConfigStrDescriptor
                0x0000000008008f80       0x28 ./DataLog/User/usbd_desc.o
                0x0000000008008f80                USBD_VCP_ConfigStrDescriptor
 .text.USBD_VCP_InterfaceStrDescriptor
                0x0000000008008fa8       0x28 ./DataLog/User/usbd_desc.o
                0x0000000008008fa8                USBD_VCP_InterfaceStrDescriptor
 .text.Get_SerialNum
                0x0000000008008fd0       0x58 ./DataLog/User/usbd_desc.o
 .text.IntToUnicode
                0x0000000008009028       0x7e ./DataLog/User/usbd_desc.o
 .text.HTS221_ReadReg
                0x00000000080090a6       0x32 ./Drivers/BSP/Components/HTS221_Driver.o
                0x00000000080090a6                HTS221_ReadReg
 .text.HTS221_WriteReg
                0x00000000080090d8       0x32 ./Drivers/BSP/Components/HTS221_Driver.o
                0x00000000080090d8                HTS221_WriteReg
 .text.HTS221_Get_DeviceID
                0x000000000800910a       0x2a ./Drivers/BSP/Components/HTS221_Driver.o
                0x000000000800910a                HTS221_Get_DeviceID
 .text.HTS221_Get_Humidity
                0x0000000008009134      0x150 ./Drivers/BSP/Components/HTS221_Driver.o
                0x0000000008009134                HTS221_Get_Humidity
 .text.HTS221_Get_Temperature
                0x0000000008009284      0x14a ./Drivers/BSP/Components/HTS221_Driver.o
                0x0000000008009284                HTS221_Get_Temperature
 .text.HTS221_Get_DataStatus
                0x00000000080093ce       0x48 ./Drivers/BSP/Components/HTS221_Driver.o
                0x00000000080093ce                HTS221_Get_DataStatus
 .text.HTS221_Activate
                0x0000000008009416       0x4c ./Drivers/BSP/Components/HTS221_Driver.o
                0x0000000008009416                HTS221_Activate
 .text.HTS221_DeActivate
                0x0000000008009462       0x4c ./Drivers/BSP/Components/HTS221_Driver.o
                0x0000000008009462                HTS221_DeActivate
 *fill*         0x00000000080094ae        0x2 
 .text.HTS221_Set_BduMode
                0x00000000080094b0       0x7c ./Drivers/BSP/Components/HTS221_Driver.o
                0x00000000080094b0                HTS221_Set_BduMode
 .text.HTS221_Set_Odr
                0x000000000800952c       0x80 ./Drivers/BSP/Components/HTS221_Driver.o
                0x000000000800952c                HTS221_Set_Odr
 .text.HTS221_Get_Odr
                0x00000000080095ac       0x3c ./Drivers/BSP/Components/HTS221_Driver.o
                0x00000000080095ac                HTS221_Get_Odr
 .text.HTS221_assert_failed
                0x00000000080095e8       0x1c ./Drivers/BSP/Components/HTS221_Driver.o
                0x00000000080095e8                HTS221_assert_failed
 .text.HTS221_H_Init
                0x0000000008009604       0x42 ./Drivers/BSP/Components/HTS221_Driver_HL.o
 .text.HTS221_H_DeInit
                0x0000000008009646       0x42 ./Drivers/BSP/Components/HTS221_Driver_HL.o
 .text.HTS221_H_Sensor_Enable
                0x0000000008009688       0x4e ./Drivers/BSP/Components/HTS221_Driver_HL.o
 .text.HTS221_H_Sensor_Disable
                0x00000000080096d6       0x4e ./Drivers/BSP/Components/HTS221_Driver_HL.o
 .text.HTS221_H_Get_WhoAmI
                0x0000000008009724       0x1c ./Drivers/BSP/Components/HTS221_Driver_HL.o
 .text.HTS221_H_Check_WhoAmI
                0x0000000008009740       0x18 ./Drivers/BSP/Components/HTS221_Driver_HL.o
 .text.HTS221_H_Get_Hum
                0x0000000008009758       0x1c ./Drivers/BSP/Components/HTS221_Driver_HL.o
 .text.HTS221_H_Get_ODR
                0x0000000008009774       0x1c ./Drivers/BSP/Components/HTS221_Driver_HL.o
 .text.HTS221_H_Set_ODR
                0x0000000008009790       0x20 ./Drivers/BSP/Components/HTS221_Driver_HL.o
 .text.HTS221_H_Set_ODR_Value
                0x00000000080097b0       0x20 ./Drivers/BSP/Components/HTS221_Driver_HL.o
 .text.HTS221_H_Read_Reg
                0x00000000080097d0       0x2e ./Drivers/BSP/Components/HTS221_Driver_HL.o
 .text.HTS221_H_Write_Reg
                0x00000000080097fe       0x30 ./Drivers/BSP/Components/HTS221_Driver_HL.o
 .text.HTS221_H_Get_DRDY_Status
                0x000000000800982e       0x4c ./Drivers/BSP/Components/HTS221_Driver_HL.o
 .text.HTS221_T_Init
                0x000000000800987a       0x42 ./Drivers/BSP/Components/HTS221_Driver_HL.o
 .text.HTS221_T_DeInit
                0x00000000080098bc       0x42 ./Drivers/BSP/Components/HTS221_Driver_HL.o
 .text.HTS221_T_Sensor_Enable
                0x00000000080098fe       0x4e ./Drivers/BSP/Components/HTS221_Driver_HL.o
 .text.HTS221_T_Sensor_Disable
                0x000000000800994c       0x4e ./Drivers/BSP/Components/HTS221_Driver_HL.o
 .text.HTS221_T_Get_WhoAmI
                0x000000000800999a       0x1c ./Drivers/BSP/Components/HTS221_Driver_HL.o
 .text.HTS221_T_Check_WhoAmI
                0x00000000080099b6       0x18 ./Drivers/BSP/Components/HTS221_Driver_HL.o
 .text.HTS221_T_Get_Temp
                0x00000000080099ce       0x1c ./Drivers/BSP/Components/HTS221_Driver_HL.o
 .text.HTS221_T_Get_ODR
                0x00000000080099ea       0x1c ./Drivers/BSP/Components/HTS221_Driver_HL.o
 .text.HTS221_T_Set_ODR
                0x0000000008009a06       0x20 ./Drivers/BSP/Components/HTS221_Driver_HL.o
 .text.HTS221_T_Set_ODR_Value
                0x0000000008009a26       0x20 ./Drivers/BSP/Components/HTS221_Driver_HL.o
 .text.HTS221_T_Read_Reg
                0x0000000008009a46       0x2e ./Drivers/BSP/Components/HTS221_Driver_HL.o
 .text.HTS221_T_Write_Reg
                0x0000000008009a74       0x30 ./Drivers/BSP/Components/HTS221_Driver_HL.o
 .text.HTS221_T_Get_DRDY_Status
                0x0000000008009aa4       0x4c ./Drivers/BSP/Components/HTS221_Driver_HL.o
 .text.HTS221_Init
                0x0000000008009af0       0x56 ./Drivers/BSP/Components/HTS221_Driver_HL.o
 .text.HTS221_Sensor_Enable
                0x0000000008009b46       0x22 ./Drivers/BSP/Components/HTS221_Driver_HL.o
 .text.HTS221_Sensor_Disable
                0x0000000008009b68       0x22 ./Drivers/BSP/Components/HTS221_Driver_HL.o
 .text.HTS221_Get_WhoAmI
                0x0000000008009b8a       0x26 ./Drivers/BSP/Components/HTS221_Driver_HL.o
 .text.HTS221_Check_WhoAmI
                0x0000000008009bb0       0x3a ./Drivers/BSP/Components/HTS221_Driver_HL.o
 .text.HTS221_Get_Hum
                0x0000000008009bea       0x46 ./Drivers/BSP/Components/HTS221_Driver_HL.o
 .text.HTS221_Get_Temp
                0x0000000008009c30       0x48 ./Drivers/BSP/Components/HTS221_Driver_HL.o
 .text.HTS221_Get_ODR
                0x0000000008009c78       0x80 ./Drivers/BSP/Components/HTS221_Driver_HL.o
 .text.HTS221_Set_ODR
                0x0000000008009cf8       0x6c ./Drivers/BSP/Components/HTS221_Driver_HL.o
 .text.HTS221_Set_ODR_Value
                0x0000000008009d64       0x5a ./Drivers/BSP/Components/HTS221_Driver_HL.o
 .text.HTS221_Read_Reg
                0x0000000008009dbe       0x2e ./Drivers/BSP/Components/HTS221_Driver_HL.o
 .text.HTS221_Write_Reg
                0x0000000008009dec       0x30 ./Drivers/BSP/Components/HTS221_Driver_HL.o
 .text.LPS22HB_ReadReg
                0x0000000008009e1c       0x32 ./Drivers/BSP/Components/LPS22HB_Driver.o
                0x0000000008009e1c                LPS22HB_ReadReg
 .text.LPS22HB_WriteReg
                0x0000000008009e4e       0x32 ./Drivers/BSP/Components/LPS22HB_Driver.o
                0x0000000008009e4e                LPS22HB_WriteReg
 .text.LPS22HB_Get_DeviceID
                0x0000000008009e80       0x2a ./Drivers/BSP/Components/LPS22HB_Driver.o
                0x0000000008009e80                LPS22HB_Get_DeviceID
 .text.LPS22HB_Set_PowerMode
                0x0000000008009eaa       0x5a ./Drivers/BSP/Components/LPS22HB_Driver.o
                0x0000000008009eaa                LPS22HB_Set_PowerMode
 .text.LPS22HB_Set_Odr
                0x0000000008009f04       0x5a ./Drivers/BSP/Components/LPS22HB_Driver.o
                0x0000000008009f04                LPS22HB_Set_Odr
 .text.LPS22HB_Get_Odr
                0x0000000008009f5e       0x38 ./Drivers/BSP/Components/LPS22HB_Driver.o
                0x0000000008009f5e                LPS22HB_Get_Odr
 .text.LPS22HB_Set_LowPassFilter
                0x0000000008009f96       0x62 ./Drivers/BSP/Components/LPS22HB_Driver.o
                0x0000000008009f96                LPS22HB_Set_LowPassFilter
 .text.LPS22HB_Set_LowPassFilterCutoff
                0x0000000008009ff8       0x5a ./Drivers/BSP/Components/LPS22HB_Driver.o
                0x0000000008009ff8                LPS22HB_Set_LowPassFilterCutoff
 .text.LPS22HB_Set_Bdu
                0x000000000800a052       0x5a ./Drivers/BSP/Components/LPS22HB_Driver.o
                0x000000000800a052                LPS22HB_Set_Bdu
 .text.LPS22HB_SwResetAndMemoryBoot
                0x000000000800a0ac       0x4c ./Drivers/BSP/Components/LPS22HB_Driver.o
                0x000000000800a0ac                LPS22HB_SwResetAndMemoryBoot
 .text.LPS22HB_Set_FifoModeUse
                0x000000000800a0f8       0x62 ./Drivers/BSP/Components/LPS22HB_Driver.o
                0x000000000800a0f8                LPS22HB_Set_FifoModeUse
 .text.LPS22HB_Set_FifoWatermarkLevelUse
                0x000000000800a15a       0x62 ./Drivers/BSP/Components/LPS22HB_Driver.o
                0x000000000800a15a                LPS22HB_Set_FifoWatermarkLevelUse
 .text.LPS22HB_Set_AutomaticIncrementRegAddress
                0x000000000800a1bc       0x62 ./Drivers/BSP/Components/LPS22HB_Driver.o
                0x000000000800a1bc                LPS22HB_Set_AutomaticIncrementRegAddress
 .text.LPS22HB_Set_I2C
                0x000000000800a21e       0x66 ./Drivers/BSP/Components/LPS22HB_Driver.o
                0x000000000800a21e                LPS22HB_Set_I2C
 .text.LPS22HB_Set_FIFO_OVR_Interrupt
                0x000000000800a284       0x62 ./Drivers/BSP/Components/LPS22HB_Driver.o
                0x000000000800a284                LPS22HB_Set_FIFO_OVR_Interrupt
 .text.LPS22HB_Set_FIFO_FTH_Interrupt
                0x000000000800a2e6       0x62 ./Drivers/BSP/Components/LPS22HB_Driver.o
                0x000000000800a2e6                LPS22HB_Set_FIFO_FTH_Interrupt
 .text.LPS22HB_Set_FIFO_FULL_Interrupt
                0x000000000800a348       0x62 ./Drivers/BSP/Components/LPS22HB_Driver.o
                0x000000000800a348                LPS22HB_Set_FIFO_FULL_Interrupt
 .text.LPS22HB_Get_DataStatus
                0x000000000800a3aa       0x64 ./Drivers/BSP/Components/LPS22HB_Driver.o
                0x000000000800a3aa                LPS22HB_Get_DataStatus
 .text.LPS22HB_Get_RawPressure
                0x000000000800a40e       0x76 ./Drivers/BSP/Components/LPS22HB_Driver.o
                0x000000000800a40e                LPS22HB_Get_RawPressure
 .text.LPS22HB_Get_Pressure
                0x000000000800a484       0x42 ./Drivers/BSP/Components/LPS22HB_Driver.o
                0x000000000800a484                LPS22HB_Get_Pressure
 .text.LPS22HB_Get_RawTemperature
                0x000000000800a4c6       0x44 ./Drivers/BSP/Components/LPS22HB_Driver.o
                0x000000000800a4c6                LPS22HB_Get_RawTemperature
 *fill*         0x000000000800a50a        0x2 
 .text.LPS22HB_Get_Temperature
                0x000000000800a50c       0x44 ./Drivers/BSP/Components/LPS22HB_Driver.o
                0x000000000800a50c                LPS22HB_Get_Temperature
 .text.LPS22HB_Set_FifoMode
                0x000000000800a550       0x5a ./Drivers/BSP/Components/LPS22HB_Driver.o
                0x000000000800a550                LPS22HB_Set_FifoMode
 .text.LPS22HB_Get_FifoMode
                0x000000000800a5aa       0x3c ./Drivers/BSP/Components/LPS22HB_Driver.o
                0x000000000800a5aa                LPS22HB_Get_FifoMode
 .text.LPS22HB_Set_FifoWatermarkLevel
                0x000000000800a5e6       0x5a ./Drivers/BSP/Components/LPS22HB_Driver.o
                0x000000000800a5e6                LPS22HB_Set_FifoWatermarkLevel
 .text.LPS22HB_Get_FifoWatermarkLevel
                0x000000000800a640       0x38 ./Drivers/BSP/Components/LPS22HB_Driver.o
                0x000000000800a640                LPS22HB_Get_FifoWatermarkLevel
 .text.LPS22HB_Get_FifoStatus
                0x000000000800a678       0x7e ./Drivers/BSP/Components/LPS22HB_Driver.o
                0x000000000800a678                LPS22HB_Get_FifoStatus
 .text.LPS22HB_P_Init
                0x000000000800a6f6       0x42 ./Drivers/BSP/Components/LPS22HB_Driver_HL.o
 .text.LPS22HB_P_DeInit
                0x000000000800a738       0x40 ./Drivers/BSP/Components/LPS22HB_Driver_HL.o
 .text.LPS22HB_P_Sensor_Enable
                0x000000000800a778       0x50 ./Drivers/BSP/Components/LPS22HB_Driver_HL.o
 .text.LPS22HB_P_Sensor_Disable
                0x000000000800a7c8       0x4e ./Drivers/BSP/Components/LPS22HB_Driver_HL.o
 .text.LPS22HB_P_Get_WhoAmI
                0x000000000800a816       0x1c ./Drivers/BSP/Components/LPS22HB_Driver_HL.o
 .text.LPS22HB_P_Check_WhoAmI
                0x000000000800a832       0x18 ./Drivers/BSP/Components/LPS22HB_Driver_HL.o
 .text.LPS22HB_P_Get_Press
                0x000000000800a84a       0x1c ./Drivers/BSP/Components/LPS22HB_Driver_HL.o
 .text.LPS22HB_P_Get_ODR
                0x000000000800a866       0x1c ./Drivers/BSP/Components/LPS22HB_Driver_HL.o
 .text.LPS22HB_P_Set_ODR
                0x000000000800a882       0x54 ./Drivers/BSP/Components/LPS22HB_Driver_HL.o
 .text.LPS22HB_P_Set_ODR_Value
                0x000000000800a8d6       0x54 ./Drivers/BSP/Components/LPS22HB_Driver_HL.o
 .text.LPS22HB_P_Read_Reg
                0x000000000800a92a       0x2e ./Drivers/BSP/Components/LPS22HB_Driver_HL.o
 .text.LPS22HB_P_Write_Reg
                0x000000000800a958       0x30 ./Drivers/BSP/Components/LPS22HB_Driver_HL.o
 .text.LPS22HB_P_Get_DRDY_Status
                0x000000000800a988       0x30 ./Drivers/BSP/Components/LPS22HB_Driver_HL.o
 .text.LPS22HB_T_Init
                0x000000000800a9b8       0x42 ./Drivers/BSP/Components/LPS22HB_Driver_HL.o
 .text.LPS22HB_T_DeInit
                0x000000000800a9fa       0x40 ./Drivers/BSP/Components/LPS22HB_Driver_HL.o
 .text.LPS22HB_T_Sensor_Enable
                0x000000000800aa3a       0x50 ./Drivers/BSP/Components/LPS22HB_Driver_HL.o
 .text.LPS22HB_T_Sensor_Disable
                0x000000000800aa8a       0x4e ./Drivers/BSP/Components/LPS22HB_Driver_HL.o
 .text.LPS22HB_T_Get_WhoAmI
                0x000000000800aad8       0x1c ./Drivers/BSP/Components/LPS22HB_Driver_HL.o
 .text.LPS22HB_T_Check_WhoAmI
                0x000000000800aaf4       0x18 ./Drivers/BSP/Components/LPS22HB_Driver_HL.o
 .text.LPS22HB_T_Get_Temp
                0x000000000800ab0c       0x1c ./Drivers/BSP/Components/LPS22HB_Driver_HL.o
 .text.LPS22HB_T_Get_ODR
                0x000000000800ab28       0x1c ./Drivers/BSP/Components/LPS22HB_Driver_HL.o
 .text.LPS22HB_T_Set_ODR
                0x000000000800ab44       0x54 ./Drivers/BSP/Components/LPS22HB_Driver_HL.o
 .text.LPS22HB_T_Set_ODR_Value
                0x000000000800ab98       0x54 ./Drivers/BSP/Components/LPS22HB_Driver_HL.o
 .text.LPS22HB_T_Read_Reg
                0x000000000800abec       0x2e ./Drivers/BSP/Components/LPS22HB_Driver_HL.o
 .text.LPS22HB_T_Write_Reg
                0x000000000800ac1a       0x30 ./Drivers/BSP/Components/LPS22HB_Driver_HL.o
 .text.LPS22HB_T_Get_DRDY_Status
                0x000000000800ac4a       0x30 ./Drivers/BSP/Components/LPS22HB_Driver_HL.o
 *fill*         0x000000000800ac7a        0x2 
 .text.LPS22HB_Initialize
                0x000000000800ac7c       0xbc ./Drivers/BSP/Components/LPS22HB_Driver_HL.o
 .text.LPS22HB_Get_WhoAmI
                0x000000000800ad38       0x26 ./Drivers/BSP/Components/LPS22HB_Driver_HL.o
 .text.LPS22HB_Check_WhoAmI
                0x000000000800ad5e       0x3a ./Drivers/BSP/Components/LPS22HB_Driver_HL.o
 .text.LPS22HB_Get_Press
                0x000000000800ad98       0x4c ./Drivers/BSP/Components/LPS22HB_Driver_HL.o
 .text.LPS22HB_Get_Temp
                0x000000000800ade4       0x48 ./Drivers/BSP/Components/LPS22HB_Driver_HL.o
 .text.LPS22HB_Get_ODR
                0x000000000800ae2c       0xa8 ./Drivers/BSP/Components/LPS22HB_Driver_HL.o
 .text.LPS22HB_Set_ODR_When_Enabled
                0x000000000800aed4       0x88 ./Drivers/BSP/Components/LPS22HB_Driver_HL.o
 .text.LPS22HB_Set_ODR_When_Disabled
                0x000000000800af5c       0x7c ./Drivers/BSP/Components/LPS22HB_Driver_HL.o
 .text.LPS22HB_Set_ODR_Value_When_Enabled
                0x000000000800afd8       0xa4 ./Drivers/BSP/Components/LPS22HB_Driver_HL.o
 .text.LPS22HB_Set_ODR_Value_When_Disabled
                0x000000000800b07c       0x90 ./Drivers/BSP/Components/LPS22HB_Driver_HL.o
 .text.LPS22HB_Read_Reg
                0x000000000800b10c       0x2e ./Drivers/BSP/Components/LPS22HB_Driver_HL.o
 .text.LPS22HB_Write_Reg
                0x000000000800b13a       0x30 ./Drivers/BSP/Components/LPS22HB_Driver_HL.o
 .text.LPS22HB_FIFO_Get_Empty_Status
                0x000000000800b16a       0x30 ./Drivers/BSP/Components/LPS22HB_Driver_HL.o
 .text.LPS22HB_FIFO_Get_Full_Status
                0x000000000800b19a       0x30 ./Drivers/BSP/Components/LPS22HB_Driver_HL.o
 .text.LPS22HB_FIFO_Get_Ovr_Status
                0x000000000800b1ca       0x30 ./Drivers/BSP/Components/LPS22HB_Driver_HL.o
 .text.LPS22HB_FIFO_Get_Fth_Status
                0x000000000800b1fa       0x30 ./Drivers/BSP/Components/LPS22HB_Driver_HL.o
 .text.LPS22HB_FIFO_Stop_On_Fth
                0x000000000800b22a       0x36 ./Drivers/BSP/Components/LPS22HB_Driver_HL.o
 .text.LPS22HB_FIFO_Usage
                0x000000000800b260       0x36 ./Drivers/BSP/Components/LPS22HB_Driver_HL.o
 .text.LPS22HB_FIFO_Get_Num_Of_Samples
                0x000000000800b296       0x30 ./Drivers/BSP/Components/LPS22HB_Driver_HL.o
 .text.LPS22HB_FIFO_Get_Data
                0x000000000800b2c6       0x3a ./Drivers/BSP/Components/LPS22HB_Driver_HL.o
 .text.LPS22HB_FIFO_Get_Mode
                0x000000000800b300       0x30 ./Drivers/BSP/Components/LPS22HB_Driver_HL.o
 .text.LPS22HB_FIFO_Set_Mode
                0x000000000800b330       0x5a ./Drivers/BSP/Components/LPS22HB_Driver_HL.o
 .text.LPS22HB_FIFO_Get_Watermark_Level
                0x000000000800b38a       0x26 ./Drivers/BSP/Components/LPS22HB_Driver_HL.o
 .text.LPS22HB_FIFO_Set_Watermark_Level
                0x000000000800b3b0       0x2a ./Drivers/BSP/Components/LPS22HB_Driver_HL.o
 .text.LPS22HB_FIFO_Watermark_Usage
                0x000000000800b3da       0x36 ./Drivers/BSP/Components/LPS22HB_Driver_HL.o
 .text.LPS22HB_FIFO_Set_Interrupt
                0x000000000800b410       0x6e ./Drivers/BSP/Components/LPS22HB_Driver_HL.o
 .text.LPS22HB_FIFO_Reset_Interrupt
                0x000000000800b47e       0x6e ./Drivers/BSP/Components/LPS22HB_Driver_HL.o
 .text.LSM303AGR_ACC_WriteReg
                0x000000000800b4ec       0x34 ./Drivers/BSP/Components/LSM303AGR_ACC_driver.o
                0x000000000800b4ec                LSM303AGR_ACC_WriteReg
 .text.LSM303AGR_ACC_ReadReg
                0x000000000800b520       0x34 ./Drivers/BSP/Components/LSM303AGR_ACC_driver.o
                0x000000000800b520                LSM303AGR_ACC_ReadReg
 .text.LSM303AGR_ACC_R_WHO_AM_I
                0x000000000800b554       0x3a ./Drivers/BSP/Components/LSM303AGR_ACC_driver.o
                0x000000000800b554                LSM303AGR_ACC_R_WHO_AM_I
 .text.LSM303AGR_ACC_W_BlockDataUpdate
                0x000000000800b58e       0x5a ./Drivers/BSP/Components/LSM303AGR_ACC_driver.o
                0x000000000800b58e                LSM303AGR_ACC_W_BlockDataUpdate
 .text.LSM303AGR_ACC_W_FullScale
                0x000000000800b5e8       0x5a ./Drivers/BSP/Components/LSM303AGR_ACC_driver.o
                0x000000000800b5e8                LSM303AGR_ACC_W_FullScale
 .text.LSM303AGR_ACC_R_FullScale
                0x000000000800b642       0x38 ./Drivers/BSP/Components/LSM303AGR_ACC_driver.o
                0x000000000800b642                LSM303AGR_ACC_R_FullScale
 .text.LSM303AGR_ACC_Get_Raw_Acceleration
                0x000000000800b67a       0x2a ./Drivers/BSP/Components/LSM303AGR_ACC_driver.o
                0x000000000800b67a                LSM303AGR_ACC_Get_Raw_Acceleration
 .text.LSM303AGR_ACC_Get_Acceleration
                0x000000000800b6a4      0x1e4 ./Drivers/BSP/Components/LSM303AGR_ACC_driver.o
                0x000000000800b6a4                LSM303AGR_ACC_Get_Acceleration
 .text.LSM303AGR_ACC_W_ODR
                0x000000000800b888       0x5a ./Drivers/BSP/Components/LSM303AGR_ACC_driver.o
                0x000000000800b888                LSM303AGR_ACC_W_ODR
 .text.LSM303AGR_ACC_R_ODR
                0x000000000800b8e2       0x38 ./Drivers/BSP/Components/LSM303AGR_ACC_driver.o
                0x000000000800b8e2                LSM303AGR_ACC_R_ODR
 .text.LSM303AGR_ACC_W_XEN
                0x000000000800b91a       0x5a ./Drivers/BSP/Components/LSM303AGR_ACC_driver.o
                0x000000000800b91a                LSM303AGR_ACC_W_XEN
 .text.LSM303AGR_ACC_R_XEN
                0x000000000800b974       0x38 ./Drivers/BSP/Components/LSM303AGR_ACC_driver.o
                0x000000000800b974                LSM303AGR_ACC_R_XEN
 .text.LSM303AGR_ACC_W_YEN
                0x000000000800b9ac       0x5a ./Drivers/BSP/Components/LSM303AGR_ACC_driver.o
                0x000000000800b9ac                LSM303AGR_ACC_W_YEN
 .text.LSM303AGR_ACC_R_YEN
                0x000000000800ba06       0x38 ./Drivers/BSP/Components/LSM303AGR_ACC_driver.o
                0x000000000800ba06                LSM303AGR_ACC_R_YEN
 .text.LSM303AGR_ACC_W_ZEN
                0x000000000800ba3e       0x5a ./Drivers/BSP/Components/LSM303AGR_ACC_driver.o
                0x000000000800ba3e                LSM303AGR_ACC_W_ZEN
 .text.LSM303AGR_ACC_R_ZEN
                0x000000000800ba98       0x38 ./Drivers/BSP/Components/LSM303AGR_ACC_driver.o
                0x000000000800ba98                LSM303AGR_ACC_R_ZEN
 .text.LSM303AGR_ACC_R_LOWPWR_EN
                0x000000000800bad0       0x38 ./Drivers/BSP/Components/LSM303AGR_ACC_driver.o
                0x000000000800bad0                LSM303AGR_ACC_R_LOWPWR_EN
 .text.LSM303AGR_ACC_R_HiRes
                0x000000000800bb08       0x38 ./Drivers/BSP/Components/LSM303AGR_ACC_driver.o
                0x000000000800bb08                LSM303AGR_ACC_R_HiRes
 .text.LSM303AGR_ACC_R_XDataAvail
                0x000000000800bb40       0x38 ./Drivers/BSP/Components/LSM303AGR_ACC_driver.o
                0x000000000800bb40                LSM303AGR_ACC_R_XDataAvail
 .text.LSM303AGR_ACC_W_FifoMode
                0x000000000800bb78       0x5a ./Drivers/BSP/Components/LSM303AGR_ACC_driver.o
                0x000000000800bb78                LSM303AGR_ACC_W_FifoMode
 *fill*         0x000000000800bbd2        0x2 
 .text.LSM303AGR_X_Init
                0x000000000800bbd4       0xc0 ./Drivers/BSP/Components/LSM303AGR_ACC_driver_HL.o
 .text.LSM303AGR_X_DeInit
                0x000000000800bc94       0x58 ./Drivers/BSP/Components/LSM303AGR_ACC_driver_HL.o
 .text.LSM303AGR_X_Sensor_Enable
                0x000000000800bcec       0x4a ./Drivers/BSP/Components/LSM303AGR_ACC_driver_HL.o
 .text.LSM303AGR_X_Sensor_Disable
                0x000000000800bd36       0x58 ./Drivers/BSP/Components/LSM303AGR_ACC_driver_HL.o
 .text.LSM303AGR_X_Get_WhoAmI
                0x000000000800bd8e       0x26 ./Drivers/BSP/Components/LSM303AGR_ACC_driver_HL.o
 .text.LSM303AGR_X_Check_WhoAmI
                0x000000000800bdb4       0x3a ./Drivers/BSP/Components/LSM303AGR_ACC_driver_HL.o
 .text.LSM303AGR_X_Get_Axes
                0x000000000800bdee       0x3c ./Drivers/BSP/Components/LSM303AGR_ACC_driver_HL.o
 .text.LSM303AGR_X_Get_AxesRaw
                0x000000000800be2a       0x42 ./Drivers/BSP/Components/LSM303AGR_ACC_driver_HL.o
 .text.LSM303AGR_X_Get_Sensitivity
                0x000000000800be6c       0x88 ./Drivers/BSP/Components/LSM303AGR_ACC_driver_HL.o
 .text.LSM303AGR_X_Get_ODR
                0x000000000800bef4       0xd0 ./Drivers/BSP/Components/LSM303AGR_ACC_driver_HL.o
 .text.LSM303AGR_X_Set_ODR
                0x000000000800bfc4       0x46 ./Drivers/BSP/Components/LSM303AGR_ACC_driver_HL.o
 .text.LSM303AGR_X_Set_ODR_Value
                0x000000000800c00a       0x46 ./Drivers/BSP/Components/LSM303AGR_ACC_driver_HL.o
 .text.LSM303AGR_X_Get_FS
                0x000000000800c050       0x7c ./Drivers/BSP/Components/LSM303AGR_ACC_driver_HL.o
 .text.LSM303AGR_X_Set_FS
                0x000000000800c0cc       0x54 ./Drivers/BSP/Components/LSM303AGR_ACC_driver_HL.o
 .text.LSM303AGR_X_Set_FS_Value
                0x000000000800c120       0x70 ./Drivers/BSP/Components/LSM303AGR_ACC_driver_HL.o
 .text.LSM303AGR_X_Get_Axes_Status
                0x000000000800c190       0x8c ./Drivers/BSP/Components/LSM303AGR_ACC_driver_HL.o
 .text.LSM303AGR_X_Set_Axes_Status
                0x000000000800c21c       0x78 ./Drivers/BSP/Components/LSM303AGR_ACC_driver_HL.o
 .text.LSM303AGR_X_Read_Reg
                0x000000000800c294       0x2e ./Drivers/BSP/Components/LSM303AGR_ACC_driver_HL.o
 .text.LSM303AGR_X_Write_Reg
                0x000000000800c2c2       0x30 ./Drivers/BSP/Components/LSM303AGR_ACC_driver_HL.o
 .text.LSM303AGR_X_Get_DRDY_Status
                0x000000000800c2f2       0x48 ./Drivers/BSP/Components/LSM303AGR_ACC_driver_HL.o
 .text.LSM303AGR_X_Get_Axes_Raw
                0x000000000800c33a       0xca ./Drivers/BSP/Components/LSM303AGR_ACC_driver_HL.o
 .text.LSM303AGR_X_Set_ODR_When_Enabled
                0x000000000800c404       0x6c ./Drivers/BSP/Components/LSM303AGR_ACC_driver_HL.o
 .text.LSM303AGR_X_Set_ODR_When_Disabled
                0x000000000800c470       0x84 ./Drivers/BSP/Components/LSM303AGR_ACC_driver_HL.o
 .text.LSM303AGR_X_Set_ODR_Value_When_Enabled
                0x000000000800c4f4       0xc0 ./Drivers/BSP/Components/LSM303AGR_ACC_driver_HL.o
 .text.LSM303AGR_X_Set_ODR_Value_When_Disabled
                0x000000000800c5b4       0xd8 ./Drivers/BSP/Components/LSM303AGR_ACC_driver_HL.o
 .text.LSM303AGR_X_Get_Sensitivity_Normal_Mode
                0x000000000800c68c       0x84 ./Drivers/BSP/Components/LSM303AGR_ACC_driver_HL.o
 .text.LSM303AGR_X_Get_Sensitivity_LP_Mode
                0x000000000800c710       0x84 ./Drivers/BSP/Components/LSM303AGR_ACC_driver_HL.o
 .text.LSM303AGR_X_Get_Sensitivity_HR_Mode
                0x000000000800c794       0x84 ./Drivers/BSP/Components/LSM303AGR_ACC_driver_HL.o
 .text.LSM303AGR_MAG_WriteReg
                0x000000000800c818       0x34 ./Drivers/BSP/Components/LSM303AGR_MAG_driver.o
                0x000000000800c818                LSM303AGR_MAG_WriteReg
 .text.LSM303AGR_MAG_ReadReg
                0x000000000800c84c       0x34 ./Drivers/BSP/Components/LSM303AGR_MAG_driver.o
                0x000000000800c84c                LSM303AGR_MAG_ReadReg
 .text.LSM303AGR_MAG_R_WHO_AM_I
                0x000000000800c880       0x3a ./Drivers/BSP/Components/LSM303AGR_MAG_driver.o
                0x000000000800c880                LSM303AGR_MAG_R_WHO_AM_I
 .text.LSM303AGR_MAG_W_BDU
                0x000000000800c8ba       0x5a ./Drivers/BSP/Components/LSM303AGR_MAG_driver.o
                0x000000000800c8ba                LSM303AGR_MAG_W_BDU
 .text.LSM303AGR_MAG_W_MD
                0x000000000800c914       0x5a ./Drivers/BSP/Components/LSM303AGR_MAG_driver.o
                0x000000000800c914                LSM303AGR_MAG_W_MD
 .text.LSM303AGR_MAG_Get_Raw_Magnetic
                0x000000000800c96e       0x2a ./Drivers/BSP/Components/LSM303AGR_MAG_driver.o
                0x000000000800c96e                LSM303AGR_MAG_Get_Raw_Magnetic
 .text.LSM303AGR_MAG_W_ODR
                0x000000000800c998       0x5a ./Drivers/BSP/Components/LSM303AGR_MAG_driver.o
                0x000000000800c998                LSM303AGR_MAG_W_ODR
 .text.LSM303AGR_MAG_R_ODR
                0x000000000800c9f2       0x38 ./Drivers/BSP/Components/LSM303AGR_MAG_driver.o
                0x000000000800c9f2                LSM303AGR_MAG_R_ODR
 .text.LSM303AGR_MAG_W_ST
                0x000000000800ca2a       0x5a ./Drivers/BSP/Components/LSM303AGR_MAG_driver.o
                0x000000000800ca2a                LSM303AGR_MAG_W_ST
 .text.LSM303AGR_MAG_W_I2C_DIS
                0x000000000800ca84       0x5a ./Drivers/BSP/Components/LSM303AGR_MAG_driver.o
                0x000000000800ca84                LSM303AGR_MAG_W_I2C_DIS
 .text.LSM303AGR_MAG_R_ZYXDA
                0x000000000800cade       0x38 ./Drivers/BSP/Components/LSM303AGR_MAG_driver.o
                0x000000000800cade                LSM303AGR_MAG_R_ZYXDA
 .text.LSM303AGR_M_Init
                0x000000000800cb16       0x9a ./Drivers/BSP/Components/LSM303AGR_MAG_driver_HL.o
 .text.LSM303AGR_M_DeInit
                0x000000000800cbb0       0x50 ./Drivers/BSP/Components/LSM303AGR_MAG_driver_HL.o
 .text.LSM303AGR_M_Sensor_Enable
                0x000000000800cc00       0x36 ./Drivers/BSP/Components/LSM303AGR_MAG_driver_HL.o
 .text.LSM303AGR_M_Sensor_Disable
                0x000000000800cc36       0x36 ./Drivers/BSP/Components/LSM303AGR_MAG_driver_HL.o
 .text.LSM303AGR_M_Get_WhoAmI
                0x000000000800cc6c       0x26 ./Drivers/BSP/Components/LSM303AGR_MAG_driver_HL.o
 .text.LSM303AGR_M_Check_WhoAmI
                0x000000000800cc92       0x3a ./Drivers/BSP/Components/LSM303AGR_MAG_driver_HL.o
 .text.LSM303AGR_M_Get_Axes
                0x000000000800cccc       0xa6 ./Drivers/BSP/Components/LSM303AGR_MAG_driver_HL.o
 .text.LSM303AGR_M_Get_AxesRaw
                0x000000000800cd72       0x42 ./Drivers/BSP/Components/LSM303AGR_MAG_driver_HL.o
 .text.LSM303AGR_M_Get_Sensitivity
                0x000000000800cdb4       0x20 ./Drivers/BSP/Components/LSM303AGR_MAG_driver_HL.o
 .text.LSM303AGR_M_Get_ODR
                0x000000000800cdd4       0xa8 ./Drivers/BSP/Components/LSM303AGR_MAG_driver_HL.o
 .text.LSM303AGR_M_Set_ODR
                0x000000000800ce7c       0x6c ./Drivers/BSP/Components/LSM303AGR_MAG_driver_HL.o
 .text.LSM303AGR_M_Set_ODR_Value
                0x000000000800cee8       0x74 ./Drivers/BSP/Components/LSM303AGR_MAG_driver_HL.o
 .text.LSM303AGR_M_Get_FS
                0x000000000800cf5c       0x24 ./Drivers/BSP/Components/LSM303AGR_MAG_driver_HL.o
 .text.LSM303AGR_M_Set_FS
                0x000000000800cf80       0x1a ./Drivers/BSP/Components/LSM303AGR_MAG_driver_HL.o
 .text.LSM303AGR_M_Set_FS_Value
                0x000000000800cf9a       0x1a ./Drivers/BSP/Components/LSM303AGR_MAG_driver_HL.o
 .text.LSM303AGR_M_Read_Reg
                0x000000000800cfb4       0x2e ./Drivers/BSP/Components/LSM303AGR_MAG_driver_HL.o
 .text.LSM303AGR_M_Write_Reg
                0x000000000800cfe2       0x30 ./Drivers/BSP/Components/LSM303AGR_MAG_driver_HL.o
 .text.LSM303AGR_M_Get_DRDY_Status
                0x000000000800d012       0x48 ./Drivers/BSP/Components/LSM303AGR_MAG_driver_HL.o
 *fill*         0x000000000800d05a        0x2 
 .text.LSM303AGR_M_Get_Axes_Raw
                0x000000000800d05c       0x68 ./Drivers/BSP/Components/LSM303AGR_MAG_driver_HL.o
 .text.LSM6DSM_ACC_GYRO_ReadReg
                0x000000000800d0c4       0x2e ./Drivers/BSP/Components/LSM6DSM_ACC_GYRO_driver.o
                0x000000000800d0c4                LSM6DSM_ACC_GYRO_ReadReg
 .text.LSM6DSM_ACC_GYRO_WriteReg
                0x000000000800d0f2       0x30 ./Drivers/BSP/Components/LSM6DSM_ACC_GYRO_driver.o
                0x000000000800d0f2                LSM6DSM_ACC_GYRO_WriteReg
 .text.LSM6DSM_ACC_GYRO_W_EmbeddedAccess
                0x000000000800d122       0x58 ./Drivers/BSP/Components/LSM6DSM_ACC_GYRO_driver.o
                0x000000000800d122                LSM6DSM_ACC_GYRO_W_EmbeddedAccess
 .text.LSM6DSM_ACC_GYRO_W_FIFO_MODE
                0x000000000800d17a       0x58 ./Drivers/BSP/Components/LSM6DSM_ACC_GYRO_driver.o
                0x000000000800d17a                LSM6DSM_ACC_GYRO_W_FIFO_MODE
 .text.LSM6DSM_ACC_GYRO_W_STEP_DELTA_on_INT2
                0x000000000800d1d2       0x58 ./Drivers/BSP/Components/LSM6DSM_ACC_GYRO_driver.o
                0x000000000800d1d2                LSM6DSM_ACC_GYRO_W_STEP_DELTA_on_INT2
 .text.LSM6DSM_ACC_GYRO_R_WHO_AM_I
                0x000000000800d22a       0x38 ./Drivers/BSP/Components/LSM6DSM_ACC_GYRO_driver.o
                0x000000000800d22a                LSM6DSM_ACC_GYRO_R_WHO_AM_I
 .text.LSM6DSM_ACC_GYRO_W_FS_XL
                0x000000000800d262       0x58 ./Drivers/BSP/Components/LSM6DSM_ACC_GYRO_driver.o
                0x000000000800d262                LSM6DSM_ACC_GYRO_W_FS_XL
 .text.LSM6DSM_ACC_GYRO_R_FS_XL
                0x000000000800d2ba       0x36 ./Drivers/BSP/Components/LSM6DSM_ACC_GYRO_driver.o
                0x000000000800d2ba                LSM6DSM_ACC_GYRO_R_FS_XL
 .text.LSM6DSM_ACC_GYRO_W_ODR_XL
                0x000000000800d2f0       0x58 ./Drivers/BSP/Components/LSM6DSM_ACC_GYRO_driver.o
                0x000000000800d2f0                LSM6DSM_ACC_GYRO_W_ODR_XL
 .text.LSM6DSM_ACC_GYRO_R_ODR_XL
                0x000000000800d348       0x36 ./Drivers/BSP/Components/LSM6DSM_ACC_GYRO_driver.o
                0x000000000800d348                LSM6DSM_ACC_GYRO_R_ODR_XL
 .text.LSM6DSM_ACC_GYRO_W_FS_125
                0x000000000800d37e       0x58 ./Drivers/BSP/Components/LSM6DSM_ACC_GYRO_driver.o
                0x000000000800d37e                LSM6DSM_ACC_GYRO_W_FS_125
 .text.LSM6DSM_ACC_GYRO_R_FS_125
                0x000000000800d3d6       0x36 ./Drivers/BSP/Components/LSM6DSM_ACC_GYRO_driver.o
                0x000000000800d3d6                LSM6DSM_ACC_GYRO_R_FS_125
 .text.LSM6DSM_ACC_GYRO_W_FS_G
                0x000000000800d40c       0x58 ./Drivers/BSP/Components/LSM6DSM_ACC_GYRO_driver.o
                0x000000000800d40c                LSM6DSM_ACC_GYRO_W_FS_G
 .text.LSM6DSM_ACC_GYRO_R_FS_G
                0x000000000800d464       0x36 ./Drivers/BSP/Components/LSM6DSM_ACC_GYRO_driver.o
                0x000000000800d464                LSM6DSM_ACC_GYRO_R_FS_G
 .text.LSM6DSM_ACC_GYRO_W_ODR_G
                0x000000000800d49a       0x58 ./Drivers/BSP/Components/LSM6DSM_ACC_GYRO_driver.o
                0x000000000800d49a                LSM6DSM_ACC_GYRO_W_ODR_G
 .text.LSM6DSM_ACC_GYRO_R_ODR_G
                0x000000000800d4f2       0x36 ./Drivers/BSP/Components/LSM6DSM_ACC_GYRO_driver.o
                0x000000000800d4f2                LSM6DSM_ACC_GYRO_R_ODR_G
 .text.LSM6DSM_ACC_GYRO_W_IF_Addr_Incr
                0x000000000800d528       0x58 ./Drivers/BSP/Components/LSM6DSM_ACC_GYRO_driver.o
                0x000000000800d528                LSM6DSM_ACC_GYRO_W_IF_Addr_Incr
 .text.LSM6DSM_ACC_GYRO_W_BDU
                0x000000000800d580       0x58 ./Drivers/BSP/Components/LSM6DSM_ACC_GYRO_driver.o
                0x000000000800d580                LSM6DSM_ACC_GYRO_W_BDU
 .text.LSM6DSM_ACC_GYRO_W_I2C_DISABLE
                0x000000000800d5d8       0x58 ./Drivers/BSP/Components/LSM6DSM_ACC_GYRO_driver.o
                0x000000000800d5d8                LSM6DSM_ACC_GYRO_W_I2C_DISABLE
 .text.LSM6DSM_ACC_GYRO_W_PedoStepReset
                0x000000000800d630       0x58 ./Drivers/BSP/Components/LSM6DSM_ACC_GYRO_driver.o
                0x000000000800d630                LSM6DSM_ACC_GYRO_W_PedoStepReset
 .text.LSM6DSM_ACC_GYRO_W_TILT
                0x000000000800d688       0x58 ./Drivers/BSP/Components/LSM6DSM_ACC_GYRO_driver.o
                0x000000000800d688                LSM6DSM_ACC_GYRO_W_TILT
 .text.LSM6DSM_ACC_GYRO_W_PEDO
                0x000000000800d6e0       0x58 ./Drivers/BSP/Components/LSM6DSM_ACC_GYRO_driver.o
                0x000000000800d6e0                LSM6DSM_ACC_GYRO_W_PEDO
 .text.LSM6DSM_ACC_GYRO_W_FUNC_EN
                0x000000000800d738       0x58 ./Drivers/BSP/Components/LSM6DSM_ACC_GYRO_driver.o
                0x000000000800d738                LSM6DSM_ACC_GYRO_W_FUNC_EN
 .text.LSM6DSM_ACC_GYRO_R_WU_EV_STATUS
                0x000000000800d790       0x36 ./Drivers/BSP/Components/LSM6DSM_ACC_GYRO_driver.o
                0x000000000800d790                LSM6DSM_ACC_GYRO_R_WU_EV_STATUS
 .text.LSM6DSM_ACC_GYRO_R_FF_EV_STATUS
                0x000000000800d7c6       0x36 ./Drivers/BSP/Components/LSM6DSM_ACC_GYRO_driver.o
                0x000000000800d7c6                LSM6DSM_ACC_GYRO_R_FF_EV_STATUS
 .text.LSM6DSM_ACC_GYRO_R_DOUBLE_TAP_EV_STATUS
                0x000000000800d7fc       0x36 ./Drivers/BSP/Components/LSM6DSM_ACC_GYRO_driver.o
                0x000000000800d7fc                LSM6DSM_ACC_GYRO_R_DOUBLE_TAP_EV_STATUS
 .text.LSM6DSM_ACC_GYRO_R_SINGLE_TAP_EV_STATUS
                0x000000000800d832       0x36 ./Drivers/BSP/Components/LSM6DSM_ACC_GYRO_driver.o
                0x000000000800d832                LSM6DSM_ACC_GYRO_R_SINGLE_TAP_EV_STATUS
 .text.LSM6DSM_ACC_GYRO_R_DSD_XL
                0x000000000800d868       0x36 ./Drivers/BSP/Components/LSM6DSM_ACC_GYRO_driver.o
                0x000000000800d868                LSM6DSM_ACC_GYRO_R_DSD_XL
 .text.LSM6DSM_ACC_GYRO_R_DSD_XH
                0x000000000800d89e       0x36 ./Drivers/BSP/Components/LSM6DSM_ACC_GYRO_driver.o
                0x000000000800d89e                LSM6DSM_ACC_GYRO_R_DSD_XH
 .text.LSM6DSM_ACC_GYRO_R_DSD_YL
                0x000000000800d8d4       0x36 ./Drivers/BSP/Components/LSM6DSM_ACC_GYRO_driver.o
                0x000000000800d8d4                LSM6DSM_ACC_GYRO_R_DSD_YL
 .text.LSM6DSM_ACC_GYRO_R_DSD_YH
                0x000000000800d90a       0x36 ./Drivers/BSP/Components/LSM6DSM_ACC_GYRO_driver.o
                0x000000000800d90a                LSM6DSM_ACC_GYRO_R_DSD_YH
 .text.LSM6DSM_ACC_GYRO_R_DSD_ZL
                0x000000000800d940       0x36 ./Drivers/BSP/Components/LSM6DSM_ACC_GYRO_driver.o
                0x000000000800d940                LSM6DSM_ACC_GYRO_R_DSD_ZL
 .text.LSM6DSM_ACC_GYRO_R_DSD_ZH
                0x000000000800d976       0x36 ./Drivers/BSP/Components/LSM6DSM_ACC_GYRO_driver.o
                0x000000000800d976                LSM6DSM_ACC_GYRO_R_DSD_ZH
 .text.LSM6DSM_ACC_GYRO_R_D6D_EV_STATUS
                0x000000000800d9ac       0x36 ./Drivers/BSP/Components/LSM6DSM_ACC_GYRO_driver.o
                0x000000000800d9ac                LSM6DSM_ACC_GYRO_R_D6D_EV_STATUS
 .text.LSM6DSM_ACC_GYRO_R_XLDA
                0x000000000800d9e2       0x36 ./Drivers/BSP/Components/LSM6DSM_ACC_GYRO_driver.o
                0x000000000800d9e2                LSM6DSM_ACC_GYRO_R_XLDA
 .text.LSM6DSM_ACC_GYRO_R_GDA
                0x000000000800da18       0x36 ./Drivers/BSP/Components/LSM6DSM_ACC_GYRO_driver.o
                0x000000000800da18                LSM6DSM_ACC_GYRO_R_GDA
 .text.LSM6DSM_ACC_GYRO_R_PEDO_EV_STATUS
                0x000000000800da4e       0x36 ./Drivers/BSP/Components/LSM6DSM_ACC_GYRO_driver.o
                0x000000000800da4e                LSM6DSM_ACC_GYRO_R_PEDO_EV_STATUS
 .text.LSM6DSM_ACC_GYRO_R_TILT_EV_STATUS
                0x000000000800da84       0x36 ./Drivers/BSP/Components/LSM6DSM_ACC_GYRO_driver.o
                0x000000000800da84                LSM6DSM_ACC_GYRO_R_TILT_EV_STATUS
 .text.LSM6DSM_ACC_GYRO_W_TAP_Z_EN
                0x000000000800daba       0x58 ./Drivers/BSP/Components/LSM6DSM_ACC_GYRO_driver.o
                0x000000000800daba                LSM6DSM_ACC_GYRO_W_TAP_Z_EN
 .text.LSM6DSM_ACC_GYRO_W_TAP_Y_EN
                0x000000000800db12       0x58 ./Drivers/BSP/Components/LSM6DSM_ACC_GYRO_driver.o
                0x000000000800db12                LSM6DSM_ACC_GYRO_W_TAP_Y_EN
 .text.LSM6DSM_ACC_GYRO_W_TAP_X_EN
                0x000000000800db6a       0x58 ./Drivers/BSP/Components/LSM6DSM_ACC_GYRO_driver.o
                0x000000000800db6a                LSM6DSM_ACC_GYRO_W_TAP_X_EN
 .text.LSM6DSM_ACC_GYRO_W_BASIC_INT
                0x000000000800dbc2       0x58 ./Drivers/BSP/Components/LSM6DSM_ACC_GYRO_driver.o
                0x000000000800dbc2                LSM6DSM_ACC_GYRO_W_BASIC_INT
 .text.LSM6DSM_ACC_GYRO_W_TAP_THS
                0x000000000800dc1a       0x60 ./Drivers/BSP/Components/LSM6DSM_ACC_GYRO_driver.o
                0x000000000800dc1a                LSM6DSM_ACC_GYRO_W_TAP_THS
 .text.LSM6DSM_ACC_GYRO_W_SIXD_THS
                0x000000000800dc7a       0x58 ./Drivers/BSP/Components/LSM6DSM_ACC_GYRO_driver.o
                0x000000000800dc7a                LSM6DSM_ACC_GYRO_W_SIXD_THS
 .text.LSM6DSM_ACC_GYRO_W_SHOCK_Duration
                0x000000000800dcd2       0x60 ./Drivers/BSP/Components/LSM6DSM_ACC_GYRO_driver.o
                0x000000000800dcd2                LSM6DSM_ACC_GYRO_W_SHOCK_Duration
 .text.LSM6DSM_ACC_GYRO_W_QUIET_Duration
                0x000000000800dd32       0x66 ./Drivers/BSP/Components/LSM6DSM_ACC_GYRO_driver.o
                0x000000000800dd32                LSM6DSM_ACC_GYRO_W_QUIET_Duration
 .text.LSM6DSM_ACC_GYRO_W_DUR
                0x000000000800dd98       0x66 ./Drivers/BSP/Components/LSM6DSM_ACC_GYRO_driver.o
                0x000000000800dd98                LSM6DSM_ACC_GYRO_W_DUR
 .text.LSM6DSM_ACC_GYRO_W_WK_THS
                0x000000000800ddfe       0x60 ./Drivers/BSP/Components/LSM6DSM_ACC_GYRO_driver.o
                0x000000000800ddfe                LSM6DSM_ACC_GYRO_W_WK_THS
 .text.LSM6DSM_ACC_GYRO_W_SINGLE_DOUBLE_TAP_EV
                0x000000000800de5e       0x58 ./Drivers/BSP/Components/LSM6DSM_ACC_GYRO_driver.o
                0x000000000800de5e                LSM6DSM_ACC_GYRO_W_SINGLE_DOUBLE_TAP_EV
 .text.LSM6DSM_ACC_GYRO_W_SLEEP_DUR
                0x000000000800deb6       0x60 ./Drivers/BSP/Components/LSM6DSM_ACC_GYRO_driver.o
                0x000000000800deb6                LSM6DSM_ACC_GYRO_W_SLEEP_DUR
 .text.LSM6DSM_ACC_GYRO_W_TIMER_HR
                0x000000000800df16       0x58 ./Drivers/BSP/Components/LSM6DSM_ACC_GYRO_driver.o
                0x000000000800df16                LSM6DSM_ACC_GYRO_W_TIMER_HR
 .text.LSM6DSM_ACC_GYRO_W_WAKE_DUR
                0x000000000800df6e       0x66 ./Drivers/BSP/Components/LSM6DSM_ACC_GYRO_driver.o
                0x000000000800df6e                LSM6DSM_ACC_GYRO_W_WAKE_DUR
 .text.LSM6DSM_ACC_GYRO_W_FF_THS
                0x000000000800dfd4       0x58 ./Drivers/BSP/Components/LSM6DSM_ACC_GYRO_driver.o
                0x000000000800dfd4                LSM6DSM_ACC_GYRO_W_FF_THS
 .text.LSM6DSM_ACC_GYRO_W_FF_Duration
                0x000000000800e02c       0xca ./Drivers/BSP/Components/LSM6DSM_ACC_GYRO_driver.o
                0x000000000800e02c                LSM6DSM_ACC_GYRO_W_FF_Duration
 .text.LSM6DSM_ACC_GYRO_W_TiltEvOnInt2
                0x000000000800e0f6       0x58 ./Drivers/BSP/Components/LSM6DSM_ACC_GYRO_driver.o
                0x000000000800e0f6                LSM6DSM_ACC_GYRO_W_TiltEvOnInt2
 .text.LSM6DSM_ACC_GYRO_W_6DEvOnInt2
                0x000000000800e14e       0x58 ./Drivers/BSP/Components/LSM6DSM_ACC_GYRO_driver.o
                0x000000000800e14e                LSM6DSM_ACC_GYRO_W_6DEvOnInt2
 .text.LSM6DSM_ACC_GYRO_W_TapEvOnInt2
                0x000000000800e1a6       0x58 ./Drivers/BSP/Components/LSM6DSM_ACC_GYRO_driver.o
                0x000000000800e1a6                LSM6DSM_ACC_GYRO_W_TapEvOnInt2
 .text.LSM6DSM_ACC_GYRO_W_FFEvOnInt2
                0x000000000800e1fe       0x58 ./Drivers/BSP/Components/LSM6DSM_ACC_GYRO_driver.o
                0x000000000800e1fe                LSM6DSM_ACC_GYRO_W_FFEvOnInt2
 .text.LSM6DSM_ACC_GYRO_W_WUEvOnInt2
                0x000000000800e256       0x58 ./Drivers/BSP/Components/LSM6DSM_ACC_GYRO_driver.o
                0x000000000800e256                LSM6DSM_ACC_GYRO_W_WUEvOnInt2
 .text.LSM6DSM_ACC_GYRO_W_SingleTapOnInt2
                0x000000000800e2ae       0x58 ./Drivers/BSP/Components/LSM6DSM_ACC_GYRO_driver.o
                0x000000000800e2ae                LSM6DSM_ACC_GYRO_W_SingleTapOnInt2
 .text.LSM6DSM_ACC_GYRO_GetRawGyroData
                0x000000000800e306       0x66 ./Drivers/BSP/Components/LSM6DSM_ACC_GYRO_driver.o
                0x000000000800e306                LSM6DSM_ACC_GYRO_GetRawGyroData
 .text.LSM6DSM_ACC_GYRO_GetRawAccData
                0x000000000800e36c       0x66 ./Drivers/BSP/Components/LSM6DSM_ACC_GYRO_driver.o
                0x000000000800e36c                LSM6DSM_ACC_GYRO_GetRawAccData
 .text.LSM6DSM_ACC_GYRO_Get_GetStepCounter
                0x000000000800e3d2       0x66 ./Drivers/BSP/Components/LSM6DSM_ACC_GYRO_driver.o
                0x000000000800e3d2                LSM6DSM_ACC_GYRO_Get_GetStepCounter
 .text.LSM6DSM_ACC_GYRO_W_PedoThreshold
                0x000000000800e438       0x88 ./Drivers/BSP/Components/LSM6DSM_ACC_GYRO_driver.o
                0x000000000800e438                LSM6DSM_ACC_GYRO_W_PedoThreshold
 .text.LSM6DSM_X_Init
                0x000000000800e4c0       0xa4 ./Drivers/BSP/Components/LSM6DSM_ACC_GYRO_driver_HL.o
 .text.LSM6DSM_X_DeInit
                0x000000000800e564       0xc8 ./Drivers/BSP/Components/LSM6DSM_ACC_GYRO_driver_HL.o
 .text.LSM6DSM_X_Sensor_Enable
                0x000000000800e62c       0x4a ./Drivers/BSP/Components/LSM6DSM_ACC_GYRO_driver_HL.o
 .text.LSM6DSM_X_Sensor_Disable
                0x000000000800e676       0x58 ./Drivers/BSP/Components/LSM6DSM_ACC_GYRO_driver_HL.o
 .text.LSM6DSM_X_Get_WhoAmI
                0x000000000800e6ce       0x1c ./Drivers/BSP/Components/LSM6DSM_ACC_GYRO_driver_HL.o
 .text.LSM6DSM_X_Check_WhoAmI
                0x000000000800e6ea       0x18 ./Drivers/BSP/Components/LSM6DSM_ACC_GYRO_driver_HL.o
 .text.LSM6DSM_X_Get_Axes
                0x000000000800e702       0xa6 ./Drivers/BSP/Components/LSM6DSM_ACC_GYRO_driver_HL.o
 .text.LSM6DSM_X_Get_AxesRaw
                0x000000000800e7a8       0x42 ./Drivers/BSP/Components/LSM6DSM_ACC_GYRO_driver_HL.o
 *fill*         0x000000000800e7ea        0x2 
 .text.LSM6DSM_X_Get_Sensitivity
                0x000000000800e7ec       0xa8 ./Drivers/BSP/Components/LSM6DSM_ACC_GYRO_driver_HL.o
 .text.LSM6DSM_X_Get_ODR
                0x000000000800e894      0x110 ./Drivers/BSP/Components/LSM6DSM_ACC_GYRO_driver_HL.o
 .text.LSM6DSM_X_Set_ODR
                0x000000000800e9a4       0x46 ./Drivers/BSP/Components/LSM6DSM_ACC_GYRO_driver_HL.o
 .text.LSM6DSM_X_Set_ODR_Value
                0x000000000800e9ea       0x46 ./Drivers/BSP/Components/LSM6DSM_ACC_GYRO_driver_HL.o
 .text.LSM6DSM_X_Get_FS
                0x000000000800ea30       0xa0 ./Drivers/BSP/Components/LSM6DSM_ACC_GYRO_driver_HL.o
 .text.LSM6DSM_X_Set_FS
                0x000000000800ead0       0x54 ./Drivers/BSP/Components/LSM6DSM_ACC_GYRO_driver_HL.o
 .text.LSM6DSM_X_Set_FS_Value
                0x000000000800eb24       0x70 ./Drivers/BSP/Components/LSM6DSM_ACC_GYRO_driver_HL.o
 .text.LSM6DSM_G_Init
                0x000000000800eb94       0xa4 ./Drivers/BSP/Components/LSM6DSM_ACC_GYRO_driver_HL.o
 .text.LSM6DSM_G_DeInit
                0x000000000800ec38       0x58 ./Drivers/BSP/Components/LSM6DSM_ACC_GYRO_driver_HL.o
 .text.LSM6DSM_G_Sensor_Enable
                0x000000000800ec90       0x4a ./Drivers/BSP/Components/LSM6DSM_ACC_GYRO_driver_HL.o
 .text.LSM6DSM_G_Sensor_Disable
                0x000000000800ecda       0x58 ./Drivers/BSP/Components/LSM6DSM_ACC_GYRO_driver_HL.o
 .text.LSM6DSM_G_Get_WhoAmI
                0x000000000800ed32       0x1c ./Drivers/BSP/Components/LSM6DSM_ACC_GYRO_driver_HL.o
 .text.LSM6DSM_G_Check_WhoAmI
                0x000000000800ed4e       0x18 ./Drivers/BSP/Components/LSM6DSM_ACC_GYRO_driver_HL.o
 .text.LSM6DSM_G_Get_Axes
                0x000000000800ed66       0xa6 ./Drivers/BSP/Components/LSM6DSM_ACC_GYRO_driver_HL.o
 .text.LSM6DSM_G_Get_AxesRaw
                0x000000000800ee0c       0x42 ./Drivers/BSP/Components/LSM6DSM_ACC_GYRO_driver_HL.o
 *fill*         0x000000000800ee4e        0x2 
 .text.LSM6DSM_G_Get_Sensitivity
                0x000000000800ee50       0xd0 ./Drivers/BSP/Components/LSM6DSM_ACC_GYRO_driver_HL.o
 .text.LSM6DSM_G_Get_ODR
                0x000000000800ef20      0x110 ./Drivers/BSP/Components/LSM6DSM_ACC_GYRO_driver_HL.o
 .text.LSM6DSM_G_Set_ODR
                0x000000000800f030       0x46 ./Drivers/BSP/Components/LSM6DSM_ACC_GYRO_driver_HL.o
 .text.LSM6DSM_G_Set_ODR_Value
                0x000000000800f076       0x46 ./Drivers/BSP/Components/LSM6DSM_ACC_GYRO_driver_HL.o
 .text.LSM6DSM_G_Get_FS
                0x000000000800f0bc       0xd0 ./Drivers/BSP/Components/LSM6DSM_ACC_GYRO_driver_HL.o
 .text.LSM6DSM_G_Set_FS
                0x000000000800f18c       0x54 ./Drivers/BSP/Components/LSM6DSM_ACC_GYRO_driver_HL.o
 .text.LSM6DSM_G_Set_FS_Value
                0x000000000800f1e0       0xb8 ./Drivers/BSP/Components/LSM6DSM_ACC_GYRO_driver_HL.o
 .text.LSM6DSM_Get_WhoAmI
                0x000000000800f298       0x26 ./Drivers/BSP/Components/LSM6DSM_ACC_GYRO_driver_HL.o
 .text.LSM6DSM_Check_WhoAmI
                0x000000000800f2be       0x3a ./Drivers/BSP/Components/LSM6DSM_ACC_GYRO_driver_HL.o
 .text.LSM6DSM_X_Get_Axes_Raw
                0x000000000800f2f8       0x84 ./Drivers/BSP/Components/LSM6DSM_ACC_GYRO_driver_HL.o
 .text.LSM6DSM_X_Set_ODR_When_Enabled
                0x000000000800f37c       0x6c ./Drivers/BSP/Components/LSM6DSM_ACC_GYRO_driver_HL.o
 .text.LSM6DSM_X_Set_ODR_When_Disabled
                0x000000000800f3e8       0x84 ./Drivers/BSP/Components/LSM6DSM_ACC_GYRO_driver_HL.o
 .text.LSM6DSM_X_Set_ODR_Value_When_Enabled
                0x000000000800f46c      0x110 ./Drivers/BSP/Components/LSM6DSM_ACC_GYRO_driver_HL.o
 .text.LSM6DSM_X_Set_ODR_Value_When_Disabled
                0x000000000800f57c      0x138 ./Drivers/BSP/Components/LSM6DSM_ACC_GYRO_driver_HL.o
 .text.LSM6DSM_G_Get_Axes_Raw
                0x000000000800f6b4       0x84 ./Drivers/BSP/Components/LSM6DSM_ACC_GYRO_driver_HL.o
 .text.LSM6DSM_G_Set_ODR_When_Enabled
                0x000000000800f738       0x6c ./Drivers/BSP/Components/LSM6DSM_ACC_GYRO_driver_HL.o
 .text.LSM6DSM_G_Set_ODR_When_Disabled
                0x000000000800f7a4       0x84 ./Drivers/BSP/Components/LSM6DSM_ACC_GYRO_driver_HL.o
 .text.LSM6DSM_G_Set_ODR_Value_When_Enabled
                0x000000000800f828      0x110 ./Drivers/BSP/Components/LSM6DSM_ACC_GYRO_driver_HL.o
 .text.LSM6DSM_G_Set_ODR_Value_When_Disabled
                0x000000000800f938      0x138 ./Drivers/BSP/Components/LSM6DSM_ACC_GYRO_driver_HL.o
 .text.LSM6DSM_X_Enable_Free_Fall_Detection
                0x000000000800fa70       0xbc ./Drivers/BSP/Components/LSM6DSM_ACC_GYRO_driver_HL.o
 .text.LSM6DSM_X_Disable_Free_Fall_Detection
                0x000000000800fb2c       0x5a ./Drivers/BSP/Components/LSM6DSM_ACC_GYRO_driver_HL.o
 .text.LSM6DSM_X_Get_Free_Fall_Detection_Status
                0x000000000800fb86       0x48 ./Drivers/BSP/Components/LSM6DSM_ACC_GYRO_driver_HL.o
 .text.LSM6DSM_X_Set_Free_Fall_Threshold
                0x000000000800fbce       0x2a ./Drivers/BSP/Components/LSM6DSM_ACC_GYRO_driver_HL.o
 .text.LSM6DSM_X_Enable_Pedometer
                0x000000000800fbf8       0x80 ./Drivers/BSP/Components/LSM6DSM_ACC_GYRO_driver_HL.o
 .text.LSM6DSM_X_Disable_Pedometer
                0x000000000800fc78       0x5a ./Drivers/BSP/Components/LSM6DSM_ACC_GYRO_driver_HL.o
 .text.LSM6DSM_X_Get_Pedometer_Status
                0x000000000800fcd2       0x48 ./Drivers/BSP/Components/LSM6DSM_ACC_GYRO_driver_HL.o
 .text.LSM6DSM_X_Get_Step_Count
                0x000000000800fd1a       0x26 ./Drivers/BSP/Components/LSM6DSM_ACC_GYRO_driver_HL.o
 .text.LSM6DSM_X_Enable_Step_Counter_Reset
                0x000000000800fd40       0x24 ./Drivers/BSP/Components/LSM6DSM_ACC_GYRO_driver_HL.o
 .text.LSM6DSM_X_Disable_Step_Counter_Reset
                0x000000000800fd64       0x24 ./Drivers/BSP/Components/LSM6DSM_ACC_GYRO_driver_HL.o
 .text.LSM6DSM_X_Set_Pedometer_Threshold
                0x000000000800fd88       0x2a ./Drivers/BSP/Components/LSM6DSM_ACC_GYRO_driver_HL.o
 .text.LSM6DSM_X_Enable_Tilt_Detection
                0x000000000800fdb2       0x6e ./Drivers/BSP/Components/LSM6DSM_ACC_GYRO_driver_HL.o
 .text.LSM6DSM_X_Disable_Tilt_Detection
                0x000000000800fe20       0x48 ./Drivers/BSP/Components/LSM6DSM_ACC_GYRO_driver_HL.o
 .text.LSM6DSM_X_Get_Tilt_Detection_Status
                0x000000000800fe68       0x48 ./Drivers/BSP/Components/LSM6DSM_ACC_GYRO_driver_HL.o
 .text.LSM6DSM_X_Enable_Wake_Up_Detection
                0x000000000800feb0       0x84 ./Drivers/BSP/Components/LSM6DSM_ACC_GYRO_driver_HL.o
 .text.LSM6DSM_X_Disable_Wake_Up_Detection
                0x000000000800ff34       0x5a ./Drivers/BSP/Components/LSM6DSM_ACC_GYRO_driver_HL.o
 .text.LSM6DSM_X_Get_Wake_Up_Detection_Status
                0x000000000800ff8e       0x48 ./Drivers/BSP/Components/LSM6DSM_ACC_GYRO_driver_HL.o
 .text.LSM6DSM_X_Set_Wake_Up_Threshold
                0x000000000800ffd6       0x2a ./Drivers/BSP/Components/LSM6DSM_ACC_GYRO_driver_HL.o
 .text.LSM6DSM_X_Enable_Single_Tap_Detection
                0x0000000008010000       0xcc ./Drivers/BSP/Components/LSM6DSM_ACC_GYRO_driver_HL.o
 .text.LSM6DSM_X_Disable_Single_Tap_Detection
                0x00000000080100cc       0xa2 ./Drivers/BSP/Components/LSM6DSM_ACC_GYRO_driver_HL.o
 .text.LSM6DSM_X_Get_Single_Tap_Detection_Status
                0x000000000801016e       0x48 ./Drivers/BSP/Components/LSM6DSM_ACC_GYRO_driver_HL.o
 *fill*         0x00000000080101b6        0x2 
 .text.LSM6DSM_X_Enable_Double_Tap_Detection
                0x00000000080101b8       0xf0 ./Drivers/BSP/Components/LSM6DSM_ACC_GYRO_driver_HL.o
 .text.LSM6DSM_X_Disable_Double_Tap_Detection
                0x00000000080102a8       0xc6 ./Drivers/BSP/Components/LSM6DSM_ACC_GYRO_driver_HL.o
 .text.LSM6DSM_X_Get_Double_Tap_Detection_Status
                0x000000000801036e       0x48 ./Drivers/BSP/Components/LSM6DSM_ACC_GYRO_driver_HL.o
 .text.LSM6DSM_X_Set_Tap_Threshold
                0x00000000080103b6       0x2a ./Drivers/BSP/Components/LSM6DSM_ACC_GYRO_driver_HL.o
 .text.LSM6DSM_X_Set_Tap_Shock_Time
                0x00000000080103e0       0x2a ./Drivers/BSP/Components/LSM6DSM_ACC_GYRO_driver_HL.o
 .text.LSM6DSM_X_Set_Tap_Quiet_Time
                0x000000000801040a       0x2a ./Drivers/BSP/Components/LSM6DSM_ACC_GYRO_driver_HL.o
 .text.LSM6DSM_X_Set_Tap_Duration_Time
                0x0000000008010434       0x2a ./Drivers/BSP/Components/LSM6DSM_ACC_GYRO_driver_HL.o
 *fill*         0x000000000801045e        0x2 
 .text.LSM6DSM_X_Enable_6D_Orientation
                0x0000000008010460       0x74 ./Drivers/BSP/Components/LSM6DSM_ACC_GYRO_driver_HL.o
 .text.LSM6DSM_X_Disable_6D_Orientation
                0x00000000080104d4       0x48 ./Drivers/BSP/Components/LSM6DSM_ACC_GYRO_driver_HL.o
 .text.LSM6DSM_X_Get_6D_Orientation_Status
                0x000000000801051c       0x48 ./Drivers/BSP/Components/LSM6DSM_ACC_GYRO_driver_HL.o
 .text.LSM6DSM_X_Get_6D_Orientation_XL
                0x0000000008010564       0x48 ./Drivers/BSP/Components/LSM6DSM_ACC_GYRO_driver_HL.o
 .text.LSM6DSM_X_Get_6D_Orientation_XH
                0x00000000080105ac       0x48 ./Drivers/BSP/Components/LSM6DSM_ACC_GYRO_driver_HL.o
 .text.LSM6DSM_X_Get_6D_Orientation_YL
                0x00000000080105f4       0x48 ./Drivers/BSP/Components/LSM6DSM_ACC_GYRO_driver_HL.o
 .text.LSM6DSM_X_Get_6D_Orientation_YH
                0x000000000801063c       0x48 ./Drivers/BSP/Components/LSM6DSM_ACC_GYRO_driver_HL.o
 .text.LSM6DSM_X_Get_6D_Orientation_ZL
                0x0000000008010684       0x48 ./Drivers/BSP/Components/LSM6DSM_ACC_GYRO_driver_HL.o
 .text.LSM6DSM_X_Get_6D_Orientation_ZH
                0x00000000080106cc       0x48 ./Drivers/BSP/Components/LSM6DSM_ACC_GYRO_driver_HL.o
 .text.LSM6DSM_X_Read_Reg
                0x0000000008010714       0x2e ./Drivers/BSP/Components/LSM6DSM_ACC_GYRO_driver_HL.o
 .text.LSM6DSM_X_Write_Reg
                0x0000000008010742       0x30 ./Drivers/BSP/Components/LSM6DSM_ACC_GYRO_driver_HL.o
 .text.LSM6DSM_X_Get_DRDY_Status
                0x0000000008010772       0x48 ./Drivers/BSP/Components/LSM6DSM_ACC_GYRO_driver_HL.o
 .text.LSM6DSM_G_Read_Reg
                0x00000000080107ba       0x2e ./Drivers/BSP/Components/LSM6DSM_ACC_GYRO_driver_HL.o
 .text.LSM6DSM_G_Write_Reg
                0x00000000080107e8       0x30 ./Drivers/BSP/Components/LSM6DSM_ACC_GYRO_driver_HL.o
 .text.LSM6DSM_G_Get_DRDY_Status
                0x0000000008010818       0x48 ./Drivers/BSP/Components/LSM6DSM_ACC_GYRO_driver_HL.o
 .text.STC3115_Init
                0x0000000008010860      0x254 ./Drivers/BSP/Components/STC3115_Driver.o
 .text.STC3115_DeInit
                0x0000000008010ab4       0x1c ./Drivers/BSP/Components/STC3115_Driver.o
 .text.STC3115_Get_WhoAmI
                0x0000000008010ad0       0x2a ./Drivers/BSP/Components/STC3115_Driver.o
 *fill*         0x0000000008010afa        0x2 
 .text.STC3115_Task
                0x0000000008010afc      0x2a8 ./Drivers/BSP/Components/STC3115_Driver.o
 .text.STC3115_Reset
                0x0000000008010da4       0x52 ./Drivers/BSP/Components/STC3115_Driver.o
 .text.STC3115_Stop
                0x0000000008010df6       0x4e ./Drivers/BSP/Components/STC3115_Driver.o
 .text.STC3115_GetSOC
                0x0000000008010e44       0x38 ./Drivers/BSP/Components/STC3115_Driver.o
 .text.STC3115_GetOCV
                0x0000000008010e7c       0x26 ./Drivers/BSP/Components/STC3115_Driver.o
 .text.STC3115_GetCurrent
                0x0000000008010ea2       0x24 ./Drivers/BSP/Components/STC3115_Driver.o
 .text.STC3115_GetTemperature
                0x0000000008010ec6       0x24 ./Drivers/BSP/Components/STC3115_Driver.o
 .text.STC3115_GetVoltage
                0x0000000008010eea       0x26 ./Drivers/BSP/Components/STC3115_Driver.o
 .text.STC3115_GetChargeValue
                0x0000000008010f10       0x26 ./Drivers/BSP/Components/STC3115_Driver.o
 .text.STC3115_GetPresence
                0x0000000008010f36       0x26 ./Drivers/BSP/Components/STC3115_Driver.o
 .text.STC3115_GetAlarmStatus
                0x0000000008010f5c       0x2a ./Drivers/BSP/Components/STC3115_Driver.o
 .text.STC3115_Status
                0x0000000008010f86       0x52 ./Drivers/BSP/Components/STC3115_Driver.o
 .text.STC3115_CalcRamCRC8
                0x0000000008010fd8       0x6c ./Drivers/BSP/Components/STC3115_Driver.o
 .text.STC3115_UpdateRamCRC
                0x0000000008011044       0x30 ./Drivers/BSP/Components/STC3115_Driver.o
 .text.STC3115_InitRamData
                0x0000000008011074       0x5a ./Drivers/BSP/Components/STC3115_Driver.o
 .text.STC3115_WriteRamData
                0x00000000080110ce       0x2c ./Drivers/BSP/Components/STC3115_Driver.o
 .text.STC3115_ReadRamData
                0x00000000080110fa       0x2c ./Drivers/BSP/Components/STC3115_Driver.o
 .text.STC3115_ReadBatteryData
                0x0000000008011126      0x156 ./Drivers/BSP/Components/STC3115_Driver.o
 .text.STC3115_Restore
                0x000000000801127c       0x60 ./Drivers/BSP/Components/STC3115_Driver.o
 .text.STC3115_Powerdown
                0x00000000080112dc       0x42 ./Drivers/BSP/Components/STC3115_Driver.o
 .text.STC3115_conv
                0x000000000801131e       0x38 ./Drivers/BSP/Components/STC3115_Driver.o
 .text.STC3115_Startup
                0x0000000008011356       0x48 ./Drivers/BSP/Components/STC3115_Driver.o
 .text.STC3115_Read
                0x000000000801139e       0x36 ./Drivers/BSP/Components/STC3115_Driver.o
 .text.STC3115_Write
                0x00000000080113d4       0x36 ./Drivers/BSP/Components/STC3115_Driver.o
 .text.STC3115_ReadWord
                0x000000000801140a       0x3a ./Drivers/BSP/Components/STC3115_Driver.o
 .text.STC3115_WriteWord
                0x0000000008011444       0x38 ./Drivers/BSP/Components/STC3115_Driver.o
 .text.STC3115_SetParam
                0x000000000801147c      0x128 ./Drivers/BSP/Components/STC3115_Driver.o
 .text.BSP_LED_Init
                0x00000000080115a4       0xa0 ./Drivers/BSP/SensorTile/SensorTile.o
                0x00000000080115a4                BSP_LED_Init
 .text.BSP_LED_On
                0x0000000008011644       0x5c ./Drivers/BSP/SensorTile/SensorTile.o
                0x0000000008011644                BSP_LED_On
 .text.BSP_LED_Off
                0x00000000080116a0       0x5c ./Drivers/BSP/SensorTile/SensorTile.o
                0x00000000080116a0                BSP_LED_Off
 .text.Sensor_IO_I2C_Init
                0x00000000080116fc       0x18 ./Drivers/BSP/SensorTile/SensorTile.o
                0x00000000080116fc                Sensor_IO_I2C_Init
 .text.Sensor_IO_SPI_Init
                0x0000000008011714      0x118 ./Drivers/BSP/SensorTile/SensorTile.o
                0x0000000008011714                Sensor_IO_SPI_Init
 .text.Sensor_IO_SPI_CS_Init_All
                0x000000000801182c      0x124 ./Drivers/BSP/SensorTile/SensorTile.o
                0x000000000801182c                Sensor_IO_SPI_CS_Init_All
 .text.Sensor_IO_SPI_CS_Init
                0x0000000008011950      0x12c ./Drivers/BSP/SensorTile/SensorTile.o
                0x0000000008011950                Sensor_IO_SPI_CS_Init
 .text.Sensor_IO_Write
                0x0000000008011a7c       0x86 ./Drivers/BSP/SensorTile/SensorTile.o
                0x0000000008011a7c                Sensor_IO_Write
 .text.Sensor_IO_I2C_Write