Archive member included to satisfy reference by file (symbol)

c:/st/stm32cubeide_1.7.0/stm32cubeide/plugins/com.st.stm32cube.ide.mcu.externaltools.gnu-tools-for-stm32.9-2020-q2-update.win32_2.0.0.202105311346/tools/bin/../lib/gcc/arm-none-eabi/9.3.1/../../../../arm-none-eabi/lib/thumb/v7e-m+fp/hard\libc_nano.a(lib_a-errno.o)
                              ./DataLog/User/syscalls.o (__errno)
c:/st/stm32cubeide_1.7.0/stm32cubeide/plugins/com.st.stm32cube.ide.mcu.externaltools.gnu-tools-for-stm32.9-2020-q2-update.win32_2.0.0.202105311346/tools/bin/../lib/gcc/arm-none-eabi/9.3.1/../../../../arm-none-eabi/lib/thumb/v7e-m+fp/hard\libc_nano.a(lib_a-exit.o)
                              c:/st/stm32cubeide_1.7.0/stm32cubeide/plugins/com.st.stm32cube.ide.mcu.externaltools.gnu-tools-for-stm32.9-2020-q2-update.win32_2.0.0.202105311346/tools/bin/../lib/gcc/arm-none-eabi/9.3.1/../../../../arm-none-eabi/lib/thumb/v7e-m+fp/hard/crt0.o (exit)
c:/st/stm32cubeide_1.7.0/stm32cubeide/plugins/com.st.stm32cube.ide.mcu.externaltools.gnu-tools-for-stm32.9-2020-q2-update.win32_2.0.0.202105311346/tools/bin/../lib/gcc/arm-none-eabi/9.3.1/../../../../arm-none-eabi/lib/thumb/v7e-m+fp/hard\libc_nano.a(lib_a-impure.o)
                              c:/st/stm32cubeide_1.7.0/stm32cubeide/plugins/com.st.stm32cube.ide.mcu.externaltools.gnu-tools-for-stm32.9-2020-q2-update.win32_2.0.0.202105311346/tools/bin/../lib/gcc/arm-none-eabi/9.3.1/../../../../arm-none-eabi/lib/thumb/v7e-m+fp/hard\libc_nano.a(lib_a-exit.o) (_global_impure_ptr)
c:/st/stm32cubeide_1.7.0/stm32cubeide/plugins/com.st.stm32cube.ide.mcu.externaltools.gnu-tools-for-stm32.9-2020-q2-update.win32_2.0.0.202105311346/tools/bin/../lib/gcc/arm-none-eabi/9.3.1/../../../../arm-none-eabi/lib/thumb/v7e-m+fp/hard\libc_nano.a(lib_a-init.o)
                              c:/st/stm32cubeide_1.7.0/stm32cubeide/plugins/com.st.stm32cube.ide.mcu.externaltools.gnu-tools-for-stm32.9-2020-q2-update.win32_2.0.0.202105311346/tools/bin/../lib/gcc/arm-none-eabi/9.3.1/../../../../arm-none-eabi/lib/thumb/v7e-m+fp/hard/crt0.o (__libc_init_array)
c:/st/stm32cubeide_1.7.0/stm32cubeide/plugins/com.st.stm32cube.ide.mcu.externaltools.gnu-tools-for-stm32.9-2020-q2-update.win32_2.0.0.202105311346/tools/bin/../lib/gcc/arm-none-eabi/9.3.1/../../../../arm-none-eabi/lib/thumb/v7e-m+fp/hard\libc_nano.a(lib_a-malloc.o)
                              ./Middlewares/FatFs/syscall.o (malloc)
c:/st/stm32cubeide_1.7.0/stm32cubeide/plugins/com.st.stm32cube.ide.mcu.externaltools.gnu-tools-for-stm32.9-2020-q2-update.win32_2.0.0.202105311346/tools/bin/../lib/gcc/arm-none-eabi/9.3.1/../../../../arm-none-eabi/lib/thumb/v7e-m+fp/hard\libc_nano.a(lib_a-memcpy-stub.o)
                              ./DataLog/User/datalog_application.o (memcpy)
c:/st/stm32cubeide_1.7.0/stm32cubeide/plugins/com.st.stm32cube.ide.mcu.externaltools.gnu-tools-for-stm32.9-2020-q2-update.win32_2.0.0.202105311346/tools/bin/../lib/gcc/arm-none-eabi/9.3.1/../../../../arm-none-eabi/lib/thumb/v7e-m+fp/hard\libc_nano.a(lib_a-memset.o)
                              c:/st/stm32cubeide_1.7.0/stm32cubeide/plugins/com.st.stm32cube.ide.mcu.externaltools.gnu-tools-for-stm32.9-2020-q2-update.win32_2.0.0.202105311346/tools/bin/../lib/gcc/arm-none-eabi/9.3.1/../../../../arm-none-eabi/lib/thumb/v7e-m+fp/hard/crt0.o (memset)
c:/st/stm32cubeide_1.7.0/stm32cubeide/plugins/com.st.stm32cube.ide.mcu.externaltools.gnu-tools-for-stm32.9-2020-q2-update.win32_2.0.0.202105311346/tools/bin/../lib/gcc/arm-none-eabi/9.3.1/../../../../arm-none-eabi/lib/thumb/v7e-m+fp/hard\libc_nano.a(lib_a-nano-freer.o)
                              c:/st/stm32cubeide_1.7.0/stm32cubeide/plugins/com.st.stm32cube.ide.mcu.externaltools.gnu-tools-for-stm32.9-2020-q2-update.win32_2.0.0.202105311346/tools/bin/../lib/gcc/arm-none-eabi/9.3.1/../../../../arm-none-eabi/lib/thumb/v7e-m+fp/hard\libc_nano.a(lib_a-malloc.o) (_free_r)
c:/st/stm32cubeide_1.7.0/stm32cubeide/plugins/com.st.stm32cube.ide.mcu.externaltools.gnu-tools-for-stm32.9-2020-q2-update.win32_2.0.0.202105311346/tools/bin/../lib/gcc/arm-none-eabi/9.3.1/../../../../arm-none-eabi/lib/thumb/v7e-m+fp/hard\libc_nano.a(lib_a-nano-mallocr.o)
                              c:/st/stm32cubeide_1.7.0/stm32cubeide/plugins/com.st.stm32cube.ide.mcu.externaltools.gnu-tools-for-stm32.9-2020-q2-update.win32_2.0.0.202105311346/tools/bin/../lib/gcc/arm-none-eabi/9.3.1/../../../../arm-none-eabi/lib/thumb/v7e-m+fp/hard\libc_nano.a(lib_a-malloc.o) (_malloc_r)
c:/st/stm32cubeide_1.7.0/stm32cubeide/plugins/com.st.stm32cube.ide.mcu.externaltools.gnu-tools-for-stm32.9-2020-q2-update.win32_2.0.0.202105311346/tools/bin/../lib/gcc/arm-none-eabi/9.3.1/../../../../arm-none-eabi/lib/thumb/v7e-m+fp/hard\libc_nano.a(lib_a-nano-vfprintf_float.o)
                              (_printf_float)
[...]
Memory Configuration

Name             Origin             Length             Attributes
FLASH            0x0000000008004000 0x0000000000040000 xr
RAM              0x0000000020000000 0x0000000000018000 xrw
SRAM2            0x0000000010000000 0x0000000000008000 xrw
*default*        0x0000000000000000 0xffffffffffffffff

Linker script and memory map

LOAD c:/st/stm32cubeide_1.7.0/stm32cubeide/plugins/com.st.stm32cube.ide.mcu.externaltools.gnu-tools-for-stm32.9-2020-q2-update.win32_2.0.0.202105311346/tools/bin/../lib/gcc/arm-none-eabi/9.3.1/thumb/v7e-m+fp/hard/crti.o
LOAD c:/st/stm32cubeide_1.7.0/stm32cubeide/plugins/com.st.stm32cube.ide.mcu.externaltools.gnu-tools-for-stm32.9-2020-q2-update.win32_2.0.0.202105311346/tools/bin/../lib/gcc/arm-none-eabi/9.3.1/thumb/v7e-m+fp/hard/crtbegin.o
LOAD c:/st/stm32cubeide_1.7.0/stm32cubeide/plugins/com.st.stm32cube.ide.mcu.externaltools.gnu-tools-for-stm32.9-2020-q2-update.win32_2.0.0.202105311346/tools/bin/../lib/gcc/arm-none-eabi/9.3.1/../../../../arm-none-eabi/lib/thumb/v7e-m+fp/hard/crt0.o
LOAD ./DataLog/SW4STM32/startup_stm32l476xx.o
LOAD ./DataLog/User/cube_hal_l4.o
LOAD ./DataLog/User/datalog_application.o
LOAD ./DataLog/User/embeddedML.o
LOAD ./DataLog/User/main.o
LOAD ./DataLog/User/stm32l4xx_hal_msp.o
LOAD ./DataLog/User/stm32l4xx_it.o
LOAD ./DataLog/User/syscalls.o
LOAD ./DataLog/User/usbd_cdc_interface.o
LOAD ./DataLog/User/usbd_conf.o
LOAD ./DataLog/User/usbd_desc.o
LOAD ./Drivers/BSP/Components/HTS221_Driver.o
LOAD ./Drivers/BSP/Components/HTS221_Driver_HL.o
LOAD ./Drivers/BSP/Components/LPS22HB_Driver.o
LOAD ./Drivers/BSP/Components/LPS22HB_Driver_HL.o
LOAD ./Drivers/BSP/Components/LSM303AGR_ACC_driver.o
LOAD ./Drivers/BSP/Components/LSM303AGR_ACC_driver_HL.o
LOAD ./Drivers/BSP/Components/LSM303AGR_MAG_driver.o
LOAD ./Drivers/BSP/Components/LSM303AGR_MAG_driver_HL.o
LOAD ./Drivers/BSP/Components/LSM6DSM_ACC_GYRO_driver.o
LOAD ./Drivers/BSP/Components/LSM6DSM_ACC_GYRO_driver_HL.o
LOAD ./Drivers/BSP/Components/STC3115_Driver.o
LOAD ./Drivers/BSP/SensorTile/SensorTile.o
LOAD ./Drivers/BSP/SensorTile/SensorTile_accelero.o
LOAD ./Drivers/BSP/SensorTile/SensorTile_gg.o
LOAD ./Drivers/BSP/SensorTile/SensorTile_gyro.o
LOAD ./Drivers/BSP/SensorTile/SensorTile_humidity.o
LOAD ./Drivers/BSP/SensorTile/SensorTile_magneto.o
LOAD ./Drivers/BSP/SensorTile/SensorTile_pressure.o
LOAD ./Drivers/BSP/SensorTile/SensorTile_sd.o
LOAD ./Drivers/BSP/SensorTile/SensorTile_temperature.o
LOAD ./Drivers/CMSIS/system_stm32l4xx.o
LOAD ./Drivers/STM32L4xx_HAL_Driver/stm32l4xx_hal.o
LOAD ./Drivers/STM32L4xx_HAL_Driver/stm32l4xx_hal_cortex.o
LOAD ./Drivers/STM32L4xx_HAL_Driver/stm32l4xx_hal_dma.o
LOAD ./Drivers/STM32L4xx_HAL_Driver/stm32l4xx_hal_gpio.o
LOAD ./Drivers/STM32L4xx_HAL_Driver/stm32l4xx_hal_i2c.o
LOAD ./Drivers/STM32L4xx_HAL_Driver/stm32l4xx_hal_i2c_ex.o
LOAD ./Drivers/STM32L4xx_HAL_Driver/stm32l4xx_hal_pcd.o
LOAD ./Drivers/STM32L4xx_HAL_Driver/stm32l4xx_hal_pcd_ex.o
LOAD ./Drivers/STM32L4xx_HAL_Driver/stm32l4xx_hal_pwr.o
LOAD ./Drivers/STM32L4xx_HAL_Driver/stm32l4xx_hal_pwr_ex.o
LOAD ./Drivers/STM32L4xx_HAL_Driver/stm32l4xx_hal_rcc.o
LOAD ./Drivers/STM32L4xx_HAL_Driver/stm32l4xx_hal_rcc_ex.o
LOAD ./Drivers/STM32L4xx_HAL_Driver/stm32l4xx_hal_rtc.o
LOAD ./Drivers/STM32L4xx_HAL_Driver/stm32l4xx_hal_rtc_ex.o
LOAD ./Drivers/STM32L4xx_HAL_Driver/stm32l4xx_hal_spi.o
LOAD ./Drivers/STM32L4xx_HAL_Driver/stm32l4xx_hal_spi_ex.o
LOAD ./Drivers/STM32L4xx_HAL_Driver/stm32l4xx_hal_tim.o
LOAD ./Drivers/STM32L4xx_HAL_Driver/stm32l4xx_hal_tim_ex.o
LOAD ./Drivers/STM32L4xx_HAL_Driver/stm32l4xx_ll_usb.o
LOAD ./Middlewares/FatFs/diskio.o
LOAD ./Middlewares/FatFs/ff.o
LOAD ./Middlewares/FatFs/ff_gen_drv.o
LOAD ./Middlewares/FatFs/sd_diskio.o
LOAD ./Middlewares/FatFs/syscall.o
LOAD ./Middlewares/FatFs/unicode.o
LOAD ./Middlewares/STM32_USBD_Library/Class/usbd_cdc.o
LOAD ./Middlewares/STM32_USBD_Library/Core/usbd_core.o
LOAD ./Middlewares/STM32_USBD_Library/Core/usbd_ctlreq.o
LOAD ./Middlewares/STM32_USBD_Library/Core/usbd_ioreq.o
START GROUP
LOAD c:/st/stm32cubeide_1.7.0/stm32cubeide/plugins/com.st.stm32cube.ide.mcu.externaltools.gnu-tools-for-stm32.9-2020-q2-update.win32_2.0.0.202105311346/tools/bin/../lib/gcc/arm-none-eabi/9.3.1/../../../../arm-none-eabi/lib/thumb/v7e-m+fp/hard\libc_nano.a
LOAD c:/st/stm32cubeide_1.7.0/stm32cubeide/plugins/com.st.stm32cube.ide.mcu.externaltools.gnu-tools-for-stm32.9-2020-q2-update.win32_2.0.0.202105311346/tools/bin/../lib/gcc/arm-none-eabi/9.3.1/../../../../arm-none-eabi/lib/thumb/v7e-m+fp/hard\libm.a
END GROUP
START GROUP
LOAD c:/st/stm32cubeide_1.7.0/stm32cubeide/plugins/com.st.stm32cube.ide.mcu.externaltools.gnu-tools-for-stm32.9-2020-q2-update.win32_2.0.0.202105311346/tools/bin/../lib/gcc/arm-none-eabi/9.3.1/thumb/v7e-m+fp/hard\libgcc.a
LOAD c:/st/stm32cubeide_1.7.0/stm32cubeide/plugins/com.st.stm32cube.ide.mcu.externaltools.gnu-tools-for-stm32.9-2020-q2-update.win32_2.0.0.202105311346/tools/bin/../lib/gcc/arm-none-eabi/9.3.1/../../../../arm-none-eabi/lib/thumb/v7e-m+fp/hard\libc_nano.a
END GROUP
START GROUP
LOAD c:/st/stm32cubeide_1.7.0/stm32cubeide/plugins/com.st.stm32cube.ide.mcu.externaltools.gnu-tools-for-stm32.9-2020-q2-update.win32_2.0.0.202105311346/tools/bin/../lib/gcc/arm-none-eabi/9.3.1/thumb/v7e-m+fp/hard\libgcc.a
LOAD c:/st/stm32cubeide_1.7.0/stm32cubeide/plugins/com.st.stm32cube.ide.mcu.externaltools.gnu-tools-for-stm32.9-2020-q2-update.win32_2.0.0.202105311346/tools/bin/../lib/gcc/arm-none-eabi/9.3.1/../../../../arm-none-eabi/lib/thumb/v7e-m+fp/hard\libc_nano.a
END GROUP
LOAD c:/st/stm32cubeide_1.7.0/stm32cubeide/plugins/com.st.stm32cube.ide.mcu.externaltools.gnu-tools-for-stm32.9-2020-q2-update.win32_2.0.0.202105311346/tools/bin/../lib/gcc/arm-none-eabi/9.3.1/thumb/v7e-m+fp/hard/crtend.o
LOAD c:/st/stm32cubeide_1.7.0/stm32cubeide/plugins/com.st.stm32cube.ide.mcu.externaltools.gnu-tools-for-stm32.9-2020-q2-update.win32_2.0.0.202105311346/tools/bin/../lib/gcc/arm-none-eabi/9.3.1/thumb/v7e-m+fp/hard/crtn.o
                0x0000000020017fff                _estack = 0x20017fff
                0x0000000000002000                _Min_Heap_Size = 0x2000
                0x0000000000002000                _Min_Stack_Size = 0x2000

.isr_vector     0x0000000008004000      0x188
                0x0000000008004000                . = ALIGN (0x8)
 *(.isr_vector)
 .isr_vector    0x0000000008004000      0x188 ./DataLog/SW4STM32/startup_stm32l476xx.o
                0x0000000008004000                g_pfnVectors
                0x0000000008004188                . = ALIGN (0x8)

.text           0x0000000008004190    0x1d5d8
                0x0000000008004190                . = ALIGN (0x8)
 *(.text)
 .text          0x0000000008004190       0x40 c:/st/stm32cubeide_1.7.0/stm32cubeide/plugins/com.st.stm32cube.ide.mcu.externaltools.gnu-tools-for-stm32.9-2020-q2-update.win32_2.0.0.202105311346/tools/bin/../lib/gcc/arm-none-eabi/9.3.1/thumb/v7e-m+fp/hard/crtbegin.o
 .text          0x00000000080041d0       0x10 c:/st/stm32cubeide_1.7.0/stm32cubeide/plugins/com.st.stm32cube.ide.mcu.externaltools.gnu-tools-for-stm32.9-2020-q2-update.win32_2.0.0.202105311346/tools/bin/../lib/gcc/arm-none-eabi/9.3.1/../../../../arm-none-eabi/lib/thumb/v7e-m+fp/hard\libc_nano.a(lib_a-strlen.o)
                0x00000000080041d0                strlen
 .text          0x00000000080041e0       0xa0 c:/st/stm32cubeide_1.7.0/stm32cubeide/plugins/com.st.stm32cube.ide.mcu.externaltools.gnu-tools-for-stm32.9-2020-q2-update.win32_2.0.0.202105311346/tools/bin/../lib/gcc/arm-none-eabi/9.3.1/../../../../arm-none-eabi/lib/thumb/v7e-m+fp/hard\libc_nano.a(lib_a-memchr.o)
                0x00000000080041e0                memchr
 .text          0x0000000008004280      0x378 c:/st/stm32cubeide_1.7.0/stm32cubeide/plugins/com.st.stm32cube.ide.mcu.externaltools.gnu-tools-for-stm32.9-2020-q2-update.win32_2.0.0.202105311346/tools/bin/../lib/gcc/arm-none-eabi/9.3.1/thumb/v7e-m+fp/hard\libgcc.a(_arm_addsubdf3.o)
                0x0000000008004280                __aeabi_drsub
                0x0000000008004288                __aeabi_dsub
                0x0000000008004288                __subdf3
                0x000000000800428c                __aeabi_dadd
                0x000000000800428c                __adddf3
                0x0000000008004504                __floatunsidf
                0x0000000008004504                __aeabi_ui2d
                0x0000000008004524                __floatsidf
                0x0000000008004524                __aeabi_i2d
                0x0000000008004548                __aeabi_f2d
                0x0000000008004548                __extendsfdf2
                0x000000000800458c                __floatundidf
                0x000000000800458c                __aeabi_ul2d
                0x000000000800459c                __floatdidf
                0x000000000800459c                __aeabi_l2d
 .text          0x00000000080045f8      0x424 c:/st/stm32cubeide_1.7.0/stm32cubeide/plugins/com.st.stm32cube.ide.mcu.externaltools.gnu-tools-for-stm32.9-2020-q2-update.win32_2.0.0.202105311346/tools/bin/../lib/gcc/arm-none-eabi/9.3.1/thumb/v7e-m+fp/hard\libgcc.a(_arm_muldivdf3.o)
                0x00000000080045f8                __aeabi_dmul
                0x00000000080045f8                __muldf3
                0x000000000800484c                __divdf3
                0x000000000800484c                __aeabi_ddiv
 .text          0x0000000008004a1c      0x110 c:/st/stm32cubeide_1.7.0/stm32cubeide/plugins/com.st.stm32cube.ide.mcu.externaltools.gnu-tools-for-stm32.9-2020-q2-update.win32_2.0.0.202105311346/tools/bin/../lib/gcc/arm-none-eabi/9.3.1/thumb/v7e-m+fp/hard\libgcc.a(_arm_cmpdf2.o)
                0x0000000008004a1c                __gtdf2
                0x0000000008004a1c                __gedf2
                0x0000000008004a24                __ltdf2
                0x0000000008004a24                __ledf2
                0x0000000008004a2c                __nedf2
                0x0000000008004a2c                __eqdf2
                0x0000000008004a2c                __cmpdf2
                0x0000000008004aa8                __aeabi_cdrcmple
                0x0000000008004ab8                __aeabi_cdcmpeq
                0x0000000008004ab8                __aeabi_cdcmple
                0x0000000008004ac8                __aeabi_dcmpeq
                0x0000000008004adc                __aeabi_dcmplt
                0x0000000008004af0                __aeabi_dcmple
                0x0000000008004b04                __aeabi_dcmpge
                0x0000000008004b18                __aeabi_dcmpgt
 .text          0x0000000008004b2c       0x2c c:/st/stm32cubeide_1.7.0/stm32cubeide/plugins/com.st.stm32cube.ide.mcu.externaltools.gnu-tools-for-stm32.9-2020-q2-update.win32_2.0.0.202105311346/tools/bin/../lib/gcc/arm-none-eabi/9.3.1/thumb/v7e-m+fp/hard\libgcc.a(_arm_unorddf2.o)
                0x0000000008004b2c                __unorddf2
                0x0000000008004b2c                __aeabi_dcmpun
 .text          0x0000000008004b58       0x50 c:/st/stm32cubeide_1.7.0/stm32cubeide/plugins/com.st.stm32cube.ide.mcu.externaltools.gnu-tools-for-stm32.9-2020-q2-update.win32_2.0.0.202105311346/tools/bin/../lib/gcc/arm-none-eabi/9.3.1/thumb/v7e-m+fp/hard\libgcc.a(_arm_fixdfsi.o)
                0x0000000008004b58                __aeabi_d2iz
                0x0000000008004b58                __fixdfsi
 .text          0x0000000008004ba8       0x40 c:/st/stm32cubeide_1.7.0/stm32cubeide/plugins/com.st.stm32cube.ide.mcu.externaltools.gnu-tools-for-stm32.9-2020-q2-update.win32_2.0.0.202105311346/tools/bin/../lib/gcc/arm-none-eabi/9.3.1/thumb/v7e-m+fp/hard\libgcc.a(_arm_fixunsdfsi.o)
                0x0000000008004ba8                __aeabi_d2uiz
                0x0000000008004ba8                __fixunsdfsi
 .text          0x0000000008004be8       0xa0 c:/st/stm32cubeide_1.7.0/stm32cubeide/plugins/com.st.stm32cube.ide.mcu.externaltools.gnu-tools-for-stm32.9-2020-q2-update.win32_2.0.0.202105311346/tools/bin/../lib/gcc/arm-none-eabi/9.3.1/thumb/v7e-m+fp/hard\libgcc.a(_arm_truncdfsf2.o)
                0x0000000008004be8                __truncdfsf2
                0x0000000008004be8                __aeabi_d2f
 .text          0x0000000008004c88       0xa0 c:/st/stm32cubeide_1.7.0/stm32cubeide/plugins/com.st.stm32cube.ide.mcu.externaltools.gnu-tools-for-stm32.9-2020-q2-update.win32_2.0.0.202105311346/tools/bin/../lib/gcc/arm-none-eabi/9.3.1/thumb/v7e-m+fp/hard\libgcc.a(_aeabi_ldivmod.o)
                0x0000000008004c88                __aeabi_ldivmod
 .text          0x0000000008004d28       0x30 c:/st/stm32cubeide_1.7.0/stm32cubeide/plugins/com.st.stm32cube.ide.mcu.externaltools.gnu-tools-for-stm32.9-2020-q2-update.win32_2.0.0.202105311346/tools/bin/../lib/gcc/arm-none-eabi/9.3.1/thumb/v7e-m+fp/hard\libgcc.a(_fixdfdi.o)
                0x0000000008004d28                __fixdfdi
                0x0000000008004d28                __aeabi_d2lz
 .text          0x0000000008004d58       0x3c c:/st/stm32cubeide_1.7.0/stm32cubeide/plugins/com.st.stm32cube.ide.mcu.externaltools.gnu-tools-for-stm32.9-2020-q2-update.win32_2.0.0.202105311346/tools/bin/../lib/gcc/arm-none-eabi/9.3.1/thumb/v7e-m+fp/hard\libgcc.a(_fixunsdfdi.o)
                0x0000000008004d58                __fixunsdfdi
                0x0000000008004d58                __aeabi_d2ulz
 .text          0x0000000008004d94      0x2c4 c:/st/stm32cubeide_1.7.0/stm32cubeide/plugins/com.st.stm32cube.ide.mcu.externaltools.gnu-tools-for-stm32.9-2020-q2-update.win32_2.0.0.202105311346/tools/bin/../lib/gcc/arm-none-eabi/9.3.1/thumb/v7e-m+fp/hard\libgcc.a(_udivmoddi4.o)
                0x0000000008004d94                __udivmoddi4
 .text          0x0000000008005058        0x4 c:/st/stm32cubeide_1.7.0/stm32cubeide/plugins/com.st.stm32cube.ide.mcu.externaltools.gnu-tools-for-stm32.9-2020-q2-update.win32_2.0.0.202105311346/tools/bin/../lib/gcc/arm-none-eabi/9.3.1/thumb/v7e-m+fp/hard\libgcc.a(_dvmd_tls.o)
                0x0000000008005058                __aeabi_idiv0
                0x0000000008005058                __aeabi_ldiv0
 *(.text*)
 .text.Reset_Handler
                0x000000000800505c       0x50 ./DataLog/SW4STM32/startup_stm32l476xx.o
                0x000000000800505c                Reset_Handler
 .text.Default_Handler
                0x00000000080050ac        0x2 ./DataLog/SW4STM32/startup_stm32l476xx.o
                0x00000000080050ac                RTC_Alarm_IRQHandler
                0x00000000080050ac                TIM8_TRG_COM_IRQHandler
                0x00000000080050ac                TIM8_CC_IRQHandler
                0x00000000080050ac                TIM1_CC_IRQHandler
                0x00000000080050ac                TSC_IRQHandler
                0x00000000080050ac                TAMP_STAMP_IRQHandler
                0x00000000080050ac                PendSV_Handler
                0x00000000080050ac                EXTI3_IRQHandler
                0x00000000080050ac                LPTIM2_IRQHandler
                0x00000000080050ac                DFSDM1_FLT1_IRQHandler
                0x00000000080050ac                I2C3_ER_IRQHandler
                0x00000000080050ac                DFSDM1_FLT2_IRQHandler
                0x00000000080050ac                EXTI0_IRQHandler
                0x00000000080050ac                I2C2_EV_IRQHandler
                0x00000000080050ac                CAN1_RX0_IRQHandler
                0x00000000080050ac                FPU_IRQHandler
                0x00000000080050ac                TIM1_UP_TIM16_IRQHandler
                0x00000000080050ac                UsageFault_Handler
                0x00000000080050ac                ADC1_2_IRQHandler
                0x00000000080050ac                SPI1_IRQHandler
                0x00000000080050ac                TIM6_DAC_IRQHandler
                0x00000000080050ac                TIM8_UP_IRQHandler
                0x00000000080050ac                DMA2_Channel2_IRQHandler
                0x00000000080050ac                DMA1_Channel4_IRQHandler
                0x00000000080050ac                SAI2_IRQHandler
                0x00000000080050ac                DFSDM1_FLT3_IRQHandler
                0x00000000080050ac                USART3_IRQHandler
                0x00000000080050ac                DMA1_Channel7_IRQHandler
                0x00000000080050ac                CAN1_RX1_IRQHandler
                0x00000000080050ac                LCD_IRQHandler
                0x00000000080050ac                UART5_IRQHandler
                0x00000000080050ac                ADC3_IRQHandler
                0x00000000080050ac                TIM4_IRQHandler
                0x00000000080050ac                DMA2_Channel1_IRQHandler
                0x00000000080050ac                QUADSPI_IRQHandler
                0x00000000080050ac                I2C1_EV_IRQHandler
                0x00000000080050ac                DMA1_Channel6_IRQHandler
                0x00000000080050ac                UART4_IRQHandler
                0x00000000080050ac                DMA2_Channel4_IRQHandler
                0x00000000080050ac                RCC_IRQHandler
                0x00000000080050ac                DMA1_Channel1_IRQHandler
                0x00000000080050ac                Default_Handler
                0x00000000080050ac                DMA2_Channel7_IRQHandler
                0x00000000080050ac                EXTI15_10_IRQHandler
                0x00000000080050ac                TIM7_IRQHandler
                0x00000000080050ac                SDMMC1_IRQHandler
                0x00000000080050ac                TIM5_IRQHandler
                0x00000000080050ac                I2C3_EV_IRQHandler
                0x00000000080050ac                EXTI9_5_IRQHandler
                0x00000000080050ac                RTC_WKUP_IRQHandler
                0x00000000080050ac                PVD_PVM_IRQHandler
                0x00000000080050ac                SPI2_IRQHandler
                0x00000000080050ac                MemManage_Handler
                0x00000000080050ac                CAN1_TX_IRQHandler
                0x00000000080050ac                SVC_Handler
                0x00000000080050ac                DMA2_Channel5_IRQHandler
                0x00000000080050ac                DMA1_Channel5_IRQHandler
                0x00000000080050ac                EXTI4_IRQHandler
                0x00000000080050ac                RNG_IRQHandler
                0x00000000080050ac                TIM1_TRG_COM_TIM17_IRQHandler
                0x00000000080050ac                DMA1_Channel3_IRQHandler
                0x00000000080050ac                COMP_IRQHandler
                0x00000000080050ac                WWDG_IRQHandler
                0x00000000080050ac                LPUART1_IRQHandler
                0x00000000080050ac                DMA2_Channel6_IRQHandler
                0x00000000080050ac                TIM2_IRQHandler
                0x00000000080050ac                EXTI1_IRQHandler
                0x00000000080050ac                USART2_IRQHandler
                0x00000000080050ac                DFSDM1_FLT0_IRQHandler
                0x00000000080050ac                I2C2_ER_IRQHandler
                0x00000000080050ac                DMA1_Channel2_IRQHandler
                0x00000000080050ac                TIM8_BRK_IRQHandler
                0x00000000080050ac                CAN1_SCE_IRQHandler
                0x00000000080050ac                FLASH_IRQHandler
                0x00000000080050ac                BusFault_Handler
                0x00000000080050ac                USART1_IRQHandler
                0x00000000080050ac                SPI3_IRQHandler
                0x00000000080050ac                I2C1_ER_IRQHandler
                0x00000000080050ac                FMC_IRQHandler
                0x00000000080050ac                SWPMI1_IRQHandler
                0x00000000080050ac                LPTIM1_IRQHandler
                0x00000000080050ac                SAI1_IRQHandler
                0x00000000080050ac                DMA2_Channel3_IRQHandler
                0x00000000080050ac                TIM1_BRK_TIM15_IRQHandler
 *fill*         0x00000000080050ae        0x2 
 .text.SystemClock_Config
                0x00000000080050b0      0x144 ./DataLog/User/cube_hal_l4.o
                0x00000000080050b0                SystemClock_Config
 .text.Error_Handler
                0x00000000080051f4        0x6 ./DataLog/User/cube_hal_l4.o
 *fill*         0x00000000080051fa        0x2 
 .text.DATALOG_SD_Init
                0x00000000080051fc       0x54 ./DataLog/User/datalog_application.o
                0x00000000080051fc                DATALOG_SD_Init
 .text.BP_ANN   0x0000000008005250      0x7ee ./DataLog/User/embeddedML.o
                0x0000000008005250                BP_ANN
 .text.train_ann
                0x0000000008005a3e       0x92 ./DataLog/User/embeddedML.o
                0x0000000008005a3e                train_ann
 .text.FP_ANN   0x0000000008005ad0      0x222 ./DataLog/User/embeddedML.o
                0x0000000008005ad0                FP_ANN
 .text.run_ann  0x0000000008005cf2       0x24 ./DataLog/User/embeddedML.o
                0x0000000008005cf2                run_ann
 *fill*         0x0000000008005d16        0x2 
 .text.init_ann
                0x0000000008005d18       0x8c ./DataLog/User/embeddedML.o
                0x0000000008005d18                init_ann
 .text.fill_zeros
                0x0000000008005da4       0x3a ./DataLog/User/embeddedML.o
                0x0000000008005da4                fill_zeros
 .text.fill_number
                0x0000000008005dde       0x3c ./DataLog/User/embeddedML.o
                0x0000000008005dde                fill_number
 *fill*         0x0000000008005e1a        0x6 
 .text.relu     0x0000000008005e20       0x88 ./DataLog/User/embeddedML.o
                0x0000000008005e20                relu
 .text.relu2    0x0000000008005ea8       0xb8 ./DataLog/User/embeddedML.o
                0x0000000008005ea8                relu2
 .text.relu_derivative
                0x0000000008005f60       0x50 ./DataLog/User/embeddedML.o
                0x0000000008005f60                relu_derivative
 .text.relu2_derivative
                0x0000000008005fb0       0x50 ./DataLog/User/embeddedML.o
                0x0000000008005fb0                relu2_derivative
 .text.motion_softmax
                0x0000000008006000      0x24e ./DataLog/User/main.o
                0x0000000008006000                motion_softmax
 .text.LED_Code_Blink
                0x000000000800624e       0xa4 ./DataLog/User/main.o
                0x000000000800624e                LED_Code_Blink
 .text.getAccel
                0x00000000080062f2       0x64 ./DataLog/User/main.o
                0x00000000080062f2                getAccel
 .text.getAngularVelocity
                0x0000000008006356       0x64 ./DataLog/User/main.o
                0x0000000008006356                getAngularVelocity
 *fill*         0x00000000080063ba        0x6 
 .text.Feature_Extraction_State_0
                0x00000000080063c0      0x168 ./DataLog/User/main.o
                0x00000000080063c0                Feature_Extraction_State_0
 .text.Feature_Extraction_State_1
                0x0000000008006528      0x364 ./DataLog/User/main.o
                0x0000000008006528                Feature_Extraction_State_1
 *fill*         0x000000000800688c        0x4 
 .text.printOutput_ANN
                0x0000000008006890      0x5e8 ./DataLog/User/main.o
                0x0000000008006890                printOutput_ANN
 .text.TrainOrientation
                0x0000000008006e78      0xa14 ./DataLog/User/main.o
                0x0000000008006e78                TrainOrientation
 *fill*         0x000000000800788c        0x4 
 .text.Accel_Gyro_Sensor_Handler
                0x0000000008007890      0x51c ./DataLog/User/main.o
                0x0000000008007890                Accel_Gyro_Sensor_Handler
 .text.main     0x0000000008007dac      0x2f0 ./DataLog/User/main.o
                0x0000000008007dac                main
 .text.initializeAllSensors
                0x000000000800809c       0xe8 ./DataLog/User/main.o
 .text.enableAllSensors
                0x0000000008008184       0x88 ./DataLog/User/main.o
                0x0000000008008184                enableAllSensors
 .text.RTC_Config
                0x000000000800820c       0x4c ./DataLog/User/main.o
 .text.RTC_TimeStampConfig
                0x0000000008008258       0x68 ./DataLog/User/main.o
 .text.HAL_GPIO_EXTI_Callback
                0x00000000080082c0       0x20 ./DataLog/User/main.o
                0x00000000080082c0                HAL_GPIO_EXTI_Callback
 .text.Error_Handler
                0x00000000080082e0        0x6 ./DataLog/User/main.o
 *fill*         0x00000000080082e6        0x2 
 .text.HAL_RTC_MspInit
                0x00000000080082e8       0x34 ./DataLog/User/stm32l4xx_hal_msp.o
                0x00000000080082e8                HAL_RTC_MspInit
 .text.NMI_Handler
                0x000000000800831c        0xe ./DataLog/User/stm32l4xx_it.o
                0x000000000800831c                NMI_Handler
 .text.HardFault_Handler
                0x000000000800832a        0x6 ./DataLog/User/stm32l4xx_it.o
                0x000000000800832a                HardFault_Handler
 .text.DebugMon_Handler
                0x0000000008008330        0xe ./DataLog/User/stm32l4xx_it.o
                0x0000000008008330                DebugMon_Handler
 .text.SysTick_Handler
                0x000000000800833e        0xc ./DataLog/User/stm32l4xx_it.o
                0x000000000800833e                SysTick_Handler
 *fill*         0x000000000800834a        0x2 
 .text.OTG_FS_IRQHandler
                0x000000000800834c       0x14 ./DataLog/User/stm32l4xx_it.o
                0x000000000800834c                OTG_FS_IRQHandler
 .text.TIM3_IRQHandler
                0x0000000008008360       0x14 ./DataLog/User/stm32l4xx_it.o
                0x0000000008008360                TIM3_IRQHandler
 .text.EXTI2_IRQHandler
                0x0000000008008374        0xe ./DataLog/User/stm32l4xx_it.o
                0x0000000008008374                EXTI2_IRQHandler
 *fill*         0x0000000008008382        0x2 
 .text._sbrk    0x0000000008008384       0x58 ./DataLog/User/syscalls.o
                0x0000000008008384                _sbrk
 .text._getpid  0x00000000080083dc       0x10 ./DataLog/User/syscalls.o
                0x00000000080083dc                _getpid
 .text._kill    0x00000000080083ec       0x20 ./DataLog/User/syscalls.o
                0x00000000080083ec                _kill
 .text._exit    0x000000000800840c       0x14 ./DataLog/User/syscalls.o
                0x000000000800840c                _exit
 .text._write   0x0000000008008420       0x38 ./DataLog/User/syscalls.o
                0x0000000008008420                _write
 .text._close   0x0000000008008458       0x18 ./DataLog/User/syscalls.o
                0x0000000008008458                _close
 .text._fstat   0x0000000008008470       0x20 ./DataLog/User/syscalls.o
                0x0000000008008470                _fstat
 .text._isatty  0x0000000008008490       0x16 ./DataLog/User/syscalls.o
                0x0000000008008490                _isatty
 .text._lseek   0x00000000080084a6       0x1a ./DataLog/User/syscalls.o
                0x00000000080084a6                _lseek
 .text._read    0x00000000080084c0       0x22 ./DataLog/User/syscalls.o
                0x00000000080084c0                _read
 *fill*         0x00000000080084e2        0x2 
 .text.CDC_Itf_Init
                0x00000000080084e4       0x74 ./DataLog/User/usbd_cdc_interface.o
 .text.CDC_Itf_DeInit
                0x0000000008008558       0x10 ./DataLog/User/usbd_cdc_interface.o
 .text.CDC_Itf_Control
                0x0000000008008568      0x15c ./DataLog/User/usbd_cdc_interface.o
 .text.CDC_Fill_Buffer
                0x00000000080086c4       0x54 ./DataLog/User/usbd_cdc_interface.o
                0x00000000080086c4                CDC_Fill_Buffer
 .text.HAL_TIM_PeriodElapsedCallback
                0x0000000008008718       0x90 ./DataLog/User/usbd_cdc_interface.o
                0x0000000008008718                HAL_TIM_PeriodElapsedCallback
 .text.CDC_Itf_Receive
                0x00000000080087a8       0x18 ./DataLog/User/usbd_cdc_interface.o
 .text.TIM_Config
                0x00000000080087c0       0x40 ./DataLog/User/usbd_cdc_interface.o
 .text.Error_Handler
                0x0000000008008800        0xe ./DataLog/User/usbd_cdc_interface.o
 *fill*         0x000000000800880e        0x2 
 .text.HAL_PCD_MspInit
                0x0000000008008810       0x78 ./DataLog/User/usbd_conf.o
                0x0000000008008810                HAL_PCD_MspInit
 .text.HAL_PCD_SetupStageCallback
                0x0000000008008888       0x24 ./DataLog/User/usbd_conf.o
                0x0000000008008888                HAL_PCD_SetupStageCallback
 .text.HAL_PCD_DataOutStageCallback
                0x00000000080088ac       0x36 ./DataLog/User/usbd_conf.o
                0x00000000080088ac                HAL_PCD_DataOutStageCallback
 .text.HAL_PCD_DataInStageCallback
                0x00000000080088e2       0x34 ./DataLog/User/usbd_conf.o
                0x00000000080088e2                HAL_PCD_DataInStageCallback
 .text.HAL_PCD_SOFCallback
                0x0000000008008916       0x1c ./DataLog/User/usbd_conf.o
                0x0000000008008916                HAL_PCD_SOFCallback
 .text.HAL_PCD_ResetCallback
                0x0000000008008932       0x2a ./DataLog/User/usbd_conf.o
                0x0000000008008932                HAL_PCD_ResetCallback
 .text.HAL_PCD_SuspendCallback
                0x000000000800895c       0x1c ./DataLog/User/usbd_conf.o
                0x000000000800895c                HAL_PCD_SuspendCallback
 .text.HAL_PCD_ResumeCallback
                0x0000000008008978       0x1c ./DataLog/User/usbd_conf.o
                0x0000000008008978                HAL_PCD_ResumeCallback
 .text.HAL_PCD_ISOOUTIncompleteCallback
                0x0000000008008994       0x24 ./DataLog/User/usbd_conf.o
                0x0000000008008994                HAL_PCD_ISOOUTIncompleteCallback
 .text.HAL_PCD_ISOINIncompleteCallback
                0x00000000080089b8       0x24 ./DataLog/User/usbd_conf.o
                0x00000000080089b8                HAL_PCD_ISOINIncompleteCallback
 .text.HAL_PCD_ConnectCallback
                0x00000000080089dc       0x1c ./DataLog/User/usbd_conf.o
                0x00000000080089dc                HAL_PCD_ConnectCallback
 .text.HAL_PCD_DisconnectCallback
                0x00000000080089f8       0x1c ./DataLog/User/usbd_conf.o
                0x00000000080089f8                HAL_PCD_DisconnectCallback
 .text.USBD_LL_Init
                0x0000000008008a14       0x94 ./DataLog/User/usbd_conf.o
                0x0000000008008a14                USBD_LL_Init
 .text.USBD_LL_Start
                0x0000000008008aa8       0x1e ./DataLog/User/usbd_conf.o
                0x0000000008008aa8                USBD_LL_Start
 .text.USBD_LL_OpenEP
                0x0000000008008ac6       0x34 ./DataLog/User/usbd_conf.o
                0x0000000008008ac6                USBD_LL_OpenEP
 .text.USBD_LL_CloseEP
                0x0000000008008afa       0x26 ./DataLog/User/usbd_conf.o
                0x0000000008008afa                USBD_LL_CloseEP
 .text.USBD_LL_StallEP
                0x0000000008008b20       0x26 ./DataLog/User/usbd_conf.o
                0x0000000008008b20                USBD_LL_StallEP
 .text.USBD_LL_ClearStallEP
                0x0000000008008b46       0x26 ./DataLog/User/usbd_conf.o
                0x0000000008008b46                USBD_LL_ClearStallEP
 .text.USBD_LL_IsStallEP
                0x0000000008008b6c       0x58 ./DataLog/User/usbd_conf.o
                0x0000000008008b6c                USBD_LL_IsStallEP
 .text.USBD_LL_SetUSBAddress
                0x0000000008008bc4       0x26 ./DataLog/User/usbd_conf.o
                0x0000000008008bc4                USBD_LL_SetUSBAddress
 .text.USBD_LL_Transmit
                0x0000000008008bea       0x2e ./DataLog/User/usbd_conf.o
                0x0000000008008bea                USBD_LL_Transmit
 .text.USBD_LL_PrepareReceive
                0x0000000008008c18       0x2e ./DataLog/User/usbd_conf.o
                0x0000000008008c18                USBD_LL_PrepareReceive
 .text.USBD_LL_GetRxDataSize
                0x0000000008008c46       0x26 ./DataLog/User/usbd_conf.o
                0x0000000008008c46                USBD_LL_GetRxDataSize
 .text.USBD_VCP_DeviceDescriptor
                0x0000000008008c6c       0x24 ./DataLog/User/usbd_desc.o
                0x0000000008008c6c                USBD_VCP_DeviceDescriptor
 .text.USBD_VCP_LangIDStrDescriptor
                0x0000000008008c90       0x24 ./DataLog/User/usbd_desc.o
                0x0000000008008c90                USBD_VCP_LangIDStrDescriptor
 .text.USBD_VCP_ProductStrDescriptor
                0x0000000008008cb4       0x28 ./DataLog/User/usbd_desc.o
                0x0000000008008cb4                USBD_VCP_ProductStrDescriptor
 .text.USBD_VCP_ManufacturerStrDescriptor
                0x0000000008008cdc       0x28 ./DataLog/User/usbd_desc.o
                0x0000000008008cdc                USBD_VCP_ManufacturerStrDescriptor
 .text.USBD_VCP_SerialStrDescriptor
                0x0000000008008d04       0x24 ./DataLog/User/usbd_desc.o
                0x0000000008008d04                USBD_VCP_SerialStrDescriptor
 .text.USBD_VCP_ConfigStrDescriptor
                0x0000000008008d28       0x28 ./DataLog/User/usbd_desc.o
                0x0000000008008d28                USBD_VCP_ConfigStrDescriptor
 .text.USBD_VCP_InterfaceStrDescriptor
                0x0000000008008d50       0x28 ./DataLog/User/usbd_desc.o
                0x0000000008008d50                USBD_VCP_InterfaceStrDescriptor
 .text.Get_SerialNum
                0x0000000008008d78       0x58 ./DataLog/User/usbd_desc.o
 .text.IntToUnicode
                0x0000000008008dd0       0x7e ./DataLog/User/usbd_desc.o
 .text.HTS221_ReadReg
                0x0000000008008e4e       0x32 ./Drivers/BSP/Components/HTS221_Driver.o
                0x0000000008008e4e                HTS221_ReadReg
 .text.HTS221_WriteReg
                0x0000000008008e80       0x32 ./Drivers/BSP/Components/HTS221_Driver.o
                0x0000000008008e80                HTS221_WriteReg
 .text.HTS221_Get_DeviceID
                0x0000000008008eb2       0x2a ./Drivers/BSP/Components/HTS221_Driver.o
                0x0000000008008eb2                HTS221_Get_DeviceID
 .text.HTS221_Get_Humidity
                0x0000000008008edc      0x150 ./Drivers/BSP/Components/HTS221_Driver.o
                0x0000000008008edc                HTS221_Get_Humidity
 .text.HTS221_Get_Temperature
                0x000000000800902c      0x14a ./Drivers/BSP/Components/HTS221_Driver.o
                0x000000000800902c                HTS221_Get_Temperature
 .text.HTS221_Get_DataStatus
                0x0000000008009176       0x48 ./Drivers/BSP/Components/HTS221_Driver.o
                0x0000000008009176                HTS221_Get_DataStatus
 .text.HTS221_Activate
                0x00000000080091be       0x4c ./Drivers/BSP/Components/HTS221_Driver.o
                0x00000000080091be                HTS221_Activate
 .text.HTS221_DeActivate
                0x000000000800920a       0x4c ./Drivers/BSP/Components/HTS221_Driver.o
                0x000000000800920a                HTS221_DeActivate
 *fill*         0x0000000008009256        0x2 
 .text.HTS221_Set_BduMode
                0x0000000008009258       0x7c ./Drivers/BSP/Components/HTS221_Driver.o
                0x0000000008009258                HTS221_Set_BduMode
 .text.HTS221_Set_Odr
                0x00000000080092d4       0x80 ./Drivers/BSP/Components/HTS221_Driver.o
                0x00000000080092d4                HTS221_Set_Odr
 .text.HTS221_Get_Odr
                0x0000000008009354       0x3c ./Drivers/BSP/Components/HTS221_Driver.o
                0x0000000008009354                HTS221_Get_Odr
 .text.HTS221_assert_failed
                0x0000000008009390       0x1c ./Drivers/BSP/Components/HTS221_Driver.o
                0x0000000008009390                HTS221_assert_failed
 .text.HTS221_H_Init
                0x00000000080093ac       0x42 ./Drivers/BSP/Components/HTS221_Driver_HL.o
 .text.HTS221_H_DeInit
                0x00000000080093ee       0x42 ./Drivers/BSP/Components/HTS221_Driver_HL.o
 .text.HTS221_H_Sensor_Enable
                0x0000000008009430       0x4e ./Drivers/BSP/Components/HTS221_Driver_HL.o
 .text.HTS221_H_Sensor_Disable
                0x000000000800947e       0x4e ./Drivers/BSP/Components/HTS221_Driver_HL.o
 .text.HTS221_H_Get_WhoAmI
                0x00000000080094cc       0x1c ./Drivers/BSP/Components/HTS221_Driver_HL.o
 .text.HTS221_H_Check_WhoAmI
                0x00000000080094e8       0x18 ./Drivers/BSP/Components/HTS221_Driver_HL.o
 .text.HTS221_H_Get_Hum
                0x0000000008009500       0x1c ./Drivers/BSP/Components/HTS221_Driver_HL.o
 .text.HTS221_H_Get_ODR
                0x000000000800951c       0x1c ./Drivers/BSP/Components/HTS221_Driver_HL.o
 .text.HTS221_H_Set_ODR
                0x0000000008009538       0x20 ./Drivers/BSP/Components/HTS221_Driver_HL.o
 .text.HTS221_H_Set_ODR_Value
                0x0000000008009558       0x20 ./Drivers/BSP/Components/HTS221_Driver_HL.o
 .text.HTS221_H_Read_Reg
                0x0000000008009578       0x2e ./Drivers/BSP/Components/HTS221_Driver_HL.o
 .text.HTS221_H_Write_Reg
                0x00000000080095a6       0x30 ./Drivers/BSP/Components/HTS221_Driver_HL.o
 .text.HTS221_H_Get_DRDY_Status
                0x00000000080095d6       0x4c ./Drivers/BSP/Components/HTS221_Driver_HL.o
 .text.HTS221_T_Init
                0x0000000008009622       0x42 ./Drivers/BSP/Components/HTS221_Driver_HL.o
 .text.HTS221_T_DeInit
                0x0000000008009664       0x42 ./Drivers/BSP/Components/HTS221_Driver_HL.o
 .text.HTS221_T_Sensor_Enable
                0x00000000080096a6       0x4e ./Drivers/BSP/Components/HTS221_Driver_HL.o
 .text.HTS221_T_Sensor_Disable
                0x00000000080096f4       0x4e ./Drivers/BSP/Components/HTS221_Driver_HL.o
 .text.HTS221_T_Get_WhoAmI
                0x0000000008009742       0x1c ./Drivers/BSP/Components/HTS221_Driver_HL.o
 .text.HTS221_T_Check_WhoAmI
                0x000000000800975e       0x18 ./Drivers/BSP/Components/HTS221_Driver_HL.o
 .text.HTS221_T_Get_Temp
                0x0000000008009776       0x1c ./Drivers/BSP/Components/HTS221_Driver_HL.o
 .text.HTS221_T_Get_ODR
                0x0000000008009792       0x1c ./Drivers/BSP/Components/HTS221_Driver_HL.o
 .text.HTS221_T_Set_ODR
                0x00000000080097ae       0x20 ./Drivers/BSP/Components/HTS221_Driver_HL.o
 .text.HTS221_T_Set_ODR_Value
                0x00000000080097ce       0x20 ./Drivers/BSP/Components/HTS221_Driver_HL.o
 .text.HTS221_T_Read_Reg
                0x00000000080097ee       0x2e ./Drivers/BSP/Components/HTS221_Driver_HL.o
 .text.HTS221_T_Write_Reg
                0x000000000800981c       0x30 ./Drivers/BSP/Components/HTS221_Driver_HL.o
 .text.HTS221_T_Get_DRDY_Status
                0x000000000800984c       0x4c ./Drivers/BSP/Components/HTS221_Driver_HL.o
 .text.HTS221_Init
                0x0000000008009898       0x56 ./Drivers/BSP/Components/HTS221_Driver_HL.o
 .text.HTS221_Sensor_Enable
                0x00000000080098ee       0x22 ./Drivers/BSP/Components/HTS221_Driver_HL.o
 .text.HTS221_Sensor_Disable
                0x0000000008009910       0x22 ./Drivers/BSP/Components/HTS221_Driver_HL.o
 .text.HTS221_Get_WhoAmI
                0x0000000008009932       0x26 ./Drivers/BSP/Components/HTS221_Driver_HL.o
 .text.HTS221_Check_WhoAmI
                0x0000000008009958       0x3a ./Drivers/BSP/Components/HTS221_Driver_HL.o
 .text.HTS221_Get_Hum
                0x0000000008009992       0x46 ./Drivers/BSP/Components/HTS221_Driver_HL.o
 .text.HTS221_Get_Temp
                0x00000000080099d8       0x48 ./Drivers/BSP/Components/HTS221_Driver_HL.o
 .text.HTS221_Get_ODR
                0x0000000008009a20       0x80 ./Drivers/BSP/Components/HTS221_Driver_HL.o
 .text.HTS221_Set_ODR
                0x0000000008009aa0       0x6c ./Drivers/BSP/Components/HTS221_Driver_HL.o
 .text.HTS221_Set_ODR_Value
                0x0000000008009b0c       0x5a ./Drivers/BSP/Components/HTS221_Driver_HL.o
 .text.HTS221_Read_Reg
                0x0000000008009b66       0x2e ./Drivers/BSP/Components/HTS221_Driver_HL.o
 .text.HTS221_Write_Reg
                0x0000000008009b94       0x30 ./Drivers/BSP/Components/HTS221_Driver_HL.o
 .text.LPS22HB_ReadReg
                0x0000000008009bc4       0x32 ./Drivers/BSP/Components/LPS22HB_Driver.o
                0x0000000008009bc4                LPS22HB_ReadReg
 .text.LPS22HB_WriteReg
                0x0000000008009bf6       0x32 ./Drivers/BSP/Components/LPS22HB_Driver.o
                0x0000000008009bf6                LPS22HB_WriteReg
 .text.LPS22HB_Get_DeviceID
                0x0000000008009c28       0x2a ./Drivers/BSP/Components/LPS22HB_Driver.o
                0x0000000008009c28                LPS22HB_Get_DeviceID
 .text.LPS22HB_Set_PowerMode
                0x0000000008009c52       0x5a ./Drivers/BSP/Components/LPS22HB_Driver.o
                0x0000000008009c52                LPS22HB_Set_PowerMode
 .text.LPS22HB_Set_Odr
                0x0000000008009cac       0x5a ./Drivers/BSP/Components/LPS22HB_Driver.o
                0x0000000008009cac                LPS22HB_Set_Odr
 .text.LPS22HB_Get_Odr
                0x0000000008009d06       0x38 ./Drivers/BSP/Components/LPS22HB_Driver.o
                0x0000000008009d06                LPS22HB_Get_Odr
 .text.LPS22HB_Set_LowPassFilter
                0x0000000008009d3e       0x62 ./Drivers/BSP/Components/LPS22HB_Driver.o
                0x0000000008009d3e                LPS22HB_Set_LowPassFilter
 .text.LPS22HB_Set_LowPassFilterCutoff
                0x0000000008009da0       0x5a ./Drivers/BSP/Components/LPS22HB_Driver.o
                0x0000000008009da0                LPS22HB_Set_LowPassFilterCutoff
 .text.LPS22HB_Set_Bdu
                0x0000000008009dfa       0x5a ./Drivers/BSP/Components/LPS22HB_Driver.o
                0x0000000008009dfa                LPS22HB_Set_Bdu
 .text.LPS22HB_SwResetAndMemoryBoot
                0x0000000008009e54       0x4c ./Drivers/BSP/Components/LPS22HB_Driver.o
                0x0000000008009e54                LPS22HB_SwResetAndMemoryBoot
 .text.LPS22HB_Set_FifoModeUse
                0x0000000008009ea0       0x62 ./Drivers/BSP/Components/LPS22HB_Driver.o
                0x0000000008009ea0                LPS22HB_Set_FifoModeUse
 .text.LPS22HB_Set_FifoWatermarkLevelUse
                0x0000000008009f02       0x62 ./Drivers/BSP/Components/LPS22HB_Driver.o
                0x0000000008009f02                LPS22HB_Set_FifoWatermarkLevelUse
 .text.LPS22HB_Set_AutomaticIncrementRegAddress
                0x0000000008009f64       0x62 ./Drivers/BSP/Components/LPS22HB_Driver.o
                0x0000000008009f64                LPS22HB_Set_AutomaticIncrementRegAddress
 .text.LPS22HB_Set_I2C
                0x0000000008009fc6       0x66 ./Drivers/BSP/Components/LPS22HB_Driver.o
                0x0000000008009fc6                LPS22HB_Set_I2C
 .text.LPS22HB_Set_FIFO_OVR_Interrupt
                0x000000000800a02c       0x62 ./Drivers/BSP/Components/LPS22HB_Driver.o
                0x000000000800a02c                LPS22HB_Set_FIFO_OVR_Interrupt
 .text.LPS22HB_Set_FIFO_FTH_Interrupt
                0x000000000800a08e       0x62 ./Drivers/BSP/Components/LPS22HB_Driver.o
                0x000000000800a08e                LPS22HB_Set_FIFO_FTH_Interrupt
 .text.LPS22HB_Set_FIFO_FULL_Interrupt
                0x000000000800a0f0       0x62 ./Drivers/BSP/Components/LPS22HB_Driver.o
                0x000000000800a0f0                LPS22HB_Set_FIFO_FULL_Interrupt
 .text.LPS22HB_Get_DataStatus
                0x000000000800a152       0x64 ./Drivers/BSP/Components/LPS22HB_Driver.o
                0x000000000800a152                LPS22HB_Get_DataStatus
 .text.LPS22HB_Get_RawPressure
                0x000000000800a1b6       0x76 ./Drivers/BSP/Components/LPS22HB_Driver.o
                0x000000000800a1b6                LPS22HB_Get_RawPressure
 .text.LPS22HB_Get_Pressure
                0x000000000800a22c       0x42 ./Drivers/BSP/Components/LPS22HB_Driver.o
                0x000000000800a22c                LPS22HB_Get_Pressure
 .text.LPS22HB_Get_RawTemperature
                0x000000000800a26e       0x44 ./Drivers/BSP/Components/LPS22HB_Driver.o
                0x000000000800a26e                LPS22HB_Get_RawTemperature
 *fill*         0x000000000800a2b2        0x2 
 .text.LPS22HB_Get_Temperature
                0x000000000800a2b4       0x44 ./Drivers/BSP/Components/LPS22HB_Driver.o
                0x000000000800a2b4                LPS22HB_Get_Temperature
 .text.LPS22HB_Set_FifoMode
                0x000000000800a2f8       0x5a ./Drivers/BSP/Components/LPS22HB_Driver.o
                0x000000000800a2f8                LPS22HB_Set_FifoMode
 .text.LPS22HB_Get_FifoMode
                0x000000000800a352       0x3c ./Drivers/BSP/Components/LPS22HB_Driver.o
                0x000000000800a352                LPS22HB_Get_FifoMode
 .text.LPS22HB_Set_FifoWatermarkLevel
                0x000000000800a38e       0x5a ./Drivers/BSP/Components/LPS22HB_Driver.o
                0x000000000800a38e                LPS22HB_Set_FifoWatermarkLevel
 .text.LPS22HB_Get_FifoWatermarkLevel
                0x000000000800a3e8       0x38 ./Drivers/BSP/Components/LPS22HB_Driver.o
                0x000000000800a3e8                LPS22HB_Get_FifoWatermarkLevel
 .text.LPS22HB_Get_FifoStatus
                0x000000000800a420       0x7e ./Drivers/BSP/Components/LPS22HB_Driver.o
                0x000000000800a420                LPS22HB_Get_FifoStatus
 .text.LPS22HB_P_Init
                0x000000000800a49e       0x42 ./Drivers/BSP/Components/LPS22HB_Driver_HL.o
 .text.LPS22HB_P_DeInit
                0x000000000800a4e0       0x40 ./Drivers/BSP/Components/LPS22HB_Driver_HL.o
 .text.LPS22HB_P_Sensor_Enable
                0x000000000800a520       0x50 ./Drivers/BSP/Components/LPS22HB_Driver_HL.o
 .text.LPS22HB_P_Sensor_Disable
                0x000000000800a570       0x4e ./Drivers/BSP/Components/LPS22HB_Driver_HL.o
 .text.LPS22HB_P_Get_WhoAmI
                0x000000000800a5be       0x1c ./Drivers/BSP/Components/LPS22HB_Driver_HL.o
 .text.LPS22HB_P_Check_WhoAmI
                0x000000000800a5da       0x18 ./Drivers/BSP/Components/LPS22HB_Driver_HL.o
 .text.LPS22HB_P_Get_Press
                0x000000000800a5f2       0x1c ./Drivers/BSP/Components/LPS22HB_Driver_HL.o
 .text.LPS22HB_P_Get_ODR
                0x000000000800a60e       0x1c ./Drivers/BSP/Components/LPS22HB_Driver_HL.o
 .text.LPS22HB_P_Set_ODR
                0x000000000800a62a       0x54 ./Drivers/BSP/Components/LPS22HB_Driver_HL.o
 .text.LPS22HB_P_Set_ODR_Value
                0x000000000800a67e       0x54 ./Drivers/BSP/Components/LPS22HB_Driver_HL.o
 .text.LPS22HB_P_Read_Reg
                0x000000000800a6d2       0x2e ./Drivers/BSP/Components/LPS22HB_Driver_HL.o
 .text.LPS22HB_P_Write_Reg
                0x000000000800a700       0x30 ./Drivers/BSP/Components/LPS22HB_Driver_HL.o
 .text.LPS22HB_P_Get_DRDY_Status
                0x000000000800a730       0x30 ./Drivers/BSP/Components/LPS22HB_Driver_HL.o
 .text.LPS22HB_T_Init
                0x000000000800a760       0x42 ./Drivers/BSP/Components/LPS22HB_Driver_HL.o
 .text.LPS22HB_T_DeInit
                0x000000000800a7a2       0x40 ./Drivers/BSP/Components/LPS22HB_Driver_HL.o
 .text.LPS22HB_T_Sensor_Enable
                0x000000000800a7e2       0x50 ./Drivers/BSP/Components/LPS22HB_Driver_HL.o
 .text.LPS22HB_T_Sensor_Disable
                0x000000000800a832       0x4e ./Drivers/BSP/Components/LPS22HB_Driver_HL.o
 .text.LPS22HB_T_Get_WhoAmI
                0x000000000800a880       0x1c ./Drivers/BSP/Components/LPS22HB_Driver_HL.o
 .text.LPS22HB_T_Check_WhoAmI
                0x000000000800a89c       0x18 ./Drivers/BSP/Components/LPS22HB_Driver_HL.o
 .text.LPS22HB_T_Get_Temp
                0x000000000800a8b4       0x1c ./Drivers/BSP/Components/LPS22HB_Driver_HL.o
 .text.LPS22HB_T_Get_ODR
                0x000000000800a8d0       0x1c ./Drivers/BSP/Components/LPS22HB_Driver_HL.o
 .text.LPS22HB_T_Set_ODR
                0x000000000800a8ec       0x54 ./Drivers/BSP/Components/LPS22HB_Driver_HL.o
 .text.LPS22HB_T_Set_ODR_Value
                0x000000000800a940       0x54 ./Drivers/BSP/Components/LPS22HB_Driver_HL.o
 .text.LPS22HB_T_Read_Reg
                0x000000000800a994       0x2e ./Drivers/BSP/Components/LPS22HB_Driver_HL.o
 .text.LPS22HB_T_Write_Reg
                0x000000000800a9c2       0x30 ./Drivers/BSP/Components/LPS22HB_Driver_HL.o
 .text.LPS22HB_T_Get_DRDY_Status
                0x000000000800a9f2       0x30 ./Drivers/BSP/Components/LPS22HB_Driver_HL.o
 *fill*         0x000000000800aa22        0x2 
 .text.LPS22HB_Initialize
                0x000000000800aa24       0xbc ./Drivers/BSP/Components/LPS22HB_Driver_HL.o
 .text.LPS22HB_Get_WhoAmI
                0x000000000800aae0       0x26 ./Drivers/BSP/Components/LPS22HB_Driver_HL.o
 .text.LPS22HB_Check_WhoAmI
                0x000000000800ab06       0x3a ./Drivers/BSP/Components/LPS22HB_Driver_HL.o
 .text.LPS22HB_Get_Press
                0x000000000800ab40       0x4c ./Drivers/BSP/Components/LPS22HB_Driver_HL.o
 .text.LPS22HB_Get_Temp
                0x000000000800ab8c       0x48 ./Drivers/BSP/Components/LPS22HB_Driver_HL.o
 .text.LPS22HB_Get_ODR
                0x000000000800abd4       0xa8 ./Drivers/BSP/Components/LPS22HB_Driver_HL.o
 .text.LPS22HB_Set_ODR_When_Enabled
                0x000000000800ac7c       0x88 ./Drivers/BSP/Components/LPS22HB_Driver_HL.o
 .text.LPS22HB_Set_ODR_When_Disabled
                0x000000000800ad04       0x7c ./Drivers/BSP/Components/LPS22HB_Driver_HL.o
 .text.LPS22HB_Set_ODR_Value_When_Enabled
                0x000000000800ad80       0xa4 ./Drivers/BSP/Components/LPS22HB_Driver_HL.o
 .text.LPS22HB_Set_ODR_Value_When_Disabled
                0x000000000800ae24       0x90 ./Drivers/BSP/Components/LPS22HB_Driver_HL.o
 .text.LPS22HB_Read_Reg
                0x000000000800aeb4       0x2e ./Drivers/BSP/Components/LPS22HB_Driver_HL.o
 .text.LPS22HB_Write_Reg
                0x000000000800aee2       0x30 ./Drivers/BSP/Components/LPS22HB_Driver_HL.o
 .text.LPS22HB_FIFO_Get_Empty_Status
                0x000000000800af12       0x30 ./Drivers/BSP/Components/LPS22HB_Driver_HL.o
 .text.LPS22HB_FIFO_Get_Full_Status
                0x000000000800af42       0x30 ./Drivers/BSP/Components/LPS22HB_Driver_HL.o
 .text.LPS22HB_FIFO_Get_Ovr_Status
                0x000000000800af72       0x30 ./Drivers/BSP/Components/LPS22HB_Driver_HL.o
 .text.LPS22HB_FIFO_Get_Fth_Status
                0x000000000800afa2       0x30 ./Drivers/BSP/Components/LPS22HB_Driver_HL.o
 .text.LPS22HB_FIFO_Stop_On_Fth
                0x000000000800afd2       0x36 ./Drivers/BSP/Components/LPS22HB_Driver_HL.o
 .text.LPS22HB_FIFO_Usage
                0x000000000800b008       0x36 ./Drivers/BSP/Components/LPS22HB_Driver_HL.o
 .text.LPS22HB_FIFO_Get_Num_Of_Samples
                0x000000000800b03e       0x30 ./Drivers/BSP/Components/LPS22HB_Driver_HL.o
 .text.LPS22HB_FIFO_Get_Data
                0x000000000800b06e       0x3a ./Drivers/BSP/Components/LPS22HB_Driver_HL.o
 .text.LPS22HB_FIFO_Get_Mode
                0x000000000800b0a8       0x30 ./Drivers/BSP/Components/LPS22HB_Driver_HL.o
 .text.LPS22HB_FIFO_Set_Mode
                0x000000000800b0d8       0x5a ./Drivers/BSP/Components/LPS22HB_Driver_HL.o
 .text.LPS22HB_FIFO_Get_Watermark_Level
                0x000000000800b132       0x26 ./Drivers/BSP/Components/LPS22HB_Driver_HL.o
 .text.LPS22HB_FIFO_Set_Watermark_Level
                0x000000000800b158       0x2a ./Drivers/BSP/Components/LPS22HB_Driver_HL.o
 .text.LPS22HB_FIFO_Watermark_Usage
                0x000000000800b182       0x36 ./Drivers/BSP/Components/LPS22HB_Driver_HL.o
 .text.LPS22HB_FIFO_Set_Interrupt
                0x000000000800b1b8       0x6e ./Drivers/BSP/Components/LPS22HB_Driver_HL.o
 .text.LPS22HB_FIFO_Reset_Interrupt
                0x000000000800b226       0x6e ./Drivers/BSP/Components/LPS22HB_Driver_HL.o
 .text.LSM303AGR_ACC_WriteReg
                0x000000000800b294       0x34 ./Drivers/BSP/Components/LSM303AGR_ACC_driver.o
                0x000000000800b294                LSM303AGR_ACC_WriteReg
 .text.LSM303AGR_ACC_ReadReg
                0x000000000800b2c8       0x34 ./Drivers/BSP/Components/LSM303AGR_ACC_driver.o
                0x000000000800b2c8                LSM303AGR_ACC_ReadReg
 .text.LSM303AGR_ACC_R_WHO_AM_I
                0x000000000800b2fc       0x3a ./Drivers/BSP/Components/LSM303AGR_ACC_driver.o
                0x000000000800b2fc                LSM303AGR_ACC_R_WHO_AM_I
 .text.LSM303AGR_ACC_W_BlockDataUpdate
                0x000000000800b336       0x5a ./Drivers/BSP/Components/LSM303AGR_ACC_driver.o
                0x000000000800b336                LSM303AGR_ACC_W_BlockDataUpdate
 .text.LSM303AGR_ACC_W_FullScale
                0x000000000800b390       0x5a ./Drivers/BSP/Components/LSM303AGR_ACC_driver.o
                0x000000000800b390                LSM303AGR_ACC_W_FullScale
 .text.LSM303AGR_ACC_R_FullScale
                0x000000000800b3ea       0x38 ./Drivers/BSP/Components/LSM303AGR_ACC_driver.o
                0x000000000800b3ea                LSM303AGR_ACC_R_FullScale
 .text.LSM303AGR_ACC_Get_Raw_Acceleration
                0x000000000800b422       0x2a ./Drivers/BSP/Components/LSM303AGR_ACC_driver.o
                0x000000000800b422                LSM303AGR_ACC_Get_Raw_Acceleration
 .text.LSM303AGR_ACC_Get_Acceleration
                0x000000000800b44c      0x1e4 ./Drivers/BSP/Components/LSM303AGR_ACC_driver.o
                0x000000000800b44c                LSM303AGR_ACC_Get_Acceleration
 .text.LSM303AGR_ACC_W_ODR
                0x000000000800b630       0x5a ./Drivers/BSP/Components/LSM303AGR_ACC_driver.o
                0x000000000800b630                LSM303AGR_ACC_W_ODR
 .text.LSM303AGR_ACC_R_ODR
                0x000000000800b68a       0x38 ./Drivers/BSP/Components/LSM303AGR_ACC_driver.o
                0x000000000800b68a                LSM303AGR_ACC_R_ODR
 .text.LSM303AGR_ACC_W_XEN
                0x000000000800b6c2       0x5a ./Drivers/BSP/Components/LSM303AGR_ACC_driver.o
                0x000000000800b6c2                LSM303AGR_ACC_W_XEN
 .text.LSM303AGR_ACC_R_XEN
                0x000000000800b71c       0x38 ./Drivers/BSP/Components/LSM303AGR_ACC_driver.o
                0x000000000800b71c                LSM303AGR_ACC_R_XEN
 .text.LSM303AGR_ACC_W_YEN
                0x000000000800b754       0x5a ./Drivers/BSP/Components/LSM303AGR_ACC_driver.o
                0x000000000800b754                LSM303AGR_ACC_W_YEN
 .text.LSM303AGR_ACC_R_YEN
                0x000000000800b7ae       0x38 ./Drivers/BSP/Components/LSM303AGR_ACC_driver.o
                0x000000000800b7ae                LSM303AGR_ACC_R_YEN
 .text.LSM303AGR_ACC_W_ZEN
                0x000000000800b7e6       0x5a ./Drivers/BSP/Components/LSM303AGR_ACC_driver.o
                0x000000000800b7e6                LSM303AGR_ACC_W_ZEN
 .text.LSM303AGR_ACC_R_ZEN
                0x000000000800b840       0x38 ./Drivers/BSP/Components/LSM303AGR_ACC_driver.o
                0x000000000800b840                LSM303AGR_ACC_R_ZEN
 .text.LSM303AGR_ACC_R_LOWPWR_EN
                0x000000000800b878       0x38 ./Drivers/BSP/Components/LSM303AGR_ACC_driver.o
                0x000000000800b878                LSM303AGR_ACC_R_LOWPWR_EN
 .text.LSM303AGR_ACC_R_HiRes
                0x000000000800b8b0       0x38 ./Drivers/BSP/Components/LSM303AGR_ACC_driver.o
                0x000000000800b8b0                LSM303AGR_ACC_R_HiRes
 .text.LSM303AGR_ACC_R_XDataAvail
                0x000000000800b8e8       0x38 ./Drivers/BSP/Components/LSM303AGR_ACC_driver.o
                0x000000000800b8e8                LSM303AGR_ACC_R_XDataAvail
 .text.LSM303AGR_ACC_W_FifoMode
                0x000000000800b920       0x5a ./Drivers/BSP/Components/LSM303AGR_ACC_driver.o
                0x000000000800b920                LSM303AGR_ACC_W_FifoMode
 *fill*         0x000000000800b97a        0x2 
 .text.LSM303AGR_X_Init
                0x000000000800b97c       0xc0 ./Drivers/BSP/Components/LSM303AGR_ACC_driver_HL.o
 .text.LSM303AGR_X_DeInit
                0x000000000800ba3c       0x58 ./Drivers/BSP/Components/LSM303AGR_ACC_driver_HL.o
 .text.LSM303AGR_X_Sensor_Enable
                0x000000000800ba94       0x4a ./Drivers/BSP/Components/LSM303AGR_ACC_driver_HL.o
 .text.LSM303AGR_X_Sensor_Disable
                0x000000000800bade       0x58 ./Drivers/BSP/Components/LSM303AGR_ACC_driver_HL.o
 .text.LSM303AGR_X_Get_WhoAmI
                0x000000000800bb36       0x26 ./Drivers/BSP/Components/LSM303AGR_ACC_driver_HL.o
 .text.LSM303AGR_X_Check_WhoAmI
                0x000000000800bb5c       0x3a ./Drivers/BSP/Components/LSM303AGR_ACC_driver_HL.o
 .text.LSM303AGR_X_Get_Axes
                0x000000000800bb96       0x3c ./Drivers/BSP/Components/LSM303AGR_ACC_driver_HL.o
 .text.LSM303AGR_X_Get_AxesRaw
                0x000000000800bbd2       0x42 ./Drivers/BSP/Components/LSM303AGR_ACC_driver_HL.o
 .text.LSM303AGR_X_Get_Sensitivity
                0x000000000800bc14       0x88 ./Drivers/BSP/Components/LSM303AGR_ACC_driver_HL.o
 .text.LSM303AGR_X_Get_ODR
                0x000000000800bc9c       0xd0 ./Drivers/BSP/Components/LSM303AGR_ACC_driver_HL.o
 .text.LSM303AGR_X_Set_ODR
                0x000000000800bd6c       0x46 ./Drivers/BSP/Components/LSM303AGR_ACC_driver_HL.o
 .text.LSM303AGR_X_Set_ODR_Value
                0x000000000800bdb2       0x46 ./Drivers/BSP/Components/LSM303AGR_ACC_driver_HL.o
 .text.LSM303AGR_X_Get_FS
                0x000000000800bdf8       0x7c ./Drivers/BSP/Components/LSM303AGR_ACC_driver_HL.o
 .text.LSM303AGR_X_Set_FS
                0x000000000800be74       0x54 ./Drivers/BSP/Components/LSM303AGR_ACC_driver_HL.o
 .text.LSM303AGR_X_Set_FS_Value
                0x000000000800bec8       0x70 ./Drivers/BSP/Components/LSM303AGR_ACC_driver_HL.o
 .text.LSM303AGR_X_Get_Axes_Status
                0x000000000800bf38       0x8c ./Drivers/BSP/Components/LSM303AGR_ACC_driver_HL.o
 .text.LSM303AGR_X_Set_Axes_Status
                0x000000000800bfc4       0x78 ./Drivers/BSP/Components/LSM303AGR_ACC_driver_HL.o
 .text.LSM303AGR_X_Read_Reg
                0x000000000800c03c       0x2e ./Drivers/BSP/Components/LSM303AGR_ACC_driver_HL.o
 .text.LSM303AGR_X_Write_Reg
                0x000000000800c06a       0x30 ./Drivers/BSP/Components/LSM303AGR_ACC_driver_HL.o
 .text.LSM303AGR_X_Get_DRDY_Status
                0x000000000800c09a       0x48 ./Drivers/BSP/Components/LSM303AGR_ACC_driver_HL.o
 .text.LSM303AGR_X_Get_Axes_Raw
                0x000000000800c0e2       0xca ./Drivers/BSP/Components/LSM303AGR_ACC_driver_HL.o
 .text.LSM303AGR_X_Set_ODR_When_Enabled
                0x000000000800c1ac       0x6c ./Drivers/BSP/Components/LSM303AGR_ACC_driver_HL.o
 .text.LSM303AGR_X_Set_ODR_When_Disabled
                0x000000000800c218       0x84 ./Drivers/BSP/Components/LSM303AGR_ACC_driver_HL.o
 .text.LSM303AGR_X_Set_ODR_Value_When_Enabled
                0x000000000800c29c       0xc0 ./Drivers/BSP/Components/LSM303AGR_ACC_driver_HL.o
 .text.LSM303AGR_X_Set_ODR_Value_When_Disabled
                0x000000000800c35c       0xd8 ./Drivers/BSP/Components/LSM303AGR_ACC_driver_HL.o
 .text.LSM303AGR_X_Get_Sensitivity_Normal_Mode
                0x000000000800c434       0x84 ./Drivers/BSP/Components/LSM303AGR_ACC_driver_HL.o
 .text.LSM303AGR_X_Get_Sensitivity_LP_Mode
                0x000000000800c4b8       0x84 ./Drivers/BSP/Components/LSM303AGR_ACC_driver_HL.o
 .text.LSM303AGR_X_Get_Sensitivity_HR_Mode
                0x000000000800c53c       0x84 ./Drivers/BSP/Components/LSM303AGR_ACC_driver_HL.o
 .text.LSM303AGR_MAG_WriteReg
                0x000000000800c5c0       0x34 ./Drivers/BSP/Components/LSM303AGR_MAG_driver.o
                0x000000000800c5c0                LSM303AGR_MAG_WriteReg
 .text.LSM303AGR_MAG_ReadReg
                0x000000000800c5f4       0x34 ./Drivers/BSP/Components/LSM303AGR_MAG_driver.o
                0x000000000800c5f4                LSM303AGR_MAG_ReadReg
 .text.LSM303AGR_MAG_R_WHO_AM_I
                0x000000000800c628       0x3a ./Drivers/BSP/Components/LSM303AGR_MAG_driver.o
                0x000000000800c628                LSM303AGR_MAG_R_WHO_AM_I
 .text.LSM303AGR_MAG_W_BDU
                0x000000000800c662       0x5a ./Drivers/BSP/Components/LSM303AGR_MAG_driver.o
                0x000000000800c662                LSM303AGR_MAG_W_BDU
 .text.LSM303AGR_MAG_W_MD
                0x000000000800c6bc       0x5a ./Drivers/BSP/Components/LSM303AGR_MAG_driver.o
                0x000000000800c6bc                LSM303AGR_MAG_W_MD
 .text.LSM303AGR_MAG_Get_Raw_Magnetic
                0x000000000800c716       0x2a ./Drivers/BSP/Components/LSM303AGR_MAG_driver.o
                0x000000000800c716                LSM303AGR_MAG_Get_Raw_Magnetic
 .text.LSM303AGR_MAG_W_ODR
                0x000000000800c740       0x5a ./Drivers/BSP/Components/LSM303AGR_MAG_driver.o
                0x000000000800c740                LSM303AGR_MAG_W_ODR
 .text.LSM303AGR_MAG_R_ODR
                0x000000000800c79a       0x38 ./Drivers/BSP/Components/LSM303AGR_MAG_driver.o
                0x000000000800c79a                LSM303AGR_MAG_R_ODR
 .text.LSM303AGR_MAG_W_ST
                0x000000000800c7d2       0x5a ./Drivers/BSP/Components/LSM303AGR_MAG_driver.o
                0x000000000800c7d2                LSM303AGR_MAG_W_ST
 .text.LSM303AGR_MAG_W_I2C_DIS
                0x000000000800c82c       0x5a ./Drivers/BSP/Components/LSM303AGR_MAG_driver.o
                0x000000000800c82c                LSM303AGR_MAG_W_I2C_DIS
 .text.LSM303AGR_MAG_R_ZYXDA
                0x000000000800c886       0x38 ./Drivers/BSP/Components/LSM303AGR_MAG_driver.o
                0x000000000800c886                LSM303AGR_MAG_R_ZYXDA
 .text.LSM303AGR_M_Init
                0x000000000800c8be       0x9a ./Drivers/BSP/Components/LSM303AGR_MAG_driver_HL.o
 .text.LSM303AGR_M_DeInit
                0x000000000800c958       0x50 ./Drivers/BSP/Components/LSM303AGR_MAG_driver_HL.o
 .text.LSM303AGR_M_Sensor_Enable
                0x000000000800c9a8       0x36 ./Drivers/BSP/Components/LSM303AGR_MAG_driver_HL.o
 .text.LSM303AGR_M_Sensor_Disable
                0x000000000800c9de       0x36 ./Drivers/BSP/Components/LSM303AGR_MAG_driver_HL.o
 .text.LSM303AGR_M_Get_WhoAmI
                0x000000000800ca14       0x26 ./Drivers/BSP/Components/LSM303AGR_MAG_driver_HL.o
 .text.LSM303AGR_M_Check_WhoAmI
                0x000000000800ca3a       0x3a ./Drivers/BSP/Components/LSM303AGR_MAG_driver_HL.o
 .text.LSM303AGR_M_Get_Axes
                0x000000000800ca74       0xa6 ./Drivers/BSP/Components/LSM303AGR_MAG_driver_HL.o
 .text.LSM303AGR_M_Get_AxesRaw
                0x000000000800cb1a       0x42 ./Drivers/BSP/Components/LSM303AGR_MAG_driver_HL.o
 .text.LSM303AGR_M_Get_Sensitivity
                0x000000000800cb5c       0x20 ./Drivers/BSP/Components/LSM303AGR_MAG_driver_HL.o
 .text.LSM303AGR_M_Get_ODR
                0x000000000800cb7c       0xa8 ./Drivers/BSP/Components/LSM303AGR_MAG_driver_HL.o
 .text.LSM303AGR_M_Set_ODR
                0x000000000800cc24       0x6c ./Drivers/BSP/Components/LSM303AGR_MAG_driver_HL.o
 .text.LSM303AGR_M_Set_ODR_Value
                0x000000000800cc90       0x74 ./Drivers/BSP/Components/LSM303AGR_MAG_driver_HL.o
 .text.LSM303AGR_M_Get_FS
                0x000000000800cd04       0x24 ./Drivers/BSP/Components/LSM303AGR_MAG_driver_HL.o
 .text.LSM303AGR_M_Set_FS
                0x000000000800cd28       0x1a ./Drivers/BSP/Components/LSM303AGR_MAG_driver_HL.o
 .text.LSM303AGR_M_Set_FS_Value
                0x000000000800cd42       0x1a ./Drivers/BSP/Components/LSM303AGR_MAG_driver_HL.o
 .text.LSM303AGR_M_Read_Reg
                0x000000000800cd5c       0x2e ./Drivers/BSP/Components/LSM303AGR_MAG_driver_HL.o
 .text.LSM303AGR_M_Write_Reg
                0x000000000800cd8a       0x30 ./Drivers/BSP/Components/LSM303AGR_MAG_driver_HL.o
 .text.LSM303AGR_M_Get_DRDY_Status
                0x000000000800cdba       0x48 ./Drivers/BSP/Components/LSM303AGR_MAG_driver_HL.o
 *fill*         0x000000000800ce02        0x2 
 .text.LSM303AGR_M_Get_Axes_Raw
                0x000000000800ce04       0x68 ./Drivers/BSP/Components/LSM303AGR_MAG_driver_HL.o
 .text.LSM6DSM_ACC_GYRO_ReadReg
                0x000000000800ce6c       0x2e ./Drivers/BSP/Components/LSM6DSM_ACC_GYRO_driver.o
                0x000000000800ce6c                LSM6DSM_ACC_GYRO_ReadReg
 .text.LSM6DSM_ACC_GYRO_WriteReg
                0x000000000800ce9a       0x30 ./Drivers/BSP/Components/LSM6DSM_ACC_GYRO_driver.o
                0x000000000800ce9a                LSM6DSM_ACC_GYRO_WriteReg
 .text.LSM6DSM_ACC_GYRO_W_EmbeddedAccess
                0x000000000800ceca       0x58 ./Drivers/BSP/Components/LSM6DSM_ACC_GYRO_driver.o
                0x000000000800ceca                LSM6DSM_ACC_GYRO_W_EmbeddedAccess
 .text.LSM6DSM_ACC_GYRO_W_FIFO_MODE
                0x000000000800cf22       0x58 ./Drivers/BSP/Components/LSM6DSM_ACC_GYRO_driver.o
                0x000000000800cf22                LSM6DSM_ACC_GYRO_W_FIFO_MODE
 .text.LSM6DSM_ACC_GYRO_W_STEP_DELTA_on_INT2
                0x000000000800cf7a       0x58 ./Drivers/BSP/Components/LSM6DSM_ACC_GYRO_driver.o
                0x000000000800cf7a                LSM6DSM_ACC_GYRO_W_STEP_DELTA_on_INT2
 .text.LSM6DSM_ACC_GYRO_R_WHO_AM_I
                0x000000000800cfd2       0x38 ./Drivers/BSP/Components/LSM6DSM_ACC_GYRO_driver.o
                0x000000000800cfd2                LSM6DSM_ACC_GYRO_R_WHO_AM_I
 .text.LSM6DSM_ACC_GYRO_W_FS_XL
                0x000000000800d00a       0x58 ./Drivers/BSP/Components/LSM6DSM_ACC_GYRO_driver.o
                0x000000000800d00a                LSM6DSM_ACC_GYRO_W_FS_XL
 .text.LSM6DSM_ACC_GYRO_R_FS_XL
                0x000000000800d062       0x36 ./Drivers/BSP/Components/LSM6DSM_ACC_GYRO_driver.o
                0x000000000800d062                LSM6DSM_ACC_GYRO_R_FS_XL
 .text.LSM6DSM_ACC_GYRO_W_ODR_XL
                0x000000000800d098       0x58 ./Drivers/BSP/Components/LSM6DSM_ACC_GYRO_driver.o
                0x000000000800d098                LSM6DSM_ACC_GYRO_W_ODR_XL
 .text.LSM6DSM_ACC_GYRO_R_ODR_XL
                0x000000000800d0f0       0x36 ./Drivers/BSP/Components/LSM6DSM_ACC_GYRO_driver.o
                0x000000000800d0f0                LSM6DSM_ACC_GYRO_R_ODR_XL
 .text.LSM6DSM_ACC_GYRO_W_FS_125
                0x000000000800d126       0x58 ./Drivers/BSP/Components/LSM6DSM_ACC_GYRO_driver.o
                0x000000000800d126                LSM6DSM_ACC_GYRO_W_FS_125
 .text.LSM6DSM_ACC_GYRO_R_FS_125
                0x000000000800d17e       0x36 ./Drivers/BSP/Components/LSM6DSM_ACC_GYRO_driver.o
                0x000000000800d17e                LSM6DSM_ACC_GYRO_R_FS_125
 .text.LSM6DSM_ACC_GYRO_W_FS_G
                0x000000000800d1b4       0x58 ./Drivers/BSP/Components/LSM6DSM_ACC_GYRO_driver.o
                0x000000000800d1b4                LSM6DSM_ACC_GYRO_W_FS_G
 .text.LSM6DSM_ACC_GYRO_R_FS_G
                0x000000000800d20c       0x36 ./Drivers/BSP/Components/LSM6DSM_ACC_GYRO_driver.o
                0x000000000800d20c                LSM6DSM_ACC_GYRO_R_FS_G
 .text.LSM6DSM_ACC_GYRO_W_ODR_G
                0x000000000800d242       0x58 ./Drivers/BSP/Components/LSM6DSM_ACC_GYRO_driver.o
                0x000000000800d242                LSM6DSM_ACC_GYRO_W_ODR_G
 .text.LSM6DSM_ACC_GYRO_R_ODR_G
                0x000000000800d29a       0x36 ./Drivers/BSP/Components/LSM6DSM_ACC_GYRO_driver.o
                0x000000000800d29a                LSM6DSM_ACC_GYRO_R_ODR_G
 .text.LSM6DSM_ACC_GYRO_W_IF_Addr_Incr
                0x000000000800d2d0       0x58 ./Drivers/BSP/Components/LSM6DSM_ACC_GYRO_driver.o
                0x000000000800d2d0                LSM6DSM_ACC_GYRO_W_IF_Addr_Incr
 .text.LSM6DSM_ACC_GYRO_W_BDU
                0x000000000800d328       0x58 ./Drivers/BSP/Components/LSM6DSM_ACC_GYRO_driver.o
                0x000000000800d328                LSM6DSM_ACC_GYRO_W_BDU
 .text.LSM6DSM_ACC_GYRO_W_I2C_DISABLE
                0x000000000800d380       0x58 ./Drivers/BSP/Components/LSM6DSM_ACC_GYRO_driver.o
                0x000000000800d380                LSM6DSM_ACC_GYRO_W_I2C_DISABLE
 .text.LSM6DSM_ACC_GYRO_W_PedoStepReset
                0x000000000800d3d8       0x58 ./Drivers/BSP/Components/LSM6DSM_ACC_GYRO_driver.o
                0x000000000800d3d8                LSM6DSM_ACC_GYRO_W_PedoStepReset
 .text.LSM6DSM_ACC_GYRO_W_TILT
                0x000000000800d430       0x58 ./Drivers/BSP/Components/LSM6DSM_ACC_GYRO_driver.o
                0x000000000800d430                LSM6DSM_ACC_GYRO_W_TILT
 .text.LSM6DSM_ACC_GYRO_W_PEDO
                0x000000000800d488       0x58 ./Drivers/BSP/Components/LSM6DSM_ACC_GYRO_driver.o
                0x000000000800d488                LSM6DSM_ACC_GYRO_W_PEDO
 .text.LSM6DSM_ACC_GYRO_W_FUNC_EN
                0x000000000800d4e0       0x58 ./Drivers/BSP/Components/LSM6DSM_ACC_GYRO_driver.o
                0x000000000800d4e0                LSM6DSM_ACC_GYRO_W_FUNC_EN
 .text.LSM6DSM_ACC_GYRO_R_WU_EV_STATUS
                0x000000000800d538       0x36 ./Drivers/BSP/Components/LSM6DSM_ACC_GYRO_driver.o
                0x000000000800d538                LSM6DSM_ACC_GYRO_R_WU_EV_STATUS
 .text.LSM6DSM_ACC_GYRO_R_FF_EV_STATUS
                0x000000000800d56e       0x36 ./Drivers/BSP/Components/LSM6DSM_ACC_GYRO_driver.o
                0x000000000800d56e                LSM6DSM_ACC_GYRO_R_FF_EV_STATUS
 .text.LSM6DSM_ACC_GYRO_R_DOUBLE_TAP_EV_STATUS
                0x000000000800d5a4       0x36 ./Drivers/BSP/Components/LSM6DSM_ACC_GYRO_driver.o
                0x000000000800d5a4                LSM6DSM_ACC_GYRO_R_DOUBLE_TAP_EV_STATUS
 .text.LSM6DSM_ACC_GYRO_R_SINGLE_TAP_EV_STATUS
                0x000000000800d5da       0x36 ./Drivers/BSP/Components/LSM6DSM_ACC_GYRO_driver.o
                0x000000000800d5da                LSM6DSM_ACC_GYRO_R_SINGLE_TAP_EV_STATUS
 .text.LSM6DSM_ACC_GYRO_R_DSD_XL
                0x000000000800d610       0x36 ./Drivers/BSP/Components/LSM6DSM_ACC_GYRO_driver.o
                0x000000000800d610                LSM6DSM_ACC_GYRO_R_DSD_XL
 .text.LSM6DSM_ACC_GYRO_R_DSD_XH
                0x000000000800d646       0x36 ./Drivers/BSP/Components/LSM6DSM_ACC_GYRO_driver.o
                0x000000000800d646                LSM6DSM_ACC_GYRO_R_DSD_XH
 .text.LSM6DSM_ACC_GYRO_R_DSD_YL
                0x000000000800d67c       0x36 ./Drivers/BSP/Components/LSM6DSM_ACC_GYRO_driver.o
                0x000000000800d67c                LSM6DSM_ACC_GYRO_R_DSD_YL
 .text.LSM6DSM_ACC_GYRO_R_DSD_YH
                0x000000000800d6b2       0x36 ./Drivers/BSP/Components/LSM6DSM_ACC_GYRO_driver.o
                0x000000000800d6b2                LSM6DSM_ACC_GYRO_R_DSD_YH
 .text.LSM6DSM_ACC_GYRO_R_DSD_ZL
                0x000000000800d6e8       0x36 ./Drivers/BSP/Components/LSM6DSM_ACC_GYRO_driver.o
                0x000000000800d6e8                LSM6DSM_ACC_GYRO_R_DSD_ZL
 .text.LSM6DSM_ACC_GYRO_R_DSD_ZH
                0x000000000800d71e       0x36 ./Drivers/BSP/Components/LSM6DSM_ACC_GYRO_driver.o
                0x000000000800d71e                LSM6DSM_ACC_GYRO_R_DSD_ZH
 .text.LSM6DSM_ACC_GYRO_R_D6D_EV_STATUS
                0x000000000800d754       0x36 ./Drivers/BSP/Components/LSM6DSM_ACC_GYRO_driver.o
                0x000000000800d754                LSM6DSM_ACC_GYRO_R_D6D_EV_STATUS
 .text.LSM6DSM_ACC_GYRO_R_XLDA
                0x000000000800d78a       0x36 ./Drivers/BSP/Components/LSM6DSM_ACC_GYRO_driver.o
                0x000000000800d78a                LSM6DSM_ACC_GYRO_R_XLDA
 .text.LSM6DSM_ACC_GYRO_R_GDA
                0x000000000800d7c0       0x36 ./Drivers/BSP/Components/LSM6DSM_ACC_GYRO_driver.o
                0x000000000800d7c0                LSM6DSM_ACC_GYRO_R_GDA
 .text.LSM6DSM_ACC_GYRO_R_PEDO_EV_STATUS
                0x000000000800d7f6       0x36 ./Drivers/BSP/Components/LSM6DSM_ACC_GYRO_driver.o
                0x000000000800d7f6                LSM6DSM_ACC_GYRO_R_PEDO_EV_STATUS
 .text.LSM6DSM_ACC_GYRO_R_TILT_EV_STATUS
                0x000000000800d82c       0x36 ./Drivers/BSP/Components/LSM6DSM_ACC_GYRO_driver.o
                0x000000000800d82c                LSM6DSM_ACC_GYRO_R_TILT_EV_STATUS
 .text.LSM6DSM_ACC_GYRO_W_TAP_Z_EN
                0x000000000800d862       0x58 ./Drivers/BSP/Components/LSM6DSM_ACC_GYRO_driver.o
                0x000000000800d862                LSM6DSM_ACC_GYRO_W_TAP_Z_EN
 .text.LSM6DSM_ACC_GYRO_W_TAP_Y_EN
                0x000000000800d8ba       0x58 ./Drivers/BSP/Components/LSM6DSM_ACC_GYRO_driver.o
                0x000000000800d8ba                LSM6DSM_ACC_GYRO_W_TAP_Y_EN
 .text.LSM6DSM_ACC_GYRO_W_TAP_X_EN
                0x000000000800d912       0x58 ./Drivers/BSP/Components/LSM6DSM_ACC_GYRO_driver.o
                0x000000000800d912                LSM6DSM_ACC_GYRO_W_TAP_X_EN
 .text.LSM6DSM_ACC_GYRO_W_BASIC_INT
                0x000000000800d96a       0x58 ./Drivers/BSP/Components/LSM6DSM_ACC_GYRO_driver.o
                0x000000000800d96a                LSM6DSM_ACC_GYRO_W_BASIC_INT
 .text.LSM6DSM_ACC_GYRO_W_TAP_THS
                0x000000000800d9c2       0x60 ./Drivers/BSP/Components/LSM6DSM_ACC_GYRO_driver.o
                0x000000000800d9c2                LSM6DSM_ACC_GYRO_W_TAP_THS
 .text.LSM6DSM_ACC_GYRO_W_SIXD_THS
                0x000000000800da22       0x58 ./Drivers/BSP/Components/LSM6DSM_ACC_GYRO_driver.o
                0x000000000800da22                LSM6DSM_ACC_GYRO_W_SIXD_THS
 .text.LSM6DSM_ACC_GYRO_W_SHOCK_Duration
                0x000000000800da7a       0x60 ./Drivers/BSP/Components/LSM6DSM_ACC_GYRO_driver.o
                0x000000000800da7a                LSM6DSM_ACC_GYRO_W_SHOCK_Duration
 .text.LSM6DSM_ACC_GYRO_W_QUIET_Duration
                0x000000000800dada       0x66 ./Drivers/BSP/Components/LSM6DSM_ACC_GYRO_driver.o
                0x000000000800dada                LSM6DSM_ACC_GYRO_W_QUIET_Duration
 .text.LSM6DSM_ACC_GYRO_W_DUR
                0x000000000800db40       0x66 ./Drivers/BSP/Components/LSM6DSM_ACC_GYRO_driver.o
                0x000000000800db40                LSM6DSM_ACC_GYRO_W_DUR
 .text.LSM6DSM_ACC_GYRO_W_WK_THS
                0x000000000800dba6       0x60 ./Drivers/BSP/Components/LSM6DSM_ACC_GYRO_driver.o
                0x000000000800dba6                LSM6DSM_ACC_GYRO_W_WK_THS
 .text.LSM6DSM_ACC_GYRO_W_SINGLE_DOUBLE_TAP_EV
                0x000000000800dc06       0x58 ./Drivers/BSP/Components/LSM6DSM_ACC_GYRO_driver.o
                0x000000000800dc06                LSM6DSM_ACC_GYRO_W_SINGLE_DOUBLE_TAP_EV
 .text.LSM6DSM_ACC_GYRO_W_SLEEP_DUR
                0x000000000800dc5e       0x60 ./Drivers/BSP/Components/LSM6DSM_ACC_GYRO_driver.o
                0x000000000800dc5e                LSM6DSM_ACC_GYRO_W_SLEEP_DUR
 .text.LSM6DSM_ACC_GYRO_W_TIMER_HR
                0x000000000800dcbe       0x58 ./Drivers/BSP/Components/LSM6DSM_ACC_GYRO_driver.o
                0x000000000800dcbe                LSM6DSM_ACC_GYRO_W_TIMER_HR
 .text.LSM6DSM_ACC_GYRO_W_WAKE_DUR
                0x000000000800dd16       0x66 ./Drivers/BSP/Components/LSM6DSM_ACC_GYRO_driver.o
                0x000000000800dd16                LSM6DSM_ACC_GYRO_W_WAKE_DUR
 .text.LSM6DSM_ACC_GYRO_W_FF_THS
                0x000000000800dd7c       0x58 ./Drivers/BSP/Components/LSM6DSM_ACC_GYRO_driver.o
                0x000000000800dd7c                LSM6DSM_ACC_GYRO_W_FF_THS
 .text.LSM6DSM_ACC_GYRO_W_FF_Duration
                0x000000000800ddd4       0xca ./Drivers/BSP/Components/LSM6DSM_ACC_GYRO_driver.o
                0x000000000800ddd4                LSM6DSM_ACC_GYRO_W_FF_Duration
 .text.LSM6DSM_ACC_GYRO_W_TiltEvOnInt2
                0x000000000800de9e       0x58 ./Drivers/BSP/Components/LSM6DSM_ACC_GYRO_driver.o
                0x000000000800de9e                LSM6DSM_ACC_GYRO_W_TiltEvOnInt2
 .text.LSM6DSM_ACC_GYRO_W_6DEvOnInt2
                0x000000000800def6       0x58 ./Drivers/BSP/Components/LSM6DSM_ACC_GYRO_driver.o
                0x000000000800def6                LSM6DSM_ACC_GYRO_W_6DEvOnInt2
 .text.LSM6DSM_ACC_GYRO_W_TapEvOnInt2
                0x000000000800df4e       0x58 ./Drivers/BSP/Components/LSM6DSM_ACC_GYRO_driver.o
                0x000000000800df4e                LSM6DSM_ACC_GYRO_W_TapEvOnInt2
 .text.LSM6DSM_ACC_GYRO_W_FFEvOnInt2
                0x000000000800dfa6       0x58 ./Drivers/BSP/Components/LSM6DSM_ACC_GYRO_driver.o
                0x000000000800dfa6                LSM6DSM_ACC_GYRO_W_FFEvOnInt2
 .text.LSM6DSM_ACC_GYRO_W_WUEvOnInt2
                0x000000000800dffe       0x58 ./Drivers/BSP/Components/LSM6DSM_ACC_GYRO_driver.o
                0x000000000800dffe                LSM6DSM_ACC_GYRO_W_WUEvOnInt2
 .text.LSM6DSM_ACC_GYRO_W_SingleTapOnInt2
                0x000000000800e056       0x58 ./Drivers/BSP/Components/LSM6DSM_ACC_GYRO_driver.o
                0x000000000800e056                LSM6DSM_ACC_GYRO_W_SingleTapOnInt2
 .text.LSM6DSM_ACC_GYRO_GetRawGyroData
                0x000000000800e0ae       0x66 ./Drivers/BSP/Components/LSM6DSM_ACC_GYRO_driver.o
                0x000000000800e0ae                LSM6DSM_ACC_GYRO_GetRawGyroData
 .text.LSM6DSM_ACC_GYRO_GetRawAccData
                0x000000000800e114       0x66 ./Drivers/BSP/Components/LSM6DSM_ACC_GYRO_driver.o
                0x000000000800e114                LSM6DSM_ACC_GYRO_GetRawAccData
 .text.LSM6DSM_ACC_GYRO_Get_GetStepCounter
                0x000000000800e17a       0x66 ./Drivers/BSP/Components/LSM6DSM_ACC_GYRO_driver.o
                0x000000000800e17a                LSM6DSM_ACC_GYRO_Get_GetStepCounter
 .text.LSM6DSM_ACC_GYRO_W_PedoThreshold
                0x000000000800e1e0       0x88 ./Drivers/BSP/Components/LSM6DSM_ACC_GYRO_driver.o
                0x000000000800e1e0                LSM6DSM_ACC_GYRO_W_PedoThreshold
 .text.LSM6DSM_X_Init
                0x000000000800e268       0xa4 ./Drivers/BSP/Components/LSM6DSM_ACC_GYRO_driver_HL.o
 .text.LSM6DSM_X_DeInit
                0x000000000800e30c       0xc8 ./Drivers/BSP/Components/LSM6DSM_ACC_GYRO_driver_HL.o
 .text.LSM6DSM_X_Sensor_Enable
                0x000000000800e3d4       0x4a ./Drivers/BSP/Components/LSM6DSM_ACC_GYRO_driver_HL.o
 .text.LSM6DSM_X_Sensor_Disable
                0x000000000800e41e       0x58 ./Drivers/BSP/Components/LSM6DSM_ACC_GYRO_driver_HL.o
 .text.LSM6DSM_X_Get_WhoAmI
                0x000000000800e476       0x1c ./Drivers/BSP/Components/LSM6DSM_ACC_GYRO_driver_HL.o
 .text.LSM6DSM_X_Check_WhoAmI
                0x000000000800e492       0x18 ./Drivers/BSP/Components/LSM6DSM_ACC_GYRO_driver_HL.o
 .text.LSM6DSM_X_Get_Axes
                0x000000000800e4aa       0xa6 ./Drivers/BSP/Components/LSM6DSM_ACC_GYRO_driver_HL.o
 .text.LSM6DSM_X_Get_AxesRaw
                0x000000000800e550       0x42 ./Drivers/BSP/Components/LSM6DSM_ACC_GYRO_driver_HL.o
 *fill*         0x000000000800e592        0x2 
 .text.LSM6DSM_X_Get_Sensitivity
                0x000000000800e594       0xa8 ./Drivers/BSP/Components/LSM6DSM_ACC_GYRO_driver_HL.o
 .text.LSM6DSM_X_Get_ODR
                0x000000000800e63c      0x110 ./Drivers/BSP/Components/LSM6DSM_ACC_GYRO_driver_HL.o
 .text.LSM6DSM_X_Set_ODR
                0x000000000800e74c       0x46 ./Drivers/BSP/Components/LSM6DSM_ACC_GYRO_driver_HL.o
 .text.LSM6DSM_X_Set_ODR_Value
                0x000000000800e792       0x46 ./Drivers/BSP/Components/LSM6DSM_ACC_GYRO_driver_HL.o
 .text.LSM6DSM_X_Get_FS
                0x000000000800e7d8       0xa0 ./Drivers/BSP/Components/LSM6DSM_ACC_GYRO_driver_HL.o
 .text.LSM6DSM_X_Set_FS
                0x000000000800e878       0x54 ./Drivers/BSP/Components/LSM6DSM_ACC_GYRO_driver_HL.o
 .text.LSM6DSM_X_Set_FS_Value
                0x000000000800e8cc       0x70 ./Drivers/BSP/Components/LSM6DSM_ACC_GYRO_driver_HL.o
 .text.LSM6DSM_G_Init
                0x000000000800e93c       0xa4 ./Drivers/BSP/Components/LSM6DSM_ACC_GYRO_driver_HL.o
 .text.LSM6DSM_G_DeInit
                0x000000000800e9e0       0x58 ./Drivers/BSP/Components/LSM6DSM_ACC_GYRO_driver_HL.o
 .text.LSM6DSM_G_Sensor_Enable
                0x000000000800ea38       0x4a ./Drivers/BSP/Components/LSM6DSM_ACC_GYRO_driver_HL.o
 .text.LSM6DSM_G_Sensor_Disable
                0x000000000800ea82       0x58 ./Drivers/BSP/Components/LSM6DSM_ACC_GYRO_driver_HL.o
 .text.LSM6DSM_G_Get_WhoAmI
                0x000000000800eada       0x1c ./Drivers/BSP/Components/LSM6DSM_ACC_GYRO_driver_HL.o
 .text.LSM6DSM_G_Check_WhoAmI
                0x000000000800eaf6       0x18 ./Drivers/BSP/Components/LSM6DSM_ACC_GYRO_driver_HL.o
 .text.LSM6DSM_G_Get_Axes
                0x000000000800eb0e       0xa6 ./Drivers/BSP/Components/LSM6DSM_ACC_GYRO_driver_HL.o
 .text.LSM6DSM_G_Get_AxesRaw
                0x000000000800ebb4       0x42 ./Drivers/BSP/Components/LSM6DSM_ACC_GYRO_driver_HL.o
 *fill*         0x000000000800ebf6        0x2 
 .text.LSM6DSM_G_Get_Sensitivity
                0x000000000800ebf8       0xd0 ./Drivers/BSP/Components/LSM6DSM_ACC_GYRO_driver_HL.o
 .text.LSM6DSM_G_Get_ODR
                0x000000000800ecc8      0x110 ./Drivers/BSP/Components/LSM6DSM_ACC_GYRO_driver_HL.o
 .text.LSM6DSM_G_Set_ODR
                0x000000000800edd8       0x46 ./Drivers/BSP/Components/LSM6DSM_ACC_GYRO_driver_HL.o
 .text.LSM6DSM_G_Set_ODR_Value
                0x000000000800ee1e       0x46 ./Drivers/BSP/Components/LSM6DSM_ACC_GYRO_driver_HL.o
 .text.LSM6DSM_G_Get_FS
                0x000000000800ee64       0xd0 ./Drivers/BSP/Components/LSM6DSM_ACC_GYRO_driver_HL.o
 .text.LSM6DSM_G_Set_FS
                0x000000000800ef34       0x54 ./Drivers/BSP/Components/LSM6DSM_ACC_GYRO_driver_HL.o
 .text.LSM6DSM_G_Set_FS_Value
                0x000000000800ef88       0xb8 ./Drivers/BSP/Components/LSM6DSM_ACC_GYRO_driver_HL.o
 .text.LSM6DSM_Get_WhoAmI
                0x000000000800f040       0x26 ./Drivers/BSP/Components/LSM6DSM_ACC_GYRO_driver_HL.o
 .text.LSM6DSM_Check_WhoAmI
                0x000000000800f066       0x3a ./Drivers/BSP/Components/LSM6DSM_ACC_GYRO_driver_HL.o
 .text.LSM6DSM_X_Get_Axes_Raw
                0x000000000800f0a0       0x84 ./Drivers/BSP/Components/LSM6DSM_ACC_GYRO_driver_HL.o
 .text.LSM6DSM_X_Set_ODR_When_Enabled
                0x000000000800f124       0x6c ./Drivers/BSP/Components/LSM6DSM_ACC_GYRO_driver_HL.o
 .text.LSM6DSM_X_Set_ODR_When_Disabled
                0x000000000800f190       0x84 ./Drivers/BSP/Components/LSM6DSM_ACC_GYRO_driver_HL.o
 .text.LSM6DSM_X_Set_ODR_Value_When_Enabled
                0x000000000800f214      0x110 ./Drivers/BSP/Components/LSM6DSM_ACC_GYRO_driver_HL.o
 .text.LSM6DSM_X_Set_ODR_Value_When_Disabled
                0x000000000800f324      0x138 ./Drivers/BSP/Components/LSM6DSM_ACC_GYRO_driver_HL.o
 .text.LSM6DSM_G_Get_Axes_Raw
                0x000000000800f45c       0x84 ./Drivers/BSP/Components/LSM6DSM_ACC_GYRO_driver_HL.o
 .text.LSM6DSM_G_Set_ODR_When_Enabled
                0x000000000800f4e0       0x6c ./Drivers/BSP/Components/LSM6DSM_ACC_GYRO_driver_HL.o
 .text.LSM6DSM_G_Set_ODR_When_Disabled
                0x000000000800f54c       0x84 ./Drivers/BSP/Components/LSM6DSM_ACC_GYRO_driver_HL.o
 .text.LSM6DSM_G_Set_ODR_Value_When_Enabled
                0x000000000800f5d0      0x110 ./Drivers/BSP/Components/LSM6DSM_ACC_GYRO_driver_HL.o
 .text.LSM6DSM_G_Set_ODR_Value_When_Disabled
                0x000000000800f6e0      0x138 ./Drivers/BSP/Components/LSM6DSM_ACC_GYRO_driver_HL.o
 .text.LSM6DSM_X_Enable_Free_Fall_Detection
                0x000000000800f818       0xbc ./Drivers/BSP/Components/LSM6DSM_ACC_GYRO_driver_HL.o
 .text.LSM6DSM_X_Disable_Free_Fall_Detection
                0x000000000800f8d4       0x5a ./Drivers/BSP/Components/LSM6DSM_ACC_GYRO_driver_HL.o
 .text.LSM6DSM_X_Get_Free_Fall_Detection_Status
                0x000000000800f92e       0x48 ./Drivers/BSP/Components/LSM6DSM_ACC_GYRO_driver_HL.o
 .text.LSM6DSM_X_Set_Free_Fall_Threshold
                0x000000000800f976       0x2a ./Drivers/BSP/Components/LSM6DSM_ACC_GYRO_driver_HL.o
 .text.LSM6DSM_X_Enable_Pedometer
                0x000000000800f9a0       0x80 ./Drivers/BSP/Components/LSM6DSM_ACC_GYRO_driver_HL.o
 .text.LSM6DSM_X_Disable_Pedometer
                0x000000000800fa20       0x5a ./Drivers/BSP/Components/LSM6DSM_ACC_GYRO_driver_HL.o
 .text.LSM6DSM_X_Get_Pedometer_Status
                0x000000000800fa7a       0x48 ./Drivers/BSP/Components/LSM6DSM_ACC_GYRO_driver_HL.o
 .text.LSM6DSM_X_Get_Step_Count
                0x000000000800fac2       0x26 ./Drivers/BSP/Components/LSM6DSM_ACC_GYRO_driver_HL.o
 .text.LSM6DSM_X_Enable_Step_Counter_Reset
                0x000000000800fae8       0x24 ./Drivers/BSP/Components/LSM6DSM_ACC_GYRO_driver_HL.o
 .text.LSM6DSM_X_Disable_Step_Counter_Reset
                0x000000000800fb0c       0x24 ./Drivers/BSP/Components/LSM6DSM_ACC_GYRO_driver_HL.o
 .text.LSM6DSM_X_Set_Pedometer_Threshold
                0x000000000800fb30       0x2a ./Drivers/BSP/Components/LSM6DSM_ACC_GYRO_driver_HL.o
 .text.LSM6DSM_X_Enable_Tilt_Detection
                0x000000000800fb5a       0x6e ./Drivers/BSP/Components/LSM6DSM_ACC_GYRO_driver_HL.o
 .text.LSM6DSM_X_Disable_Tilt_Detection
                0x000000000800fbc8       0x48 ./Drivers/BSP/Components/LSM6DSM_ACC_GYRO_driver_HL.o
 .text.LSM6DSM_X_Get_Tilt_Detection_Status
                0x000000000800fc10       0x48 ./Drivers/BSP/Components/LSM6DSM_ACC_GYRO_driver_HL.o
 .text.LSM6DSM_X_Enable_Wake_Up_Detection
                0x000000000800fc58       0x84 ./Drivers/BSP/Components/LSM6DSM_ACC_GYRO_driver_HL.o
 .text.LSM6DSM_X_Disable_Wake_Up_Detection
                0x000000000800fcdc       0x5a ./Drivers/BSP/Components/LSM6DSM_ACC_GYRO_driver_HL.o
 .text.LSM6DSM_X_Get_Wake_Up_Detection_Status
                0x000000000800fd36       0x48 ./Drivers/BSP/Components/LSM6DSM_ACC_GYRO_driver_HL.o
 .text.LSM6DSM_X_Set_Wake_Up_Threshold
                0x000000000800fd7e       0x2a ./Drivers/BSP/Components/LSM6DSM_ACC_GYRO_driver_HL.o
 .text.LSM6DSM_X_Enable_Single_Tap_Detection
                0x000000000800fda8       0xcc ./Drivers/BSP/Components/LSM6DSM_ACC_GYRO_driver_HL.o
 .text.LSM6DSM_X_Disable_Single_Tap_Detection
                0x000000000800fe74       0xa2 ./Drivers/BSP/Components/LSM6DSM_ACC_GYRO_driver_HL.o
 .text.LSM6DSM_X_Get_Single_Tap_Detection_Status
                0x000000000800ff16       0x48 ./Drivers/BSP/Components/LSM6DSM_ACC_GYRO_driver_HL.o
 *fill*         0x000000000800ff5e        0x2 
 .text.LSM6DSM_X_Enable_Double_Tap_Detection
                0x000000000800ff60       0xf0 ./Drivers/BSP/Components/LSM6DSM_ACC_GYRO_driver_HL.o
 .text.LSM6DSM_X_Disable_Double_Tap_Detection
                0x0000000008010050       0xc6 ./Drivers/BSP/Components/LSM6DSM_ACC_GYRO_driver_HL.o
 .text.LSM6DSM_X_Get_Double_Tap_Detection_Status
                0x0000000008010116       0x48 ./Drivers/BSP/Components/LSM6DSM_ACC_GYRO_driver_HL.o
 .text.LSM6DSM_X_Set_Tap_Threshold
                0x000000000801015e       0x2a ./Drivers/BSP/Components/LSM6DSM_ACC_GYRO_driver_HL.o
 .text.LSM6DSM_X_Set_Tap_Shock_Time
                0x0000000008010188       0x2a ./Drivers/BSP/Components/LSM6DSM_ACC_GYRO_driver_HL.o
 .text.LSM6DSM_X_Set_Tap_Quiet_Time
                0x00000000080101b2       0x2a ./Drivers/BSP/Components/LSM6DSM_ACC_GYRO_driver_HL.o
 .text.LSM6DSM_X_Set_Tap_Duration_Time
                0x00000000080101dc       0x2a ./Drivers/BSP/Components/LSM6DSM_ACC_GYRO_driver_HL.o
 *fill*         0x0000000008010206        0x2 
 .text.LSM6DSM_X_Enable_6D_Orientation
                0x0000000008010208       0x74 ./Drivers/BSP/Components/LSM6DSM_ACC_GYRO_driver_HL.o
 .text.LSM6DSM_X_Disable_6D_Orientation
                0x000000000801027c       0x48 ./Drivers/BSP/Components/LSM6DSM_ACC_GYRO_driver_HL.o
 .text.LSM6DSM_X_Get_6D_Orientation_Status
                0x00000000080102c4       0x48 ./Drivers/BSP/Components/LSM6DSM_ACC_GYRO_driver_HL.o
 .text.LSM6DSM_X_Get_6D_Orientation_XL
                0x000000000801030c       0x48 ./Drivers/BSP/Components/LSM6DSM_ACC_GYRO_driver_HL.o
 .text.LSM6DSM_X_Get_6D_Orientation_XH
                0x0000000008010354       0x48 ./Drivers/BSP/Components/LSM6DSM_ACC_GYRO_driver_HL.o
 .text.LSM6DSM_X_Get_6D_Orientation_YL
                0x000000000801039c       0x48 ./Drivers/BSP/Components/LSM6DSM_ACC_GYRO_driver_HL.o
 .text.LSM6DSM_X_Get_6D_Orientation_YH
                0x00000000080103e4       0x48 ./Drivers/BSP/Components/LSM6DSM_ACC_GYRO_driver_HL.o
 .text.LSM6DSM_X_Get_6D_Orientation_ZL
                0x000000000801042c       0x48 ./Drivers/BSP/Components/LSM6DSM_ACC_GYRO_driver_HL.o
 .text.LSM6DSM_X_Get_6D_Orientation_ZH
                0x0000000008010474       0x48 ./Drivers/BSP/Components/LSM6DSM_ACC_GYRO_driver_HL.o
 .text.LSM6DSM_X_Read_Reg
                0x00000000080104bc       0x2e ./Drivers/BSP/Components/LSM6DSM_ACC_GYRO_driver_HL.o
 .text.LSM6DSM_X_Write_Reg
                0x00000000080104ea       0x30 ./Drivers/BSP/Components/LSM6DSM_ACC_GYRO_driver_HL.o
 .text.LSM6DSM_X_Get_DRDY_Status
                0x000000000801051a       0x48 ./Drivers/BSP/Components/LSM6DSM_ACC_GYRO_driver_HL.o
 .text.LSM6DSM_G_Read_Reg
                0x0000000008010562       0x2e ./Drivers/BSP/Components/LSM6DSM_ACC_GYRO_driver_HL.o
 .text.LSM6DSM_G_Write_Reg
                0x0000000008010590       0x30 ./Drivers/BSP/Components/LSM6DSM_ACC_GYRO_driver_HL.o
 .text.LSM6DSM_G_Get_DRDY_Status
                0x00000000080105c0       0x48 ./Drivers/BSP/Components/LSM6DSM_ACC_GYRO_driver_HL.o
 .text.STC3115_Init
                0x0000000008010608      0x254 ./Drivers/BSP/Components/STC3115_Driver.o
 .text.STC3115_DeInit
                0x000000000801085c       0x1c ./Drivers/BSP/Components/STC3115_Driver.o
 .text.STC3115_Get_WhoAmI
                0x0000000008010878       0x2a ./Drivers/BSP/Components/STC3115_Driver.o
 *fill*         0x00000000080108a2        0x2 
 .text.STC3115_Task
                0x00000000080108a4      0x2a8 ./Drivers/BSP/Components/STC3115_Driver.o
 .text.STC3115_Reset
                0x0000000008010b4c       0x52 ./Drivers/BSP/Components/STC3115_Driver.o
 .text.STC3115_Stop
                0x0000000008010b9e       0x4e ./Drivers/BSP/Components/STC3115_Driver.o
 .text.STC3115_GetSOC
                0x0000000008010bec       0x38 ./Drivers/BSP/Components/STC3115_Driver.o
 .text.STC3115_GetOCV
                0x0000000008010c24       0x26 ./Drivers/BSP/Components/STC3115_Driver.o
 .text.STC3115_GetCurrent
                0x0000000008010c4a       0x24 ./Drivers/BSP/Components/STC3115_Driver.o
 .text.STC3115_GetTemperature
                0x0000000008010c6e       0x24 ./Drivers/BSP/Components/STC3115_Driver.o
 .text.STC3115_GetVoltage
                0x0000000008010c92       0x26 ./Drivers/BSP/Components/STC3115_Driver.o
 .text.STC3115_GetChargeValue
                0x0000000008010cb8       0x26 ./Drivers/BSP/Components/STC3115_Driver.o
 .text.STC3115_GetPresence
                0x0000000008010cde       0x26 ./Drivers/BSP/Components/STC3115_Driver.o
 .text.STC3115_GetAlarmStatus
                0x0000000008010d04       0x2a ./Drivers/BSP/Components/STC3115_Driver.o
 .text.STC3115_Status
                0x0000000008010d2e       0x52 ./Drivers/BSP/Components/STC3115_Driver.o
 .text.STC3115_CalcRamCRC8
                0x0000000008010d80       0x6c ./Drivers/BSP/Components/STC3115_Driver.o
 .text.STC3115_UpdateRamCRC
                0x0000000008010dec       0x30 ./Drivers/BSP/Components/STC3115_Driver.o
 .text.STC3115_InitRamData
                0x0000000008010e1c       0x5a ./Drivers/BSP/Components/STC3115_Driver.o
 .text.STC3115_WriteRamData
                0x0000000008010e76       0x2c ./Drivers/BSP/Components/STC3115_Driver.o
 .text.STC3115_ReadRamData
                0x0000000008010ea2       0x2c ./Drivers/BSP/Components/STC3115_Driver.o
 .text.STC3115_ReadBatteryData
                0x0000000008010ece      0x156 ./Drivers/BSP/Components/STC3115_Driver.o
 .text.STC3115_Restore
                0x0000000008011024       0x60 ./Drivers/BSP/Components/STC3115_Driver.o
 .text.STC3115_Powerdown
                0x0000000008011084       0x42 ./Drivers/BSP/Components/STC3115_Driver.o
 .text.STC3115_conv
                0x00000000080110c6       0x38 ./Drivers/BSP/Components/STC3115_Driver.o
 .text.STC3115_Startup
                0x00000000080110fe       0x48 ./Drivers/BSP/Components/STC3115_Driver.o
 .text.STC3115_Read
                0x0000000008011146       0x36 ./Drivers/BSP/Components/STC3115_Driver.o
 .text.STC3115_Write
                0x000000000801117c       0x36 ./Drivers/BSP/Components/STC3115_Driver.o
 .text.STC3115_ReadWord
                0x00000000080111b2       0x3a ./Drivers/BSP/Components/STC3115_Driver.o
 .text.STC3115_WriteWord
                0x00000000080111ec       0x38 ./Drivers/BSP/Components/STC3115_Driver.o
 .text.STC3115_SetParam
                0x0000000008011224      0x128 ./Drivers/BSP/Components/STC3115_Driver.o
 .text.BSP_LED_Init
                0x000000000801134c       0xa0 ./Drivers/BSP/SensorTile/SensorTile.o
                0x000000000801134c                BSP_LED_Init
 .text.BSP_LED_On
                0x00000000080113ec       0x5c ./Drivers/BSP/SensorTile/SensorTile.o
                0x00000000080113ec                BSP_LED_On
 .text.BSP_LED_Off
                0x0000000008011448       0x5c ./Drivers/BSP/SensorTile/SensorTile.o
                0x0000000008011448                BSP_LED_Off
 .text.Sensor_IO_I2C_Init
                0x00000000080114a4       0x18 ./Drivers/BSP/SensorTile/SensorTile.o
                0x00000000080114a4                Sensor_IO_I2C_Init
 .text.Sensor_IO_SPI_Init
                0x00000000080114bc      0x118 ./Drivers/BSP/SensorTile/SensorTile.o
                0x00000000080114bc                Sensor_IO_SPI_Init
 .text.Sensor_IO_SPI_CS_Init_All
                0x00000000080115d4      0x124 ./Drivers/BSP/SensorTile/SensorTile.o
                0x00000000080115d4                Sensor_IO_SPI_CS_Init_All
 .text.Sensor_IO_SPI_CS_Init
                0x00000000080116f8      0x12c ./Drivers/BSP/SensorTile/SensorTile.o
                0x00000000080116f8                Sensor_IO_SPI_CS_Init
 .text.Sensor_IO_Write
                0x0000000008011824       0x86 ./Drivers/BSP/SensorTile/SensorTile.o
                0x0000000008011824                Sensor_IO_Write