stm32l4xx_hal_pcd.c:254:13:HAL_PCD_MspInit	0	static
stm32l4xx_hal_pcd.c:143:19:HAL_PCD_Init	64	static
stm32l4xx_hal_pcd.c:269:13:HAL_PCD_MspDeInit	0	static
stm32l4xx_hal_pcd.c:303:19:HAL_PCD_Start	8	static
stm32l4xx_hal_pcd.c:317:19:HAL_PCD_Stop	8	static
stm32l4xx_hal_pcd.c:228:19:HAL_PCD_DeInit	8	static
stm32l4xx_hal_pcd.c:834:13:HAL_PCD_DataOutStageCallback	0	static
stm32l4xx_hal_pcd.c:851:13:HAL_PCD_DataInStageCallback	0	static
stm32l4xx_hal_pcd.c:866:13:HAL_PCD_SetupStageCallback	0	static
stm32l4xx_hal_pcd.c:881:13:HAL_PCD_SOFCallback	0	static
stm32l4xx_hal_pcd.c:896:13:HAL_PCD_ResetCallback	0	static
stm32l4xx_hal_pcd.c:911:13:HAL_PCD_SuspendCallback	0	static
stm32l4xx_hal_pcd.c:926:13:HAL_PCD_ResumeCallback	0	static
stm32l4xx_hal_pcd.c:942:13:HAL_PCD_ISOOUTIncompleteCallback	0	static
stm32l4xx_hal_pcd.c:959:13:HAL_PCD_ISOINIncompleteCallback	0	static
stm32l4xx_hal_pcd.c:975:13:HAL_PCD_ConnectCallback	0	static
stm32l4xx_hal_pcd.c:990:13:HAL_PCD_DisconnectCallback	0	static
stm32l4xx_hal_pcd.c:332:6:HAL_PCD_IRQHandler	72	static
stm32l4xx_hal_pcd.c:1024:19:HAL_PCD_DevConnect	8	static
stm32l4xx_hal_pcd.c:1037:19:HAL_PCD_DevDisconnect	8	static
stm32l4xx_hal_pcd.c:1051:19:HAL_PCD_SetAddress	8	static
stm32l4xx_hal_pcd.c:1067:19:HAL_PCD_EP_Open	16	static
stm32l4xx_hal_pcd.c:1100:19:HAL_PCD_EP_Close	8	static
stm32l4xx_hal_pcd.c:1131:19:HAL_PCD_EP_Receive	16	static
stm32l4xx_hal_pcd.c:1165:10:HAL_PCD_EP_GetRxCount	0	static
stm32l4xx_hal_pcd.c:1177:19:HAL_PCD_EP_Transmit	16	static
stm32l4xx_hal_pcd.c:1212:19:HAL_PCD_EP_SetStall	16	static
stm32l4xx_hal_pcd.c:1246:19:HAL_PCD_EP_ClrStall	16	static
stm32l4xx_hal_pcd.c:1276:19:HAL_PCD_EP_Flush	8	static
stm32l4xx_hal_pcd.c:1299:19:HAL_PCD_ActivateRemoteWakeup	0	static
stm32l4xx_hal_pcd.c:1309:19:HAL_PCD_DeActivateRemoteWakeup	0	static
stm32l4xx_hal_pcd.c:1337:18:HAL_PCD_GetState	0	static
