stm32l4xx_hal_spi.c:2529:26:SPI_WaitFifoStateUntilTimeout.part.0	0	static
stm32l4xx_hal_spi.c:2529:26:SPI_WaitFifoStateUntilTimeout	32	static
stm32l4xx_hal_spi.c:2478:26:SPI_WaitFlagStateUntilTimeout	24	static
stm32l4xx_hal_spi.c:2617:26:SPI_EndRxTxTransaction	16	static
stm32l4xx_hal_spi.c:2585:26:SPI_EndRxTransaction	24	static
stm32l4xx_hal_spi.c:330:13:HAL_SPI_MspInit	0	static
stm32l4xx_hal_spi.c:194:19:HAL_SPI_Init	16	static
stm32l4xx_hal_spi.c:346:13:HAL_SPI_MspDeInit	0	static
stm32l4xx_hal_spi.c:298:19:HAL_SPI_DeInit	8	static
stm32l4xx_hal_spi.c:402:19:HAL_SPI_Transmit	32	static
stm32l4xx_hal_spi.c:760:19:HAL_SPI_TransmitReceive	40	static
stm32l4xx_hal_spi.c:549:19:HAL_SPI_Receive	40	static
stm32l4xx_hal_spi.c:977:19:HAL_SPI_Transmit_IT	0	static
stm32l4xx_hal_spi.c:1156:19:HAL_SPI_TransmitReceive_IT	16	static
stm32l4xx_hal_spi.c:1054:19:HAL_SPI_Receive_IT	12	static
stm32l4xx_hal_spi.c:1254:19:HAL_SPI_Transmit_DMA	16	static
stm32l4xx_hal_spi.c:1456:19:HAL_SPI_TransmitReceive_DMA	16	static
stm32l4xx_hal_spi.c:1349:19:HAL_SPI_Receive_DMA	24	static
stm32l4xx_hal_spi.c:1599:19:HAL_SPI_DMAPause	0	static
stm32l4xx_hal_spi.c:1619:19:HAL_SPI_DMAResume	0	static
stm32l4xx_hal_spi.c:1639:19:HAL_SPI_DMAStop	8	static
stm32l4xx_hal_spi.c:1734:13:HAL_SPI_TxCpltCallback	0	static
stm32l4xx_hal_spi.c:1750:13:HAL_SPI_RxCpltCallback	0	static
stm32l4xx_hal_spi.c:1766:13:HAL_SPI_TxRxCpltCallback	0	static
stm32l4xx_hal_spi.c:1782:13:HAL_SPI_TxHalfCpltCallback	0	static
stm32l4xx_hal_spi.c:2085:13:SPI_DMAHalfTransmitCplt	8	static
stm32l4xx_hal_spi.c:1798:13:HAL_SPI_RxHalfCpltCallback	0	static
stm32l4xx_hal_spi.c:2098:13:SPI_DMAHalfReceiveCplt	8	static
stm32l4xx_hal_spi.c:1814:13:HAL_SPI_TxRxHalfCpltCallback	0	static
stm32l4xx_hal_spi.c:2111:13:SPI_DMAHalfTransmitReceiveCplt	8	static
stm32l4xx_hal_spi.c:1830:13:HAL_SPI_ErrorCallback	0	static
stm32l4xx_hal_spi.c:2726:13:SPI_CloseTx_ISR	16	static
stm32l4xx_hal_spi.c:2428:13:SPI_TxISR_8BIT	0	static
stm32l4xx_hal_spi.c:2451:13:SPI_TxISR_16BIT	0	static
stm32l4xx_hal_spi.c:2688:13:SPI_CloseRx_ISR	8	static
stm32l4xx_hal_spi.c:2352:13:SPI_RxISR_8BIT	4	static
stm32l4xx_hal_spi.c:2333:13:SPI_RxISR_8BITCRC	8	static
stm32l4xx_hal_spi.c:2399:13:SPI_RxISR_16BIT	4	static
stm32l4xx_hal_spi.c:2380:13:SPI_RxISR_16BITCRC	8	static
stm32l4xx_hal_spi.c:2640:13:SPI_CloseRxTx_ISR	8	static
stm32l4xx_hal_spi.c:2215:13:SPI_2linesTxISR_8BIT	4	static
stm32l4xx_hal_spi.c:2142:13:SPI_2linesRxISR_8BIT	0	static
stm32l4xx_hal_spi.c:2189:13:SPI_2linesRxISR_8BITCRC	8	static
stm32l4xx_hal_spi.c:2303:13:SPI_2linesTxISR_16BIT	0	static
stm32l4xx_hal_spi.c:2254:13:SPI_2linesRxISR_16BIT	4	static
stm32l4xx_hal_spi.c:2285:13:SPI_2linesRxISR_16BITCRC	8	static
stm32l4xx_hal_spi.c:2124:13:SPI_DMAError	8	static
stm32l4xx_hal_spi.c:1905:13:SPI_DMATransmitCplt	16	static
stm32l4xx_hal_spi.c:1944:13:SPI_DMAReceiveCplt	16	static
stm32l4xx_hal_spi.c:2018:13:SPI_DMATransmitReceiveCplt	16	static
stm32l4xx_hal_spi.c:1670:6:HAL_SPI_IRQHandler	32	static
stm32l4xx_hal_spi.c:1868:22:HAL_SPI_GetState	0	static
stm32l4xx_hal_spi.c:1880:10:HAL_SPI_GetError	0	static
