stm32l4xx_hal_rcc_ex.c:2383:26:RCCEx_PLLSAI1_Config	24	static,ignoring_inline_asm
stm32l4xx_hal_rcc_ex.c:2538:26:RCCEx_PLLSAI2_Config	24	static,ignoring_inline_asm
stm32l4xx_hal_rcc_ex.c:163:19:HAL_RCCEx_PeriphCLKConfig	40	static
stm32l4xx_hal_rcc_ex.c:643:6:HAL_RCCEx_GetPeriphCLKConfig	20	static,ignoring_inline_asm
stm32l4xx_hal_rcc_ex.c:820:10:HAL_RCCEx_GetPeriphCLKFreq	8	static,ignoring_inline_asm
stm32l4xx_hal_rcc_ex.c:1582:19:HAL_RCCEx_EnablePLLSAI1	24	static,ignoring_inline_asm
stm32l4xx_hal_rcc_ex.c:1644:19:HAL_RCCEx_DisablePLLSAI1	16	static
stm32l4xx_hal_rcc_ex.c:1690:19:HAL_RCCEx_EnablePLLSAI2	16	static,ignoring_inline_asm
stm32l4xx_hal_rcc_ex.c:1751:19:HAL_RCCEx_DisablePLLSAI2	16	static
stm32l4xx_hal_rcc_ex.c:1799:6:HAL_RCCEx_WakeUpStopCLKConfig	0	static
stm32l4xx_hal_rcc_ex.c:1817:6:HAL_RCCEx_StandbyMSIRangeConfig	0	static
stm32l4xx_hal_rcc_ex.c:1831:6:HAL_RCCEx_EnableLSECSS	0	static
stm32l4xx_hal_rcc_ex.c:1841:6:HAL_RCCEx_DisableLSECSS	0	static
stm32l4xx_hal_rcc_ex.c:1854:6:HAL_RCCEx_EnableLSECSS_IT	0	static
stm32l4xx_hal_rcc_ex.c:1888:13:HAL_RCCEx_LSECSS_Callback	0	static
stm32l4xx_hal_rcc_ex.c:1871:6:HAL_RCCEx_LSECSS_IRQHandler	8	static
stm32l4xx_hal_rcc_ex.c:1903:6:HAL_RCCEx_EnableLSCO	48	static
stm32l4xx_hal_rcc_ex.c:1950:6:HAL_RCCEx_DisableLSCO	24	static
stm32l4xx_hal_rcc_ex.c:1988:6:HAL_RCCEx_EnableMSIPLLMode	0	static
stm32l4xx_hal_rcc_ex.c:1998:6:HAL_RCCEx_DisableMSIPLLMode	0	static
