stm32l4xx_ll_usb.c:1316:19:USB_HC_StartXfer	48	static
stm32l4xx_ll_usb.c:1413:10:USB_HC_ReadInterrupt	16	static
stm32l4xx_ll_usb.c:1425:19:USB_HC_Halt	24	static
stm32l4xx_ll_usb.c:1487:19:USB_DoPing	24	static
stm32l4xx_ll_usb.c:1509:19:USB_StopHost	32	static
stm32l4xx_ll_usb.c:1563:19:USB_ActivateRemoteWakeup	16	static
stm32l4xx_ll_usb.c:1578:19:USB_DeActivateRemoteWakeup	16	static
stm32l4xx_ll_usb.c:2341:26:USB_CoreReset	24	static
stm32l4xx_ll_usb.c:146:19:USB_EnableGlobalInt	0	static
stm32l4xx_ll_usb.c:159:19:USB_DisableGlobalInt	0	static
stm32l4xx_ll_usb.c:175:19:USB_SetCurrentMode	8	static
stm32l4xx_ll_usb.c:317:19:USB_FlushTxFifo	0	static
stm32l4xx_ll_usb.c:341:19:USB_FlushRxFifo	0	static
stm32l4xx_ll_usb.c:371:19:USB_SetDevSpeed	0	static
stm32l4xx_ll_usb.c:200:19:USB_DevInit	32	static
stm32l4xx_ll_usb.c:386:9:USB_GetDevSpeed	0	static
stm32l4xx_ll_usb.c:413:19:USB_ActivateEndpoint	16	static
stm32l4xx_ll_usb.c:444:19:USB_ActivateDedicatedEndpoint	16	static
stm32l4xx_ll_usb.c:487:19:USB_DeactivateEndpoint	8	static
stm32l4xx_ll_usb.c:511:19:USB_DeactivateDedicatedEndpoint	12	static
stm32l4xx_ll_usb.c:646:19:USB_EP0StartXfer	20	static
stm32l4xx_ll_usb.c:722:19:USB_WritePacket	8	static
stm32l4xx_ll_usb.c:537:19:USB_EPStartXfer	40	static
stm32l4xx_ll_usb.c:746:7:USB_ReadPacket	8	static
stm32l4xx_ll_usb.c:765:19:USB_EPSetStall	0	static
stm32l4xx_ll_usb.c:793:19:USB_EPClearStall	0	static
stm32l4xx_ll_usb.c:819:19:USB_StopDevice	16	static
stm32l4xx_ll_usb.c:850:20:USB_SetDevAddress	0	static
stm32l4xx_ll_usb.c:863:20:USB_DevConnect	8	static
stm32l4xx_ll_usb.c:876:20:USB_DevDisconnect	8	static
stm32l4xx_ll_usb.c:889:11:USB_ReadInterrupts	0	static
stm32l4xx_ll_usb.c:903:10:USB_ReadDevAllOutEpInterrupt	0	static
stm32l4xx_ll_usb.c:916:10:USB_ReadDevAllInEpInterrupt	0	static
stm32l4xx_ll_usb.c:931:10:USB_ReadDevOutEPInterrupt	0	static
stm32l4xx_ll_usb.c:946:10:USB_ReadDevInEPInterrupt	8	static
stm32l4xx_ll_usb.c:963:7:USB_ClearInterrupts	0	static
stm32l4xx_ll_usb.c:976:10:USB_GetMode	0	static
stm32l4xx_ll_usb.c:987:20:USB_ActivateSetup	0	static
stm32l4xx_ll_usb.c:1012:19:USB_EP0_OutStart	0	static
stm32l4xx_ll_usb.c:1102:19:USB_InitFSLSPClkSel	8	static
stm32l4xx_ll_usb.c:1125:19:USB_ResetPort	24	static
stm32l4xx_ll_usb.c:1148:19:USB_DriveVbus	8	static
stm32l4xx_ll_usb.c:1033:19:USB_HostInit	16	static
stm32l4xx_ll_usb.c:1176:10:USB_GetHostSpeed	8	static
stm32l4xx_ll_usb.c:1189:10:USB_GetCurrentFrame	0	static
stm32l4xx_ll_usb.c:1218:19:USB_HC_Init	24	static
stm32l4xx_ll_usb.c:123:19:USB_CoreInit	16	static
