stm32l4xx_hal_i2c.c:4243:13:I2C_Flush_TXDR	0	static
stm32l4xx_hal_i2c.c:4306:13:I2C_DMASlaveTransmitCplt	0	static
stm32l4xx_hal_i2c.c:4643:13:I2C_TransferConfig	12	static
stm32l4xx_hal_i2c.c:4673:26:I2C_Enable_IRQ	12	static
stm32l4xx_hal_i2c.c:4746:26:I2C_Disable_IRQ	0	static
stm32l4xx_hal_i2c.c:4425:26:I2C_WaitOnFlagUntilTimeout	24	static
stm32l4xx_hal_i2c.c:4264:13:I2C_DMAMasterTransmitCplt	8	static
stm32l4xx_hal_i2c.c:4318:13:I2C_DMAMasterReceiveCplt	8	static
stm32l4xx_hal_i2c.c:4577:26:I2C_IsAcknowledgeFailed	16	static
stm32l4xx_hal_i2c.c:4454:26:I2C_WaitOnTXISFlagUntilTimeout	16	static
stm32l4xx_hal_i2c.c:3603:26:I2C_RequestMemoryWrite	32	static
stm32l4xx_hal_i2c.c:3669:26:I2C_RequestMemoryRead	32	static
stm32l4xx_hal_i2c.c:4525:26:I2C_WaitOnRXNEFlagUntilTimeout	16	static
stm32l4xx_hal_i2c.c:4360:13:I2C_DMASlaveReceiveCplt	0	static
stm32l4xx_hal_i2c.c:4491:26:I2C_WaitOnSTOPFlagUntilTimeout	16	static
stm32l4xx_hal_i2c.c:523:13:HAL_I2C_MspInit	0	static
stm32l4xx_hal_i2c.c:402:19:HAL_I2C_Init	8	static
stm32l4xx_hal_i2c.c:539:13:HAL_I2C_MspDeInit	0	static
stm32l4xx_hal_i2c.c:487:19:HAL_I2C_DeInit	8	static
stm32l4xx_hal_i2c.c:622:19:HAL_I2C_Master_Transmit	40	static
stm32l4xx_hal_i2c.c:745:19:HAL_I2C_Master_Receive	40	static
stm32l4xx_hal_i2c.c:868:19:HAL_I2C_Slave_Transmit	40	static
stm32l4xx_hal_i2c.c:1008:19:HAL_I2C_Slave_Receive	40	static
stm32l4xx_hal_i2c.c:1139:19:HAL_I2C_Master_Transmit_IT	24	static
stm32l4xx_hal_i2c.c:1207:19:HAL_I2C_Master_Receive_IT	24	static
stm32l4xx_hal_i2c.c:1274:19:HAL_I2C_Slave_Transmit_IT	16	static
stm32l4xx_hal_i2c.c:1323:19:HAL_I2C_Slave_Receive_IT	16	static
stm32l4xx_hal_i2c.c:1373:19:HAL_I2C_Master_Transmit_DMA	32	static
stm32l4xx_hal_i2c.c:1480:19:HAL_I2C_Master_Receive_DMA	32	static
stm32l4xx_hal_i2c.c:1585:19:HAL_I2C_Slave_Transmit_DMA	16	static
stm32l4xx_hal_i2c.c:1651:19:HAL_I2C_Slave_Receive_DMA	16	static
stm32l4xx_hal_i2c.c:1720:19:HAL_I2C_Mem_Write	56	static
stm32l4xx_hal_i2c.c:1871:19:HAL_I2C_Mem_Read	56	static
stm32l4xx_hal_i2c.c:2013:19:HAL_I2C_Mem_Write_IT	48	static
stm32l4xx_hal_i2c.c:2111:19:HAL_I2C_Mem_Read_IT	48	static
stm32l4xx_hal_i2c.c:2208:19:HAL_I2C_Mem_Write_DMA	40	static
stm32l4xx_hal_i2c.c:2323:19:HAL_I2C_Mem_Read_DMA	40	static
stm32l4xx_hal_i2c.c:2436:19:HAL_I2C_IsDeviceReady	48	static
stm32l4xx_hal_i2c.c:2554:19:HAL_I2C_Master_Sequential_Transmit_IT	24	static
stm32l4xx_hal_i2c.c:2627:19:HAL_I2C_Master_Sequential_Receive_IT	24	static
stm32l4xx_hal_i2c.c:2698:19:HAL_I2C_Slave_Sequential_Transmit_IT	24	static
stm32l4xx_hal_i2c.c:2764:19:HAL_I2C_Slave_Sequential_Receive_IT	24	static
stm32l4xx_hal_i2c.c:2826:19:HAL_I2C_EnableListen_IT	8	static
stm32l4xx_hal_i2c.c:2850:19:HAL_I2C_DisableListen_IT	8	static
stm32l4xx_hal_i2c.c:2882:19:HAL_I2C_Master_Abort_IT	24	static
stm32l4xx_hal_i2c.c:2932:6:HAL_I2C_EV_IRQHandler	0	static
stm32l4xx_hal_i2c.c:2996:13:HAL_I2C_MasterTxCpltCallback	0	static
stm32l4xx_hal_i2c.c:3012:13:HAL_I2C_MasterRxCpltCallback	0	static
stm32l4xx_hal_i2c.c:3810:13:I2C_ITMasterSequentialCplt	16	static
stm32l4xx_hal_i2c.c:3027:13:HAL_I2C_SlaveTxCpltCallback	0	static
stm32l4xx_hal_i2c.c:3043:13:HAL_I2C_SlaveRxCpltCallback	0	static
stm32l4xx_hal_i2c.c:3855:13:I2C_ITSlaveSequentialCplt	16	static
stm32l4xx_hal_i2c.c:3061:13:HAL_I2C_AddrCallback	0	static
stm32l4xx_hal_i2c.c:3079:13:HAL_I2C_ListenCpltCallback	0	static
stm32l4xx_hal_i2c.c:4097:13:I2C_ITListenCplt	8	static
stm32l4xx_hal_i2c.c:3095:13:HAL_I2C_MemTxCpltCallback	0	static
stm32l4xx_hal_i2c.c:3111:13:HAL_I2C_MemRxCpltCallback	0	static
stm32l4xx_hal_i2c.c:3127:13:HAL_I2C_ErrorCallback	0	static
stm32l4xx_hal_i2c.c:3143:13:HAL_I2C_AbortCpltCallback	0	static
stm32l4xx_hal_i2c.c:4141:13:I2C_ITError	8	static
stm32l4xx_hal_i2c.c:3991:13:I2C_ITSlaveCplt	16	static
stm32l4xx_hal_i2c.c:3347:26:I2C_Slave_ISR_IT	32	static
stm32l4xx_hal_i2c.c:3549:26:I2C_Slave_ISR_DMA	8	static
stm32l4xx_hal_i2c.c:3899:13:I2C_ITMasterCplt	8	static
stm32l4xx_hal_i2c.c:3226:26:I2C_Master_ISR_IT	24	static
stm32l4xx_hal_i2c.c:3460:26:I2C_Master_ISR_DMA	16	static
stm32l4xx_hal_i2c.c:4372:13:I2C_DMAError	0	static
stm32l4xx_hal_i2c.c:2951:6:HAL_I2C_ER_IRQHandler	4	static
stm32l4xx_hal_i2c.c:4389:13:I2C_DMAAbort	8	static
stm32l4xx_hal_i2c.c:3178:22:HAL_I2C_GetState	0	static
stm32l4xx_hal_i2c.c:3190:21:HAL_I2C_GetMode	0	static
stm32l4xx_hal_i2c.c:3201:10:HAL_I2C_GetError	0	static
