LPS22HB_Driver.c:92:18:LPS22HB_ReadReg	8	static
LPS22HB_Driver.c:108:18:LPS22HB_WriteReg	8	static
LPS22HB_Driver.c:122:18:LPS22HB_Get_DeviceID	8	static
LPS22HB_Driver.c:136:18:LPS22HB_Get_DriverVersion	0	static
LPS22HB_Driver.c:152:18:LPS22HB_Set_PowerMode	24	static
LPS22HB_Driver.c:176:18:LPS22HB_Get_PowerMode	16	static
LPS22HB_Driver.c:195:18:LPS22HB_Set_Odr	24	static
LPS22HB_Driver.c:220:18:LPS22HB_Get_Odr	16	static
LPS22HB_Driver.c:238:18:LPS22HB_Set_LowPassFilter	24	static
LPS22HB_Driver.c:265:18:LPS22HB_Set_LowPassFilterCutoff	24	static
LPS22HB_Driver.c:297:18:LPS22HB_Set_Bdu	24	static
LPS22HB_Driver.c:323:18:LPS22HB_Get_Bdu	16	static
LPS22HB_Driver.c:341:18:LPS22HB_Set_SpiInterface	24	static
LPS22HB_Driver.c:366:18:LPS22HB_Set_ClockTreeConfifuration	24	static
LPS22HB_Driver.c:393:18:LPS22HB_Get_SpiInterface	16	static
LPS22HB_Driver.c:410:18:LPS22HB_SwReset	16	static
LPS22HB_Driver.c:431:18:LPS22HB_MemoryBoot	16	static
LPS22HB_Driver.c:453:18:LPS22HB_SwResetAndMemoryBoot	16	static
LPS22HB_Driver.c:475:18:LPS22HB_Set_FifoModeUse	24	static
LPS22HB_Driver.c:498:18:LPS22HB_Set_FifoWatermarkLevelUse	24	static
LPS22HB_Driver.c:522:18:LPS22HB_Set_AutomaticIncrementRegAddress	24	static
LPS22HB_Driver.c:548:18:LPS22HB_Set_I2C	24	static
LPS22HB_Driver.c:575:18:LPS22HB_StartOneShotMeasurement	16	static
LPS22HB_Driver.c:599:18:LPS22HB_Set_InterruptActiveLevel	24	static
LPS22HB_Driver.c:624:18:LPS22HB_Set_InterruptOutputType	24	static
LPS22HB_Driver.c:648:18:LPS22HB_Set_InterruptControlConfig	24	static
LPS22HB_Driver.c:673:18:LPS22HB_Set_DRDYInterrupt	24	static
LPS22HB_Driver.c:698:18:LPS22HB_Set_FIFO_OVR_Interrupt	24	static
LPS22HB_Driver.c:723:18:LPS22HB_Set_FIFO_FTH_Interrupt	24	static
LPS22HB_Driver.c:747:18:LPS22HB_Set_FIFO_FULL_Interrupt	24	static
LPS22HB_Driver.c:775:18:LPS22HB_Set_AutoRifP	16	static
LPS22HB_Driver.c:796:18:LPS22HB_ResetAutoRifP	16	static
LPS22HB_Driver.c:819:18:LPS22HB_Set_AutoZeroFunction	16	static
LPS22HB_Driver.c:841:18:LPS22HB_ResetAutoZeroFunction	16	static
LPS22HB_Driver.c:866:18:LPS22HB_Set_InterruptDifferentialGeneration	24	static
LPS22HB_Driver.c:891:18:LPS22HB_Get_InterruptDifferentialGeneration	16	static
LPS22HB_Driver.c:909:18:LPS22HB_LatchInterruptRequest	24	static
LPS22HB_Driver.c:935:18:LPS22HB_Set_PLE	24	static
LPS22HB_Driver.c:959:18:LPS22HB_Set_PHE	24	static
LPS22HB_Driver.c:984:18:LPS22HB_Get_InterruptDifferentialEventStatus	16	static
LPS22HB_Driver.c:1006:18:LPS22HB_Get_DataStatus	16	static
LPS22HB_Driver.c:1031:18:LPS22HB_Get_RawPressure	16	static
LPS22HB_Driver.c:1061:18:LPS22HB_Get_Pressure	16	static
LPS22HB_Driver.c:1081:18:LPS22HB_Get_RawTemperature	16	static
LPS22HB_Driver.c:1106:18:LPS22HB_Get_Temperature	16	static
LPS22HB_Driver.c:1125:18:LPS22HB_Get_PressureThreshold	16	static
LPS22HB_Driver.c:1144:18:LPS22HB_Set_PressureThreshold	16	static
LPS22HB_Driver.c:1163:18:LPS22HB_Set_FifoMode	24	static
LPS22HB_Driver.c:1187:18:LPS22HB_Get_FifoMode	16	static
LPS22HB_Driver.c:1206:18:LPS22HB_Set_FifoWatermarkLevel	24	static
LPS22HB_Driver.c:1230:18:LPS22HB_Get_FifoWatermarkLevel	8	static
LPS22HB_Driver.c:1246:18:LPS22HB_Get_FifoStatus	16	static
LPS22HB_Driver.c:1277:18:LPS22HB_Get_PressureOffsetValue	16	static
LPS22HB_Driver.c:1300:18:LPS22HB_Get_ReferencePressure	24	static
LPS22HB_Driver.c:1332:18:LPS22HB_IsMeasurementCompleted	16	static
LPS22HB_Driver.c:1354:18:LPS22HB_Get_Measurement	24	static
LPS22HB_Driver.c:1411:18:LPS22HB_DeInit	16	static
LPS22HB_Driver.c:1433:18:LPS22HB_Set_GenericConfig	16	static
LPS22HB_Driver.c:1382:18:LPS22HB_Init	16	static
LPS22HB_Driver.c:1482:18:LPS22HB_Get_GenericConfig	24	static
LPS22HB_Driver.c:1517:18:LPS22HB_Set_InterruptConfig	16	static
LPS22HB_Driver.c:1628:18:LPS22HB_Get_InterruptConfig	24	static
LPS22HB_Driver.c:1666:18:LPS22HB_Set_FifoConfig	16	static
LPS22HB_Driver.c:1714:18:LPS22HB_Get_FifoConfig	24	static
