LSM303AGR_ACC_driver_HL.c:790:25:LSM303AGR_X_Get_DRDY_Status	16	static
LSM303AGR_ACC_driver_HL.c:770:25:LSM303AGR_X_Write_Reg	16	static
LSM303AGR_ACC_driver_HL.c:749:25:LSM303AGR_X_Read_Reg	8	static
LSM303AGR_ACC_driver_HL.c:680:25:LSM303AGR_X_Get_Axes_Status	24	static
LSM303AGR_ACC_driver_HL.c:653:25:LSM303AGR_X_Set_FS_Value	8	static
LSM303AGR_ACC_driver_HL.c:616:25:LSM303AGR_X_Set_FS	8	static
LSM303AGR_ACC_driver_HL.c:575:25:LSM303AGR_X_Get_FS	16	static
LSM303AGR_ACC_driver_HL.c:967:25:LSM303AGR_X_Set_ODR_Value_When_Enabled	8	static
LSM303AGR_ACC_driver_HL.c:250:25:LSM303AGR_X_Sensor_Enable	8	static
LSM303AGR_ACC_driver_HL.c:462:25:LSM303AGR_X_Get_ODR	16	static
LSM303AGR_ACC_driver_HL.c:413:25:LSM303AGR_X_Get_Sensitivity	32	static
LSM303AGR_ACC_driver_HL.c:385:25:LSM303AGR_X_Get_AxesRaw	32	static
LSM303AGR_ACC_driver_HL.c:359:25:LSM303AGR_X_Get_Axes	24	static
LSM303AGR_ACC_driver_HL.c:316:25:LSM303AGR_X_Get_WhoAmI	8	static
LSM303AGR_ACC_driver_HL.c:334:25:LSM303AGR_X_Check_WhoAmI	16	static
LSM303AGR_ACC_driver_HL.c:716:25:LSM303AGR_X_Set_Axes_Status	16	static
LSM303AGR_ACC_driver_HL.c:154:25:LSM303AGR_X_Init	24	static
LSM303AGR_ACC_driver_HL.c:545:25:LSM303AGR_X_Set_ODR_Value	8	static
LSM303AGR_ACC_driver_HL.c:515:25:LSM303AGR_X_Set_ODR	8	static
LSM303AGR_ACC_driver_HL.c:280:25:LSM303AGR_X_Sensor_Disable	8	static
LSM303AGR_ACC_driver_HL.c:214:25:LSM303AGR_X_DeInit	16	static
