STC3115_Driver.c:297:25:STC3115_DeInit	0	static
STC3115_Driver.c:551:25:STC3115_GetSOC	0	static
STC3115_Driver.c:562:25:STC3115_GetOCV	0	static
STC3115_Driver.c:573:25:STC3115_GetCurrent	0	static
STC3115_Driver.c:584:25:STC3115_GetTemperature	0	static
STC3115_Driver.c:595:25:STC3115_GetVoltage	0	static
STC3115_Driver.c:606:25:STC3115_GetChargeValue	0	static
STC3115_Driver.c:617:25:STC3115_GetPresence	0	static
STC3115_Driver.c:628:25:STC3115_GetAlarmStatus	0	static
STC3115_Driver.c:663:12:STC3115_CalcRamCRC8	0	static
STC3115_Driver.c:744:12:STC3115_ReadRamData	8	static
STC3115_Driver.c:915:12:STC3115_Read	8	static
STC3115_Driver.c:335:25:STC3115_Get_WhoAmI	8	static
STC3115_Driver.c:951:12:STC3115_ReadWord	16	static
STC3115_Driver.c:639:12:STC3115_Status	16	static
STC3115_Driver.c:726:12:STC3115_WriteRamData	8	static
STC3115_Driver.c:933:12:STC3115_Write	8	static
STC3115_Driver.c:973:12:STC3115_WriteWord	16	static
STC3115_Driver.c:992:25:STC3115_SetParam	32	static
STC3115_Driver.c:822:12:STC3115_Restore	24	static
STC3115_Driver.c:686:12:STC3115_UpdateRamCRC.isra.0	8	static
STC3115_Driver.c:527:25:STC3115_Stop	32	static
STC3115_Driver.c:702:13:STC3115_InitRamData.isra.0	8	static
STC3115_Driver.c:505:25:STC3115_Reset	24	static
STC3115_Driver.c:353:25:STC3115_Task	48	static
STC3115_Driver.c:170:25:STC3115_Init	96	static
