Archive member included to satisfy reference by file (symbol)

c:/st/stm32cubeide_1.7.0/stm32cubeide/plugins/com.st.stm32cube.ide.mcu.externaltools.gnu-tools-for-stm32.9-2020-q2-update.win32_2.0.0.202105311346/tools/bin/../lib/gcc/arm-none-eabi/9.3.1/../../../../arm-none-eabi/lib/thumb/v7e-m+fp/hard\libc_nano.a(lib_a-errno.o)
                              ./MotEnv1_ST/SW4STM32/syscalls.o (__errno)
c:/st/stm32cubeide_1.7.0/stm32cubeide/plugins/com.st.stm32cube.ide.mcu.externaltools.gnu-tools-for-stm32.9-2020-q2-update.win32_2.0.0.202105311346/tools/bin/../lib/gcc/arm-none-eabi/9.3.1/../../../../arm-none-eabi/lib/thumb/v7e-m+fp/hard\libc_nano.a(lib_a-exit.o)
                              c:/st/stm32cubeide_1.7.0/stm32cubeide/plugins/com.st.stm32cube.ide.mcu.externaltools.gnu-tools-for-stm32.9-2020-q2-update.win32_2.0.0.202105311346/tools/bin/../lib/gcc/arm-none-eabi/9.3.1/../../../../arm-none-eabi/lib/thumb/v7e-m+fp/hard/crt0.o (exit)
c:/st/stm32cubeide_1.7.0/stm32cubeide/plugins/com.st.stm32cube.ide.mcu.externaltools.gnu-tools-for-stm32.9-2020-q2-update.win32_2.0.0.202105311346/tools/bin/../lib/gcc/arm-none-eabi/9.3.1/../../../../arm-none-eabi/lib/thumb/v7e-m+fp/hard\libc_nano.a(lib_a-impure.o)
                              c:/st/stm32cubeide_1.7.0/stm32cubeide/plugins/com.st.stm32cube.ide.mcu.externaltools.gnu-tools-for-stm32.9-2020-q2-update.win32_2.0.0.202105311346/tools/bin/../lib/gcc/arm-none-eabi/9.3.1/../../../../arm-none-eabi/lib/thumb/v7e-m+fp/hard\libc_nano.a(lib_a-exit.o) (_global_impure_ptr)
c:/st/stm32cubeide_1.7.0/stm32cubeide/plugins/com.st.stm32cube.ide.mcu.externaltools.gnu-tools-for-stm32.9-2020-q2-update.win32_2.0.0.202105311346/tools/bin/../lib/gcc/arm-none-eabi/9.3.1/../../../../arm-none-eabi/lib/thumb/v7e-m+fp/hard\libc_nano.a(lib_a-init.o)
                              c:/st/stm32cubeide_1.7.0/stm32cubeide/plugins/com.st.stm32cube.ide.mcu.externaltools.gnu-tools-for-stm32.9-2020-q2-update.win32_2.0.0.202105311346/tools/bin/../lib/gcc/arm-none-eabi/9.3.1/../../../../arm-none-eabi/lib/thumb/v7e-m+fp/hard/crt0.o (__libc_init_array)
c:/st/stm32cubeide_1.7.0/stm32cubeide/plugins/com.st.stm32cube.ide.mcu.externaltools.gnu-tools-for-stm32.9-2020-q2-update.win32_2.0.0.202105311346/tools/bin/../lib/gcc/arm-none-eabi/9.3.1/../../../../arm-none-eabi/lib/thumb/v7e-m+fp/hard\libc_nano.a(lib_a-malloc.o)
                              ./Middlewares/STM32_USBD_Library/Class/CDC/usbd_cdc.o (malloc)
c:/st/stm32cubeide_1.7.0/stm32cubeide/plugins/com.st.stm32cube.ide.mcu.externaltools.gnu-tools-for-stm32.9-2020-q2-update.win32_2.0.0.202105311346/tools/bin/../lib/gcc/arm-none-eabi/9.3.1/../../../../arm-none-eabi/lib/thumb/v7e-m+fp/hard\libc_nano.a(lib_a-memcmp.o)
                              ./Middlewares/STM32_BlueNRG/HCI/Controller/bluenrg_utils.o (memcmp)
c:/st/stm32cubeide_1.7.0/stm32cubeide/plugins/com.st.stm32cube.ide.mcu.externaltools.gnu-tools-for-stm32.9-2020-q2-update.win32_2.0.0.202105311346/tools/bin/../lib/gcc/arm-none-eabi/9.3.1/../../../../arm-none-eabi/lib/thumb/v7e-m+fp/hard\libc_nano.a(lib_a-memcpy-stub.o)
                              ./Middlewares/STM32_BlueNRG/Utils/osal.o (memcpy)
c:/st/stm32cubeide_1.7.0/stm32cubeide/plugins/com.st.stm32cube.ide.mcu.externaltools.gnu-tools-for-stm32.9-2020-q2-update.win32_2.0.0.202105311346/tools/bin/../lib/gcc/arm-none-eabi/9.3.1/../../../../arm-none-eabi/lib/thumb/v7e-m+fp/hard\libc_nano.a(lib_a-memset.o)
                              c:/st/stm32cubeide_1.7.0/stm32cubeide/plugins/com.st.stm32cube.ide.mcu.externaltools.gnu-tools-for-stm32.9-2020-q2-update.win32_2.0.0.202105311346/tools/bin/../lib/gcc/arm-none-eabi/9.3.1/../../../../arm-none-eabi/lib/thumb/v7e-m+fp/hard/crt0.o (memset)
c:/st/stm32cubeide_1.7.0/stm32cubeide/plugins/com.st.stm32cube.ide.mcu.externaltools.gnu-tools-for-stm32.9-2020-q2-update.win32_2.0.0.202105311346/tools/bin/../lib/gcc/arm-none-eabi/9.3.1/../../../../arm-none-eabi/lib/thumb/v7e-m+fp/hard\libc_nano.a(lib_a-nano-freer.o)
                              c:/st/stm32cubeide_1.7.0/stm32cubeide/plugins/com.st.stm32cube.ide.mcu.externaltools.gnu-tools-for-stm32.9-2020-q2-update.win32_2.0.0.202105311346/tools/bin/../lib/gcc/arm-none-eabi/9.3.1/../../../../arm-none-eabi/lib/thumb/v7e-m+fp/hard\libc_nano.a(lib_a-malloc.o) (_free_r)
c:/st/stm32cubeide_1.7.0/stm32cubeide/plugins/com.st.stm32cube.ide.mcu.externaltools.gnu-tools-for-stm32.9-2020-q2-update.win32_2.0.0.202105311346/tools/bin/../lib/gcc/arm-none-eabi/9.3.1/../../../../arm-none-eabi/lib/thumb/v7e-m+fp/hard\libc_nano.a(lib_a-nano-mallocr.o)
                              c:/st/stm32cubeide_1.7.0/stm32cubeide/plugins/com.st.stm32cube.ide.mcu.externaltools.gnu-tools-for-stm32.9-2020-q2-update.win32_2.0.0.202105311346/tools/bin/../lib/gcc/arm-none-eabi/9.3.1/../../../../arm-none-eabi/lib/thumb/v7e-m+fp/hard\libc_nano.a(lib_a-malloc.o) (_malloc_r)
[...]
Memory Configuration

Name             Origin             Length             Attributes
FLASH            0x0000000008004000 0x0000000000040000 xr
RAM              0x0000000020000000 0x0000000000018000 xrw
SRAM2            0x0000000010000000 0x0000000000008000 xrw
*default*        0x0000000000000000 0xffffffffffffffff

Linker script and memory map

LOAD c:/st/stm32cubeide_1.7.0/stm32cubeide/plugins/com.st.stm32cube.ide.mcu.externaltools.gnu-tools-for-stm32.9-2020-q2-update.win32_2.0.0.202105311346/tools/bin/../lib/gcc/arm-none-eabi/9.3.1/thumb/v7e-m+fp/hard/crti.o
LOAD c:/st/stm32cubeide_1.7.0/stm32cubeide/plugins/com.st.stm32cube.ide.mcu.externaltools.gnu-tools-for-stm32.9-2020-q2-update.win32_2.0.0.202105311346/tools/bin/../lib/gcc/arm-none-eabi/9.3.1/thumb/v7e-m+fp/hard/crtbegin.o
LOAD c:/st/stm32cubeide_1.7.0/stm32cubeide/plugins/com.st.stm32cube.ide.mcu.externaltools.gnu-tools-for-stm32.9-2020-q2-update.win32_2.0.0.202105311346/tools/bin/../lib/gcc/arm-none-eabi/9.3.1/../../../../arm-none-eabi/lib/thumb/v7e-m+fp/hard/crt0.o
LOAD ./Drivers/BSP/Components/HTS221_Driver.o
LOAD ./Drivers/BSP/Components/HTS221_Driver_HL.o
LOAD ./Drivers/BSP/Components/LPS22HB_Driver.o
LOAD ./Drivers/BSP/Components/LPS22HB_Driver_HL.o
LOAD ./Drivers/BSP/Components/LSM303AGR_ACC_driver.o
LOAD ./Drivers/BSP/Components/LSM303AGR_ACC_driver_HL.o
LOAD ./Drivers/BSP/Components/LSM303AGR_MAG_driver.o
LOAD ./Drivers/BSP/Components/LSM303AGR_MAG_driver_HL.o
LOAD ./Drivers/BSP/Components/LSM6DSM_ACC_GYRO_driver.o
LOAD ./Drivers/BSP/Components/LSM6DSM_ACC_GYRO_driver_HL.o
LOAD ./Drivers/BSP/Components/STC3115_Driver.o
LOAD ./Drivers/BSP/SensorTile/SensorTile.o
LOAD ./Drivers/BSP/SensorTile/SensorTile_BlueNRG.o
LOAD ./Drivers/BSP/SensorTile/SensorTile_accelero.o
LOAD ./Drivers/BSP/SensorTile/SensorTile_gg.o
LOAD ./Drivers/BSP/SensorTile/SensorTile_gyro.o
LOAD ./Drivers/BSP/SensorTile/SensorTile_humidity.o
LOAD ./Drivers/BSP/SensorTile/SensorTile_magneto.o
LOAD ./Drivers/BSP/SensorTile/SensorTile_pressure.o
LOAD ./Drivers/BSP/SensorTile/SensorTile_temperature.o
LOAD ./Drivers/CMSIS/system_stm32l4xx.o
LOAD ./Drivers/STM32L4xx_HAL_Driver/stm32l4xx_hal.o
LOAD ./Drivers/STM32L4xx_HAL_Driver/stm32l4xx_hal_adc.o
LOAD ./Drivers/STM32L4xx_HAL_Driver/stm32l4xx_hal_adc_ex.o
LOAD ./Drivers/STM32L4xx_HAL_Driver/stm32l4xx_hal_cortex.o
LOAD ./Drivers/STM32L4xx_HAL_Driver/stm32l4xx_hal_crc.o
LOAD ./Drivers/STM32L4xx_HAL_Driver/stm32l4xx_hal_crc_ex.o
LOAD ./Drivers/STM32L4xx_HAL_Driver/stm32l4xx_hal_dma.o
LOAD ./Drivers/STM32L4xx_HAL_Driver/stm32l4xx_hal_flash.o
LOAD ./Drivers/STM32L4xx_HAL_Driver/stm32l4xx_hal_flash_ex.o
LOAD ./Drivers/STM32L4xx_HAL_Driver/stm32l4xx_hal_gpio.o
LOAD ./Drivers/STM32L4xx_HAL_Driver/stm32l4xx_hal_i2c.o
LOAD ./Drivers/STM32L4xx_HAL_Driver/stm32l4xx_hal_i2c_ex.o
LOAD ./Drivers/STM32L4xx_HAL_Driver/stm32l4xx_hal_pcd.o
LOAD ./Drivers/STM32L4xx_HAL_Driver/stm32l4xx_hal_pcd_ex.o
LOAD ./Drivers/STM32L4xx_HAL_Driver/stm32l4xx_hal_pwr.o
LOAD ./Drivers/STM32L4xx_HAL_Driver/stm32l4xx_hal_pwr_ex.o
LOAD ./Drivers/STM32L4xx_HAL_Driver/stm32l4xx_hal_rcc.o
LOAD ./Drivers/STM32L4xx_HAL_Driver/stm32l4xx_hal_rcc_ex.o
LOAD ./Drivers/STM32L4xx_HAL_Driver/stm32l4xx_hal_rtc.o
LOAD ./Drivers/STM32L4xx_HAL_Driver/stm32l4xx_hal_rtc_ex.o
LOAD ./Drivers/STM32L4xx_HAL_Driver/stm32l4xx_hal_spi.o
LOAD ./Drivers/STM32L4xx_HAL_Driver/stm32l4xx_hal_spi_ex.o
LOAD ./Drivers/STM32L4xx_HAL_Driver/stm32l4xx_hal_tim.o
LOAD ./Drivers/STM32L4xx_HAL_Driver/stm32l4xx_hal_tim_ex.o
LOAD ./Drivers/STM32L4xx_HAL_Driver/stm32l4xx_hal_uart.o
LOAD ./Drivers/STM32L4xx_HAL_Driver/stm32l4xx_hal_uart_ex.o
LOAD ./Drivers/STM32L4xx_HAL_Driver/stm32l4xx_ll_usb.o
LOAD ./Middlewares/STM32_BlueNRG/HCI/Controller/bluenrg_gap_aci.o
LOAD ./Middlewares/STM32_BlueNRG/HCI/Controller/bluenrg_gatt_aci.o
LOAD ./Middlewares/STM32_BlueNRG/HCI/Controller/bluenrg_hal_aci.o
LOAD ./Middlewares/STM32_BlueNRG/HCI/Controller/bluenrg_l2cap_aci.o
LOAD ./Middlewares/STM32_BlueNRG/HCI/Controller/bluenrg_utils.o
LOAD ./Middlewares/STM32_BlueNRG/HCI/hci.o
LOAD ./Middlewares/STM32_BlueNRG/Interface/bluenrg_itf_template.o
LOAD ./Middlewares/STM32_BlueNRG/Utils/ble_list.o
LOAD ./Middlewares/STM32_BlueNRG/Utils/gp_timer.o
LOAD ./Middlewares/STM32_BlueNRG/Utils/osal.o
LOAD ./Middlewares/STM32_USBD_Library/Class/CDC/usbd_cdc.o
LOAD ./Middlewares/STM32_USBD_Library/Core/usbd_core.o
LOAD ./Middlewares/STM32_USBD_Library/Core/usbd_ctlreq.o
LOAD ./Middlewares/STM32_USBD_Library/Core/usbd_ioreq.o
LOAD ./MotEnv1_ST/SW4STM32/startup_stm32l476xx.o
LOAD ./MotEnv1_ST/SW4STM32/syscalls.o
LOAD ./MotEnv1_ST/User/TargetPlatform.o
LOAD ./MotEnv1_ST/User/clock.o
LOAD ./MotEnv1_ST/User/main.o
LOAD ./MotEnv1_ST/User/sensor_service.o
LOAD ./MotEnv1_ST/User/stm32l4xx_hal_msp.o
LOAD ./MotEnv1_ST/User/stm32l4xx_it.o
LOAD ./MotEnv1_ST/User/usbd_cdc_interface.o
LOAD ./MotEnv1_ST/User/usbd_conf.o
LOAD ./MotEnv1_ST/User/usbd_desc.o
START GROUP
LOAD c:/st/stm32cubeide_1.7.0/stm32cubeide/plugins/com.st.stm32cube.ide.mcu.externaltools.gnu-tools-for-stm32.9-2020-q2-update.win32_2.0.0.202105311346/tools/bin/../lib/gcc/arm-none-eabi/9.3.1/../../../../arm-none-eabi/lib/thumb/v7e-m+fp/hard\libc_nano.a
LOAD c:/st/stm32cubeide_1.7.0/stm32cubeide/plugins/com.st.stm32cube.ide.mcu.externaltools.gnu-tools-for-stm32.9-2020-q2-update.win32_2.0.0.202105311346/tools/bin/../lib/gcc/arm-none-eabi/9.3.1/../../../../arm-none-eabi/lib/thumb/v7e-m+fp/hard\libm.a
END GROUP
START GROUP
LOAD c:/st/stm32cubeide_1.7.0/stm32cubeide/plugins/com.st.stm32cube.ide.mcu.externaltools.gnu-tools-for-stm32.9-2020-q2-update.win32_2.0.0.202105311346/tools/bin/../lib/gcc/arm-none-eabi/9.3.1/thumb/v7e-m+fp/hard\libgcc.a
LOAD c:/st/stm32cubeide_1.7.0/stm32cubeide/plugins/com.st.stm32cube.ide.mcu.externaltools.gnu-tools-for-stm32.9-2020-q2-update.win32_2.0.0.202105311346/tools/bin/../lib/gcc/arm-none-eabi/9.3.1/../../../../arm-none-eabi/lib/thumb/v7e-m+fp/hard\libc_nano.a
END GROUP
START GROUP
LOAD c:/st/stm32cubeide_1.7.0/stm32cubeide/plugins/com.st.stm32cube.ide.mcu.externaltools.gnu-tools-for-stm32.9-2020-q2-update.win32_2.0.0.202105311346/tools/bin/../lib/gcc/arm-none-eabi/9.3.1/thumb/v7e-m+fp/hard\libgcc.a
LOAD c:/st/stm32cubeide_1.7.0/stm32cubeide/plugins/com.st.stm32cube.ide.mcu.externaltools.gnu-tools-for-stm32.9-2020-q2-update.win32_2.0.0.202105311346/tools/bin/../lib/gcc/arm-none-eabi/9.3.1/../../../../arm-none-eabi/lib/thumb/v7e-m+fp/hard\libc_nano.a
END GROUP
LOAD c:/st/stm32cubeide_1.7.0/stm32cubeide/plugins/com.st.stm32cube.ide.mcu.externaltools.gnu-tools-for-stm32.9-2020-q2-update.win32_2.0.0.202105311346/tools/bin/../lib/gcc/arm-none-eabi/9.3.1/thumb/v7e-m+fp/hard/crtend.o
LOAD c:/st/stm32cubeide_1.7.0/stm32cubeide/plugins/com.st.stm32cube.ide.mcu.externaltools.gnu-tools-for-stm32.9-2020-q2-update.win32_2.0.0.202105311346/tools/bin/../lib/gcc/arm-none-eabi/9.3.1/thumb/v7e-m+fp/hard/crtn.o
                0x0000000020017fff                _estack = 0x20017fff
                0x0000000000000800                _Min_Heap_Size = 0x800
                0x0000000000008000                _Min_Stack_Size = 0x8000

.isr_vector     0x0000000008004000      0x188
                0x0000000008004000                . = ALIGN (0x8)
 *(.isr_vector)
 .isr_vector    0x0000000008004000      0x188 ./MotEnv1_ST/SW4STM32/startup_stm32l476xx.o
                0x0000000008004000                g_pfnVectors
                0x0000000008004188                . = ALIGN (0x8)

.text           0x0000000008004190     0x8c90
                0x0000000008004190                . = ALIGN (0x8)
 *(.text)
 .text          0x0000000008004190       0x40 c:/st/stm32cubeide_1.7.0/stm32cubeide/plugins/com.st.stm32cube.ide.mcu.externaltools.gnu-tools-for-stm32.9-2020-q2-update.win32_2.0.0.202105311346/tools/bin/../lib/gcc/arm-none-eabi/9.3.1/thumb/v7e-m+fp/hard/crtbegin.o
 .text          0x00000000080041d0       0xa0 c:/st/stm32cubeide_1.7.0/stm32cubeide/plugins/com.st.stm32cube.ide.mcu.externaltools.gnu-tools-for-stm32.9-2020-q2-update.win32_2.0.0.202105311346/tools/bin/../lib/gcc/arm-none-eabi/9.3.1/../../../../arm-none-eabi/lib/thumb/v7e-m+fp/hard\libc_nano.a(lib_a-memchr.o)
                0x00000000080041d0                memchr
 *(.text*)
 .text.HTS221_ReadReg
                0x0000000008004270       0x14 ./Drivers/BSP/Components/HTS221_Driver.o
                0x0000000008004270                HTS221_ReadReg
 .text.HTS221_WriteReg
                0x0000000008004284       0x14 ./Drivers/BSP/Components/HTS221_Driver.o
                0x0000000008004284                HTS221_WriteReg
 .text.HTS221_Get_DeviceID
                0x0000000008004298       0x14 ./Drivers/BSP/Components/HTS221_Driver.o
                0x0000000008004298                HTS221_Get_DeviceID
 .text.HTS221_Get_Humidity
                0x00000000080042ac       0xf4 ./Drivers/BSP/Components/HTS221_Driver.o
                0x00000000080042ac                HTS221_Get_Humidity
 .text.HTS221_Get_Temperature
                0x00000000080043a0       0xec ./Drivers/BSP/Components/HTS221_Driver.o
                0x00000000080043a0                HTS221_Get_Temperature
 .text.HTS221_Get_DataStatus
                0x000000000800448c       0x2c ./Drivers/BSP/Components/HTS221_Driver.o
                0x000000000800448c                HTS221_Get_DataStatus
 .text.HTS221_Activate
                0x00000000080044b8       0x3a ./Drivers/BSP/Components/HTS221_Driver.o
                0x00000000080044b8                HTS221_Activate
 .text.HTS221_DeActivate
                0x00000000080044f2       0x3a ./Drivers/BSP/Components/HTS221_Driver.o
                0x00000000080044f2                HTS221_DeActivate
 .text.HTS221_Get_Odr
                0x000000000800452c       0x24 ./Drivers/BSP/Components/HTS221_Driver.o
                0x000000000800452c                HTS221_Get_Odr
 .text.HTS221_assert_failed
                0x0000000008004550       0x14 ./Drivers/BSP/Components/HTS221_Driver.o
                0x0000000008004550                HTS221_assert_failed
 .text.HTS221_Set_BduMode
                0x0000000008004564       0x54 ./Drivers/BSP/Components/HTS221_Driver.o
                0x0000000008004564                HTS221_Set_BduMode
 .text.HTS221_Set_Odr
                0x00000000080045b8       0x50 ./Drivers/BSP/Components/HTS221_Driver.o
                0x00000000080045b8                HTS221_Set_Odr
 .text.HTS221_H_Get_DRDY_Status
                0x0000000008004608       0x2e ./Drivers/BSP/Components/HTS221_Driver_HL.o
 .text.HTS221_T_Get_DRDY_Status
                0x0000000008004636       0x2e ./Drivers/BSP/Components/HTS221_Driver_HL.o
 .text.HTS221_H_Write_Reg
                0x0000000008004664       0x1c ./Drivers/BSP/Components/HTS221_Driver_HL.o
 .text.HTS221_T_Write_Reg
                0x0000000008004680        0x4 ./Drivers/BSP/Components/HTS221_Driver_HL.o
 .text.HTS221_H_Read_Reg
                0x0000000008004684       0x12 ./Drivers/BSP/Components/HTS221_Driver_HL.o
 .text.HTS221_T_Read_Reg
                0x0000000008004696        0x4 ./Drivers/BSP/Components/HTS221_Driver_HL.o
 .text.HTS221_H_Set_ODR_Value
                0x000000000800469a       0x32 ./Drivers/BSP/Components/HTS221_Driver_HL.o
 .text.HTS221_Set_ODR
                0x00000000080046cc       0x20 ./Drivers/BSP/Components/HTS221_Driver_HL.o
 .text.HTS221_H_Set_ODR
                0x00000000080046ec        0x4 ./Drivers/BSP/Components/HTS221_Driver_HL.o
 .text.HTS221_Get_ODR
                0x00000000080046f0       0x50 ./Drivers/BSP/Components/HTS221_Driver_HL.o
 .text.HTS221_H_Get_ODR
                0x0000000008004740        0x4 ./Drivers/BSP/Components/HTS221_Driver_HL.o
 .text.HTS221_H_Get_Hum
                0x0000000008004744       0x34 ./Drivers/BSP/Components/HTS221_Driver_HL.o
 .text.HTS221_Check_WhoAmI
                0x0000000008004778       0x26 ./Drivers/BSP/Components/HTS221_Driver_HL.o
 .text.HTS221_H_Check_WhoAmI
                0x000000000800479e        0x4 ./Drivers/BSP/Components/HTS221_Driver_HL.o
 .text.HTS221_T_Sensor_Enable
                0x00000000080047a2       0x2e ./Drivers/BSP/Components/HTS221_Driver_HL.o
 .text.HTS221_T_Get_Temp
                0x00000000080047d0       0x34 ./Drivers/BSP/Components/HTS221_Driver_HL.o
 .text.HTS221_T_Sensor_Disable
                0x0000000008004804       0x2e ./Drivers/BSP/Components/HTS221_Driver_HL.o
 .text.HTS221_T_DeInit
                0x0000000008004832       0x26 ./Drivers/BSP/Components/HTS221_Driver_HL.o
 .text.HTS221_Init
                0x0000000008004858       0x36 ./Drivers/BSP/Components/HTS221_Driver_HL.o
 .text.HTS221_H_Init
                0x000000000800488e       0x28 ./Drivers/BSP/Components/HTS221_Driver_HL.o
 .text.HTS221_T_Init
                0x00000000080048b6       0x28 ./Drivers/BSP/Components/HTS221_Driver_HL.o
 .text.HTS221_T_Check_WhoAmI
                0x00000000080048de        0x4 ./Drivers/BSP/Components/HTS221_Driver_HL.o
 .text.HTS221_T_Get_ODR
                0x00000000080048e2        0x4 ./Drivers/BSP/Components/HTS221_Driver_HL.o
 .text.HTS221_T_Set_ODR
                0x00000000080048e6        0x4 ./Drivers/BSP/Components/HTS221_Driver_HL.o
 .text.HTS221_T_Get_WhoAmI
                0x00000000080048ea        0xe ./Drivers/BSP/Components/HTS221_Driver_HL.o
 .text.HTS221_H_Get_WhoAmI
                0x00000000080048f8        0xe ./Drivers/BSP/Components/HTS221_Driver_HL.o
 .text.HTS221_T_Set_ODR_Value
                0x0000000008004906       0x32 ./Drivers/BSP/Components/HTS221_Driver_HL.o
 .text.HTS221_H_Sensor_Enable
                0x0000000008004938       0x2e ./Drivers/BSP/Components/HTS221_Driver_HL.o
 .text.HTS221_H_Sensor_Disable
                0x0000000008004966       0x2e ./Drivers/BSP/Components/HTS221_Driver_HL.o
 .text.HTS221_H_DeInit
                0x0000000008004994       0x26 ./Drivers/BSP/Components/HTS221_Driver_HL.o
 .text.LPS22HB_ReadReg
                0x00000000080049ba       0x14 ./Drivers/BSP/Components/LPS22HB_Driver.o
                0x00000000080049ba                LPS22HB_ReadReg
 .text.LPS22HB_WriteReg
                0x00000000080049ce       0x14 ./Drivers/BSP/Components/LPS22HB_Driver.o
                0x00000000080049ce                LPS22HB_WriteReg
 .text.LPS22HB_Get_DeviceID
                0x00000000080049e2       0x14 ./Drivers/BSP/Components/LPS22HB_Driver.o
                0x00000000080049e2                LPS22HB_Get_DeviceID
 .text.LPS22HB_Set_PowerMode
                0x00000000080049f6       0x3e ./Drivers/BSP/Components/LPS22HB_Driver.o
                0x00000000080049f6                LPS22HB_Set_PowerMode
 .text.LPS22HB_Set_Odr
                0x0000000008004a34       0x3e ./Drivers/BSP/Components/LPS22HB_Driver.o
                0x0000000008004a34                LPS22HB_Set_Odr
 .text.LPS22HB_Get_Odr
                0x0000000008004a72       0x24 ./Drivers/BSP/Components/LPS22HB_Driver.o
                0x0000000008004a72                LPS22HB_Get_Odr
 .text.LPS22HB_Set_LowPassFilter
                0x0000000008004a96       0x40 ./Drivers/BSP/Components/LPS22HB_Driver.o
                0x0000000008004a96                LPS22HB_Set_LowPassFilter
 .text.LPS22HB_Set_LowPassFilterCutoff
                0x0000000008004ad6       0x3e ./Drivers/BSP/Components/LPS22HB_Driver.o
                0x0000000008004ad6                LPS22HB_Set_LowPassFilterCutoff
 .text.LPS22HB_Set_Bdu
                0x0000000008004b14       0x3c ./Drivers/BSP/Components/LPS22HB_Driver.o
                0x0000000008004b14                LPS22HB_Set_Bdu
 .text.LPS22HB_SwResetAndMemoryBoot
                0x0000000008004b50       0x3a ./Drivers/BSP/Components/LPS22HB_Driver.o
                0x0000000008004b50                LPS22HB_SwResetAndMemoryBoot
 .text.LPS22HB_Set_FifoModeUse
                0x0000000008004b8a       0x40 ./Drivers/BSP/Components/LPS22HB_Driver.o
                0x0000000008004b8a                LPS22HB_Set_FifoModeUse
 .text.LPS22HB_Set_FifoWatermarkLevelUse
                0x0000000008004bca       0x40 ./Drivers/BSP/Components/LPS22HB_Driver.o
                0x0000000008004bca                LPS22HB_Set_FifoWatermarkLevelUse
 .text.LPS22HB_Set_AutomaticIncrementRegAddress
                0x0000000008004c0a       0x40 ./Drivers/BSP/Components/LPS22HB_Driver.o
                0x0000000008004c0a                LPS22HB_Set_AutomaticIncrementRegAddress
 .text.LPS22HB_Set_I2C
                0x0000000008004c4a       0x44 ./Drivers/BSP/Components/LPS22HB_Driver.o
                0x0000000008004c4a                LPS22HB_Set_I2C
 .text.LPS22HB_Set_FIFO_OVR_Interrupt
                0x0000000008004c8e       0x40 ./Drivers/BSP/Components/LPS22HB_Driver.o
                0x0000000008004c8e                LPS22HB_Set_FIFO_OVR_Interrupt
 .text.LPS22HB_Set_FIFO_FTH_Interrupt
                0x0000000008004cce       0x40 ./Drivers/BSP/Components/LPS22HB_Driver.o
                0x0000000008004cce                LPS22HB_Set_FIFO_FTH_Interrupt
 .text.LPS22HB_Set_FIFO_FULL_Interrupt
                0x0000000008004d0e       0x40 ./Drivers/BSP/Components/LPS22HB_Driver.o
                0x0000000008004d0e                LPS22HB_Set_FIFO_FULL_Interrupt
 .text.LPS22HB_Get_DataStatus
                0x0000000008004d4e       0x36 ./Drivers/BSP/Components/LPS22HB_Driver.o
                0x0000000008004d4e                LPS22HB_Get_DataStatus
 .text.LPS22HB_Get_RawPressure
                0x0000000008004d84       0x36 ./Drivers/BSP/Components/LPS22HB_Driver.o
                0x0000000008004d84                LPS22HB_Get_RawPressure
 .text.LPS22HB_Get_Pressure
                0x0000000008004dba       0x24 ./Drivers/BSP/Components/LPS22HB_Driver.o
                0x0000000008004dba                LPS22HB_Get_Pressure
 .text.LPS22HB_Get_RawTemperature
                0x0000000008004dde       0x26 ./Drivers/BSP/Components/LPS22HB_Driver.o
                0x0000000008004dde                LPS22HB_Get_RawTemperature
 .text.LPS22HB_Get_Temperature
                0x0000000008004e04       0x22 ./Drivers/BSP/Components/LPS22HB_Driver.o
                0x0000000008004e04                LPS22HB_Get_Temperature
 .text.LPS22HB_Set_FifoMode
                0x0000000008004e26       0x3e ./Drivers/BSP/Components/LPS22HB_Driver.o
                0x0000000008004e26                LPS22HB_Set_FifoMode
 .text.LPS22HB_Get_FifoMode
                0x0000000008004e64       0x24 ./Drivers/BSP/Components/LPS22HB_Driver.o
                0x0000000008004e64                LPS22HB_Get_FifoMode
 .text.LPS22HB_Set_FifoWatermarkLevel
                0x0000000008004e88       0x3e ./Drivers/BSP/Components/LPS22HB_Driver.o
                0x0000000008004e88                LPS22HB_Set_FifoWatermarkLevel
 .text.LPS22HB_Get_FifoWatermarkLevel
                0x0000000008004ec6       0x1e ./Drivers/BSP/Components/LPS22HB_Driver.o
                0x0000000008004ec6                LPS22HB_Get_FifoWatermarkLevel
 .text.LPS22HB_Get_FifoStatus
                0x0000000008004ee4       0x42 ./Drivers/BSP/Components/LPS22HB_Driver.o
                0x0000000008004ee4                LPS22HB_Get_FifoStatus
 .text.LPS22HB_P_Get_DRDY_Status
                0x0000000008004f26       0x1a ./Drivers/BSP/Components/LPS22HB_Driver_HL.o
 .text.LPS22HB_T_Get_DRDY_Status
                0x0000000008004f40       0x1a ./Drivers/BSP/Components/LPS22HB_Driver_HL.o
 .text.LPS22HB_P_Write_Reg
                0x0000000008004f5a       0x1c ./Drivers/BSP/Components/LPS22HB_Driver_HL.o
 .text.LPS22HB_T_Write_Reg
                0x0000000008004f76        0x4 ./Drivers/BSP/Components/LPS22HB_Driver_HL.o
 .text.LPS22HB_P_Read_Reg
                0x0000000008004f7a       0x12 ./Drivers/BSP/Components/LPS22HB_Driver_HL.o
 .text.LPS22HB_T_Read_Reg
                0x0000000008004f8c        0x4 ./Drivers/BSP/Components/LPS22HB_Driver_HL.o
 .text.LPS22HB_P_Sensor_Disable
                0x0000000008004f90       0x28 ./Drivers/BSP/Components/LPS22HB_Driver_HL.o
 .text.LPS22HB_P_DeInit
                0x0000000008004fb8       0x20 ./Drivers/BSP/Components/LPS22HB_Driver_HL.o
 .text.LPS22HB_T_Sensor_Disable
                0x0000000008004fd8       0x28 ./Drivers/BSP/Components/LPS22HB_Driver_HL.o
 .text.LPS22HB_T_DeInit
                0x0000000008005000       0x20 ./Drivers/BSP/Components/LPS22HB_Driver_HL.o
 .text.LPS22HB_Get_ODR
                0x0000000008005020       0x6c ./Drivers/BSP/Components/LPS22HB_Driver_HL.o
 .text.LPS22HB_P_Get_ODR
                0x000000000800508c        0x4 ./Drivers/BSP/Components/LPS22HB_Driver_HL.o
 .text.LPS22HB_Check_WhoAmI
                0x0000000008005090       0x26 ./Drivers/BSP/Components/LPS22HB_Driver_HL.o
 .text.LPS22HB_P_Check_WhoAmI
                0x00000000080050b6        0x4 ./Drivers/BSP/Components/LPS22HB_Driver_HL.o
 .text.LPS22HB_FIFO_Set_Watermark_Level
                0x00000000080050ba        0xe ./Drivers/BSP/Components/LPS22HB_Driver_HL.o
 .text.LPS22HB_FIFO_Get_Watermark_Level
                0x00000000080050c8        0xe ./Drivers/BSP/Components/LPS22HB_Driver_HL.o
 .text.LPS22HB_FIFO_Get_Mode
                0x00000000080050d6       0x1c ./Drivers/BSP/Components/LPS22HB_Driver_HL.o
 .text.LPS22HB_FIFO_Get_Num_Of_Samples
                0x00000000080050f2       0x1a ./Drivers/BSP/Components/LPS22HB_Driver_HL.o
 .text.LPS22HB_FIFO_Get_Fth_Status
                0x000000000800510c       0x1a ./Drivers/BSP/Components/LPS22HB_Driver_HL.o
 .text.LPS22HB_FIFO_Get_Ovr_Status
                0x0000000008005126       0x1a ./Drivers/BSP/Components/LPS22HB_Driver_HL.o
 .text.LPS22HB_FIFO_Get_Full_Status
                0x0000000008005140       0x1a ./Drivers/BSP/Components/LPS22HB_Driver_HL.o
 .text.LPS22HB_FIFO_Get_Empty_Status
                0x000000000800515a       0x1a ./Drivers/BSP/Components/LPS22HB_Driver_HL.o
 .text.LPS22HB_Set_ODR_When_Disabled.isra.0
                0x0000000008005174       0x40 ./Drivers/BSP/Components/LPS22HB_Driver_HL.o
 .text.LPS22HB_Set_ODR_Value_When_Enabled
                0x00000000080051b4       0x6c ./Drivers/BSP/Components/LPS22HB_Driver_HL.o
 .text.LPS22HB_P_Sensor_Enable
                0x0000000008005220       0x28 ./Drivers/BSP/Components/LPS22HB_Driver_HL.o
 .text.LPS22HB_T_Set_ODR_Value
                0x0000000008005248       0x6c ./Drivers/BSP/Components/LPS22HB_Driver_HL.o
 .text.LPS22HB_T_Sensor_Enable
                0x00000000080052b4       0x28 ./Drivers/BSP/Components/LPS22HB_Driver_HL.o
 .text.LPS22HB_Set_ODR_When_Enabled
                0x00000000080052dc       0x2e ./Drivers/BSP/Components/LPS22HB_Driver_HL.o
 .text.LPS22HB_P_Set_ODR
                0x000000000800530a       0x26 ./Drivers/BSP/Components/LPS22HB_Driver_HL.o
 .text.LPS22HB_T_Set_ODR
                0x0000000008005330       0x26 ./Drivers/BSP/Components/LPS22HB_Driver_HL.o
 *fill*         0x0000000008005356        0x2 
 .text.LPS22HB_Initialize.isra.0
                0x0000000008005358       0x70 ./Drivers/BSP/Components/LPS22HB_Driver_HL.o
 .text.LPS22HB_P_Init
                0x00000000080053c8       0x24 ./Drivers/BSP/Components/LPS22HB_Driver_HL.o
 .text.LPS22HB_T_Init
                0x00000000080053ec       0x24 ./Drivers/BSP/Components/LPS22HB_Driver_HL.o
 .text.LPS22HB_FIFO_Get_Data
                0x0000000008005410       0x5c ./Drivers/BSP/Components/LPS22HB_Driver_HL.o
 .text.LPS22HB_FIFO_Reset_Interrupt
                0x000000000800546c       0x2c ./Drivers/BSP/Components/LPS22HB_Driver_HL.o
 .text.LPS22HB_FIFO_Set_Interrupt
                0x0000000008005498       0x2c ./Drivers/BSP/Components/LPS22HB_Driver_HL.o
 .text.LPS22HB_FIFO_Stop_On_Fth
                0x00000000080054c4       0x16 ./Drivers/BSP/Components/LPS22HB_Driver_HL.o
 .text.LPS22HB_FIFO_Set_Mode
                0x00000000080054da       0x2a ./Drivers/BSP/Components/LPS22HB_Driver_HL.o
 .text.LPS22HB_FIFO_Usage
                0x0000000008005504       0x16 ./Drivers/BSP/Components/LPS22HB_Driver_HL.o
 .text.LPS22HB_T_Get_ODR
                0x000000000800551a        0x4 ./Drivers/BSP/Components/LPS22HB_Driver_HL.o
 .text.LPS22HB_T_Check_WhoAmI
                0x000000000800551e        0x4 ./Drivers/BSP/Components/LPS22HB_Driver_HL.o
 .text.LPS22HB_P_Get_WhoAmI
                0x0000000008005522        0xe ./Drivers/BSP/Components/LPS22HB_Driver_HL.o
 .text.LPS22HB_T_Get_WhoAmI
                0x0000000008005530        0xe ./Drivers/BSP/Components/LPS22HB_Driver_HL.o
 .text.LPS22HB_FIFO_Watermark_Usage
                0x000000000800553e       0x16 ./Drivers/BSP/Components/LPS22HB_Driver_HL.o
 .text.LPS22HB_P_Get_Press
                0x0000000008005554       0x30 ./Drivers/BSP/Components/LPS22HB_Driver_HL.o
 .text.LPS22HB_T_Get_Temp
                0x0000000008005584       0x34 ./Drivers/BSP/Components/LPS22HB_Driver_HL.o
 .text.LPS22HB_P_Set_ODR_Value
                0x00000000080055b8       0x6c ./Drivers/BSP/Components/LPS22HB_Driver_HL.o
 .text.I2C_SENSORTILE_Init
                0x0000000008005624       0xd0 ./Drivers/BSP/SensorTile/SensorTile.o
 .text.BSP_LED_Init
                0x00000000080056f4       0x7c ./Drivers/BSP/SensorTile/SensorTile.o
                0x00000000080056f4                BSP_LED_Init
 .text.BSP_LED_On
                0x0000000008005770       0x28 ./Drivers/BSP/SensorTile/SensorTile.o
                0x0000000008005770                BSP_LED_On
 .text.BSP_LED_Off
                0x0000000008005798       0x24 ./Drivers/BSP/SensorTile/SensorTile.o
                0x0000000008005798                BSP_LED_Off
 .text.Sensor_IO_I2C_Init
                0x00000000080057bc        0xe ./Drivers/BSP/SensorTile/SensorTile.o
                0x00000000080057bc                Sensor_IO_I2C_Init
 *fill*         0x00000000080057ca        0x2 
 .text.Sensor_IO_SPI_Init
                0x00000000080057cc       0xd4 ./Drivers/BSP/SensorTile/SensorTile.o
                0x00000000080057cc                Sensor_IO_SPI_Init
 .text.Sensor_IO_SPI_CS_Init_All
                0x00000000080058a0      0x108 ./Drivers/BSP/SensorTile/SensorTile.o
                0x00000000080058a0                Sensor_IO_SPI_CS_Init_All
 .text.Sensor_IO_SPI_CS_Init
                0x00000000080059a8       0xdc ./Drivers/BSP/SensorTile/SensorTile.o
                0x00000000080059a8                Sensor_IO_SPI_CS_Init
 .text.Sensor_IO_I2C_Write
                0x0000000008005a84       0x30 ./Drivers/BSP/SensorTile/SensorTile.o
                0x0000000008005a84                Sensor_IO_I2C_Write
 .text.Sensor_IO_I2C_Read
                0x0000000008005ab4       0x30 ./Drivers/BSP/SensorTile/SensorTile.o
                0x0000000008005ab4                Sensor_IO_I2C_Read
 .text.Sensor_IO_SPI_CS_Enable
                0x0000000008005ae4       0x40 ./Drivers/BSP/SensorTile/SensorTile.o
                0x0000000008005ae4                Sensor_IO_SPI_CS_Enable
 .text.Sensor_IO_SPI_CS_Disable
                0x0000000008005b24       0x40 ./Drivers/BSP/SensorTile/SensorTile.o
                0x0000000008005b24                Sensor_IO_SPI_CS_Disable
 .text.SPI_Read
                0x0000000008005b64       0x36 ./Drivers/BSP/SensorTile/SensorTile.o
                0x0000000008005b64                SPI_Read
 .text.SPI_Read_nBytes
                0x0000000008005b9a       0x62 ./Drivers/BSP/SensorTile/SensorTile.o
                0x0000000008005b9a                SPI_Read_nBytes
 .text.SPI_Write
                0x0000000008005bfc       0x1c ./Drivers/BSP/SensorTile/SensorTile.o
                0x0000000008005bfc                SPI_Write
 .text.Sensor_IO_SPI_Write
                0x0000000008005c18       0x40 ./Drivers/BSP/SensorTile/SensorTile.o
                0x0000000008005c18                Sensor_IO_SPI_Write
 .text.Sensor_IO_Write
                0x0000000008005c58       0x3e ./Drivers/BSP/SensorTile/SensorTile.o
                0x0000000008005c58                Sensor_IO_Write
 *fill*         0x0000000008005c96        0x2 
 .text.Sensor_IO_SPI_Read
                0x0000000008005c98       0x74 ./Drivers/BSP/SensorTile/SensorTile.o
                0x0000000008005c98                Sensor_IO_SPI_Read
 .text.Sensor_IO_Read
                0x0000000008005d0c       0x3e ./Drivers/BSP/SensorTile/SensorTile.o
                0x0000000008005d0c                Sensor_IO_Read
 *fill*         0x0000000008005d4a        0x2 
 .text.HAL_SPI_MspInit
                0x0000000008005d4c      0x15c ./Drivers/BSP/SensorTile/SensorTile_BlueNRG.o
                0x0000000008005d4c                HAL_SPI_MspInit
 .text.BNRG_SPI_Init
                0x0000000008005ea8       0x3c ./Drivers/BSP/SensorTile/SensorTile_BlueNRG.o
                0x0000000008005ea8                BNRG_SPI_Init
 .text.BlueNRG_RST
                0x0000000008005ee4       0x2c ./Drivers/BSP/SensorTile/SensorTile_BlueNRG.o
                0x0000000008005ee4                BlueNRG_RST
 .text.BlueNRG_DataPresent
                0x0000000008005f10       0x18 ./Drivers/BSP/SensorTile/SensorTile_BlueNRG.o
                0x0000000008005f10                BlueNRG_DataPresent
 .text.BlueNRG_SPI_Read_All
                0x0000000008005f28       0xbc ./Drivers/BSP/SensorTile/SensorTile_BlueNRG.o
                0x0000000008005f28                BlueNRG_SPI_Read_All
 .text.Enable_SPI_IRQ
                0x0000000008005fe4        0x6 ./Drivers/BSP/SensorTile/SensorTile_BlueNRG.o
                0x0000000008005fe4                Enable_SPI_IRQ
 .text.Disable_SPI_IRQ
                0x0000000008005fea        0x6 ./Drivers/BSP/SensorTile/SensorTile_BlueNRG.o
                0x0000000008005fea                Disable_SPI_IRQ
 .text.BlueNRG_SPI_Write
                0x0000000008005ff0       0xb4 ./Drivers/BSP/SensorTile/SensorTile_BlueNRG.o
                0x0000000008005ff0                BlueNRG_SPI_Write
 .text.Hal_Write_Serial
                0x00000000080060a4       0x4c ./Drivers/BSP/SensorTile/SensorTile_BlueNRG.o
                0x00000000080060a4                Hal_Write_Serial
 .text.Clear_SPI_EXTI_Flag
                0x00000000080060f0        0xc ./Drivers/BSP/SensorTile/SensorTile_BlueNRG.o
                0x00000000080060f0                Clear_SPI_EXTI_Flag
 .text.BSP_HTS221_HUMIDITY_Init
                0x00000000080060fc       0x80 ./Drivers/BSP/SensorTile/SensorTile_humidity.o
 .text.BSP_HUMIDITY_Init
                0x000000000800617c       0x14 ./Drivers/BSP/SensorTile/SensorTile_humidity.o
                0x000000000800617c                BSP_HUMIDITY_Init
 .text.BSP_HUMIDITY_Sensor_Enable
                0x0000000008006190       0x18 ./Drivers/BSP/SensorTile/SensorTile_humidity.o
                0x0000000008006190                BSP_HUMIDITY_Sensor_Enable
 .text.BSP_HUMIDITY_IsInitialized
                0x00000000080061a8       0x10 ./Drivers/BSP/SensorTile/SensorTile_humidity.o
                0x00000000080061a8                BSP_HUMIDITY_IsInitialized
 .text.BSP_HUMIDITY_Get_Hum
                0x00000000080061b8       0x1a ./Drivers/BSP/SensorTile/SensorTile_humidity.o
                0x00000000080061b8                BSP_HUMIDITY_Get_Hum
 *fill*         0x00000000080061d2        0x2 
 .text.BSP_LPS22HB_PRESSURE_Init
                0x00000000080061d4       0xdc ./Drivers/BSP/SensorTile/SensorTile_pressure.o
 .text.BSP_PRESSURE_Init
                0x00000000080062b0       0x14 ./Drivers/BSP/SensorTile/SensorTile_pressure.o
                0x00000000080062b0                BSP_PRESSURE_Init
 .text.BSP_PRESSURE_Sensor_Enable
                0x00000000080062c4       0x18 ./Drivers/BSP/SensorTile/SensorTile_pressure.o
                0x00000000080062c4                BSP_PRESSURE_Sensor_Enable
 .text.BSP_PRESSURE_IsInitialized
                0x00000000080062dc       0x10 ./Drivers/BSP/SensorTile/SensorTile_pressure.o
                0x00000000080062dc                BSP_PRESSURE_IsInitialized
 .text.BSP_PRESSURE_Get_Press
                0x00000000080062ec       0x1a ./Drivers/BSP/SensorTile/SensorTile_pressure.o
                0x00000000080062ec                BSP_PRESSURE_Get_Press
 *fill*         0x0000000008006306        0x2 
 .text.BSP_LPS22HB_TEMPERATURE_Init
                0x0000000008006308       0xcc ./Drivers/BSP/SensorTile/SensorTile_temperature.o
 .text.BSP_HTS221_TEMPERATURE_Init
                0x00000000080063d4       0x84 ./Drivers/BSP/SensorTile/SensorTile_temperature.o
 .text.BSP_TEMPERATURE_Init
                0x0000000008006458       0x30 ./Drivers/BSP/SensorTile/SensorTile_temperature.o
                0x0000000008006458                BSP_TEMPERATURE_Init
 .text.BSP_TEMPERATURE_Sensor_Enable
                0x0000000008006488       0x18 ./Drivers/BSP/SensorTile/SensorTile_temperature.o
                0x0000000008006488                BSP_TEMPERATURE_Sensor_Enable
 .text.BSP_TEMPERATURE_IsInitialized
                0x00000000080064a0       0x10 ./Drivers/BSP/SensorTile/SensorTile_temperature.o
                0x00000000080064a0                BSP_TEMPERATURE_IsInitialized
 .text.BSP_TEMPERATURE_Get_Temp
                0x00000000080064b0       0x1a ./Drivers/BSP/SensorTile/SensorTile_temperature.o
                0x00000000080064b0                BSP_TEMPERATURE_Get_Temp
 *fill*         0x00000000080064ca        0x2 
 .text.SystemInit
                0x00000000080064cc       0x4c ./Drivers/CMSIS/system_stm32l4xx.o
                0x00000000080064cc                SystemInit
 .text.HAL_MspInit
                0x0000000008006518        0x2 ./Drivers/STM32L4xx_HAL_Driver/stm32l4xx_hal.o
                0x0000000008006518                HAL_MspInit
 *fill*         0x000000000800651a        0x2 
 .text.HAL_InitTick
                0x000000000800651c       0x2c ./Drivers/STM32L4xx_HAL_Driver/stm32l4xx_hal.o
                0x000000000800651c                HAL_InitTick
 .text.HAL_Init
                0x0000000008006548       0x16 ./Drivers/STM32L4xx_HAL_Driver/stm32l4xx_hal.o
                0x0000000008006548                HAL_Init
 *fill*         0x000000000800655e        0x2 
 .text.HAL_IncTick
                0x0000000008006560       0x10 ./Drivers/STM32L4xx_HAL_Driver/stm32l4xx_hal.o
                0x0000000008006560                HAL_IncTick
 .text.HAL_GetTick
                0x0000000008006570        0xc ./Drivers/STM32L4xx_HAL_Driver/stm32l4xx_hal.o
                0x0000000008006570                HAL_GetTick
 .text.HAL_GetHalVersion
                0x000000000800657c        0x8 ./Drivers/STM32L4xx_HAL_Driver/stm32l4xx_hal.o
                0x000000000800657c                HAL_GetHalVersion
 .text.HAL_NVIC_SetPriorityGrouping
                0x0000000008006584       0x24 ./Drivers/STM32L4xx_HAL_Driver/stm32l4xx_hal_cortex.o
                0x0000000008006584                HAL_NVIC_SetPriorityGrouping
 .text.HAL_NVIC_SetPriority
                0x00000000080065a8       0x64 ./Drivers/STM32L4xx_HAL_Driver/stm32l4xx_hal_cortex.o
                0x00000000080065a8                HAL_NVIC_SetPriority
 .text.HAL_NVIC_EnableIRQ
                0x000000000800660c       0x18 ./Drivers/STM32L4xx_HAL_Driver/stm32l4xx_hal_cortex.o
                0x000000000800660c                HAL_NVIC_EnableIRQ
 .text.HAL_NVIC_DisableIRQ
                0x0000000008006624       0x1c ./Drivers/STM32L4xx_HAL_Driver/stm32l4xx_hal_cortex.o
                0x0000000008006624                HAL_NVIC_DisableIRQ
 .text.HAL_SYSTICK_Config
                0x0000000008006640       0x2c ./Drivers/STM32L4xx_HAL_Driver/stm32l4xx_hal_cortex.o
                0x0000000008006640                HAL_SYSTICK_Config
 .text.HAL_GPIO_Init
                0x000000000800666c      0x1bc ./Drivers/STM32L4xx_HAL_Driver/stm32l4xx_hal_gpio.o
                0x000000000800666c                HAL_GPIO_Init
 .text.HAL_GPIO_ReadPin
                0x0000000008006828        0xc ./Drivers/STM32L4xx_HAL_Driver/stm32l4xx_hal_gpio.o
                0x0000000008006828                HAL_GPIO_ReadPin
 .text.HAL_GPIO_WritePin
                0x0000000008006834        0xa ./Drivers/STM32L4xx_HAL_Driver/stm32l4xx_hal_gpio.o
                0x0000000008006834                HAL_GPIO_WritePin
 *fill*         0x000000000800683e        0x2 
 .text.HAL_GPIO_EXTI_IRQHandler
                0x0000000008006840       0x18 ./Drivers/STM32L4xx_HAL_Driver/stm32l4xx_hal_gpio.o
                0x0000000008006840                HAL_GPIO_EXTI_IRQHandler
 .text.I2C_Flush_TXDR
                0x0000000008006858       0x1c ./Drivers/STM32L4xx_HAL_Driver/stm32l4xx_hal_i2c.o
 .text.I2C_TransferConfig
                0x0000000008006874       0x2a ./Drivers/STM32L4xx_HAL_Driver/stm32l4xx_hal_i2c.o
 .text.I2C_WaitOnFlagUntilTimeout
                0x000000000800689e       0x4c ./Drivers/STM32L4xx_HAL_Driver/stm32l4xx_hal_i2c.o
 .text.I2C_IsAcknowledgeFailed
                0x00000000080068ea       0x7a ./Drivers/STM32L4xx_HAL_Driver/stm32l4xx_hal_i2c.o
 .text.I2C_WaitOnTXISFlagUntilTimeout
                0x0000000008006964       0x52 ./Drivers/STM32L4xx_HAL_Driver/stm32l4xx_hal_i2c.o
 .text.I2C_RequestMemoryWrite
                0x00000000080069b6       0x72 ./Drivers/STM32L4xx_HAL_Driver/stm32l4xx_hal_i2c.o
 .text.I2C_RequestMemoryRead
                0x0000000008006a28       0x70 ./Drivers/STM32L4xx_HAL_Driver/stm32l4xx_hal_i2c.o
 .text.I2C_WaitOnSTOPFlagUntilTimeout
                0x0000000008006a98       0x4e ./Drivers/STM32L4xx_HAL_Driver/stm32l4xx_hal_i2c.o
 .text.HAL_I2C_MspInit
                0x0000000008006ae6        0x2 ./Drivers/STM32L4xx_HAL_Driver/stm32l4xx_hal_i2c.o
                0x0000000008006ae6                HAL_I2C_MspInit
 .text.HAL_I2C_Init
                0x0000000008006ae8       0x9c ./Drivers/STM32L4xx_HAL_Driver/stm32l4xx_hal_i2c.o
                0x0000000008006ae8                HAL_I2C_Init
 .text.HAL_I2C_MspDeInit
                0x0000000008006b84        0x2 ./Drivers/STM32L4xx_HAL_Driver/stm32l4xx_hal_i2c.o
                0x0000000008006b84                HAL_I2C_MspDeInit
 .text.HAL_I2C_DeInit
                0x0000000008006b86       0x32 ./Drivers/STM32L4xx_HAL_Driver/stm32l4xx_hal_i2c.o
                0x0000000008006b86                HAL_I2C_DeInit
 .text.HAL_I2C_Mem_Write
                0x0000000008006bb8      0x170 ./Drivers/STM32L4xx_HAL_Driver/stm32l4xx_hal_i2c.o
                0x0000000008006bb8                HAL_I2C_Mem_Write
 .text.HAL_I2C_Mem_Read
                0x0000000008006d28      0x17c ./Drivers/STM32L4xx_HAL_Driver/stm32l4xx_hal_i2c.o
                0x0000000008006d28                HAL_I2C_Mem_Read
 .text.HAL_I2C_GetState
                0x0000000008006ea4        0x6 ./Drivers/STM32L4xx_HAL_Driver/stm32l4xx_hal_i2c.o
                0x0000000008006ea4                HAL_I2C_GetState
 *fill*         0x0000000008006eaa        0x2 
 .text.HAL_PCD_IRQHandler
                0x0000000008006eac      0x5e0 ./Drivers/STM32L4xx_HAL_Driver/stm32l4xx_hal_pcd.o
                0x0000000008006eac                HAL_PCD_IRQHandler
 .text.HAL_PCD_SetAddress
                0x000000000800748c       0x28 ./Drivers/STM32L4xx_HAL_Driver/stm32l4xx_hal_pcd.o
                0x000000000800748c                HAL_PCD_SetAddress
 .text.HAL_PCD_EP_Open
                0x00000000080074b4       0x4a ./Drivers/STM32L4xx_HAL_Driver/stm32l4xx_hal_pcd.o
                0x00000000080074b4                HAL_PCD_EP_Open
 .text.HAL_PCD_EP_Receive
                0x00000000080074fe       0x56 ./Drivers/STM32L4xx_HAL_Driver/stm32l4xx_hal_pcd.o
                0x00000000080074fe                HAL_PCD_EP_Receive
 .text.HAL_PCD_EP_Transmit
                0x0000000008007554       0x4e ./Drivers/STM32L4xx_HAL_Driver/stm32l4xx_hal_pcd.o
                0x0000000008007554                HAL_PCD_EP_Transmit
 .text.HAL_PCD_EP_SetStall
                0x00000000080075a2       0x56 ./Drivers/STM32L4xx_HAL_Driver/stm32l4xx_hal_pcd.o
                0x00000000080075a2                HAL_PCD_EP_SetStall
 .text.HAL_PCD_EP_ClrStall
                0x00000000080075f8       0x4a ./Drivers/STM32L4xx_HAL_Driver/stm32l4xx_hal_pcd.o
                0x00000000080075f8                HAL_PCD_EP_ClrStall
 .text.HAL_PCDEx_LPM_Callback
                0x0000000008007642        0x2 ./Drivers/STM32L4xx_HAL_Driver/stm32l4xx_hal_pcd_ex.o
                0x0000000008007642                HAL_PCDEx_LPM_Callback
 .text.HAL_PWR_EnableBkUpAccess
                0x0000000008007644       0x10 ./Drivers/STM32L4xx_HAL_Driver/stm32l4xx_hal_pwr.o
                0x0000000008007644                HAL_PWR_EnableBkUpAccess
 .text.HAL_PWREx_GetVoltageRange
                0x0000000008007654       0x10 ./Drivers/STM32L4xx_HAL_Driver/stm32l4xx_hal_pwr_ex.o
                0x0000000008007654                HAL_PWREx_GetVoltageRange
 .text.HAL_PWREx_EnableVddIO2
                0x0000000008007664       0x10 ./Drivers/STM32L4xx_HAL_Driver/stm32l4xx_hal_pwr_ex.o
                0x0000000008007664                HAL_PWREx_EnableVddIO2
 .text.RCC_SetFlashLatencyFromMSIRange
                0x0000000008007674       0x84 ./Drivers/STM32L4xx_HAL_Driver/stm32l4xx_hal_rcc.o
 .text.HAL_RCC_GetSysClockFreq
                0x00000000080076f8      0x12c ./Drivers/STM32L4xx_HAL_Driver/stm32l4xx_hal_rcc.o
                0x00000000080076f8                HAL_RCC_GetSysClockFreq
 .text.HAL_RCC_OscConfig
                0x0000000008007824      0x47c ./Drivers/STM32L4xx_HAL_Driver/stm32l4xx_hal_rcc.o
                0x0000000008007824                HAL_RCC_OscConfig
 .text.HAL_RCC_ClockConfig
                0x0000000008007ca0      0x174 ./Drivers/STM32L4xx_HAL_Driver/stm32l4xx_hal_rcc.o
                0x0000000008007ca0                HAL_RCC_ClockConfig
 .text.HAL_RCC_GetHCLKFreq
                0x0000000008007e14        0xc ./Drivers/STM32L4xx_HAL_Driver/stm32l4xx_hal_rcc.o
                0x0000000008007e14                HAL_RCC_GetHCLKFreq
 .text.RCCEx_PLLSAI1_Config
                0x0000000008007e20      0x16c ./Drivers/STM32L4xx_HAL_Driver/stm32l4xx_hal_rcc_ex.o
 .text.RCCEx_PLLSAI2_Config
                0x0000000008007f8c      0x144 ./Drivers/STM32L4xx_HAL_Driver/stm32l4xx_hal_rcc_ex.o
 .text.HAL_RCCEx_PeriphCLKConfig
                0x00000000080080d0      0x3d4 ./Drivers/STM32L4xx_HAL_Driver/stm32l4xx_hal_rcc_ex.o
                0x00000000080080d0                HAL_RCCEx_PeriphCLKConfig
 .text.HAL_RCCEx_DisableLSECSS
                0x00000000080084a4       0x1c ./Drivers/STM32L4xx_HAL_Driver/stm32l4xx_hal_rcc_ex.o
                0x00000000080084a4                HAL_RCCEx_DisableLSECSS
 .text.HAL_RCCEx_EnableMSIPLLMode
                0x00000000080084c0       0x10 ./Drivers/STM32L4xx_HAL_Driver/stm32l4xx_hal_rcc_ex.o
                0x00000000080084c0                HAL_RCCEx_EnableMSIPLLMode
 .text.SPI_WaitFifoStateUntilTimeout.part.0
                0x00000000080084d0       0x54 ./Drivers/STM32L4xx_HAL_Driver/stm32l4xx_hal_spi.o
 .text.SPI_WaitFifoStateUntilTimeout
                0x0000000008008524       0x58 ./Drivers/STM32L4xx_HAL_Driver/stm32l4xx_hal_spi.o
 .text.SPI_WaitFlagStateUntilTimeout
                0x000000000800857c       0x40 ./Drivers/STM32L4xx_HAL_Driver/stm32l4xx_hal_spi.o
 .text.SPI_EndRxTxTransaction
                0x00000000080085bc       0x34 ./Drivers/STM32L4xx_HAL_Driver/stm32l4xx_hal_spi.o
 .text.HAL_SPI_Init
                0x00000000080085f0       0xb0 ./Drivers/STM32L4xx_HAL_Driver/stm32l4xx_hal_spi.o
                0x00000000080085f0                HAL_SPI_Init
 .text.HAL_SPI_TransmitReceive
                0x00000000080086a0      0x26c ./Drivers/STM32L4xx_HAL_Driver/stm32l4xx_hal_spi.o
                0x00000000080086a0                HAL_SPI_TransmitReceive
 .text.HAL_SPI_GetState
                0x000000000800890c        0x6 ./Drivers/STM32L4xx_HAL_Driver/stm32l4xx_hal_spi.o
                0x000000000800890c                HAL_SPI_GetState
 *fill*         0x0000000008008912        0x2 
 .text.TIM_OC1_SetConfig
                0x0000000008008914       0x98 ./Drivers/STM32L4xx_HAL_Driver/stm32l4xx_hal_tim.o
 .text.TIM_OC3_SetConfig
                0x00000000080089ac       0x88 ./Drivers/STM32L4xx_HAL_Driver/stm32l4xx_hal_tim.o
 .text.TIM_OC4_SetConfig
                0x0000000008008a34       0x68 ./Drivers/STM32L4xx_HAL_Driver/stm32l4xx_hal_tim.o
 .text.TIM_OC5_SetConfig
                0x0000000008008a9c       0x68 ./Drivers/STM32L4xx_HAL_Driver/stm32l4xx_hal_tim.o
 .text.TIM_OC6_SetConfig
                0x0000000008008b04       0x68 ./Drivers/STM32L4xx_HAL_Driver/stm32l4xx_hal_tim.o
 .text.HAL_TIM_ReadCapturedValue
                0x0000000008008b6c       0x40 ./Drivers/STM32L4xx_HAL_Driver/stm32l4xx_hal_tim.o
                0x0000000008008b6c                HAL_TIM_ReadCapturedValue
 .text.HAL_TIM_IC_CaptureCallback
                0x0000000008008bac        0x2 ./Drivers/STM32L4xx_HAL_Driver/stm32l4xx_hal_tim.o
                0x0000000008008bac                HAL_TIM_IC_CaptureCallback
 .text.HAL_TIM_PWM_PulseFinishedCallback
                0x0000000008008bae        0x2 ./Drivers/STM32L4xx_HAL_Driver/stm32l4xx_hal_tim.o
                0x0000000008008bae                HAL_TIM_PWM_PulseFinishedCallback
 .text.HAL_TIM_TriggerCallback
                0x0000000008008bb0        0x2 ./Drivers/STM32L4xx_HAL_Driver/stm32l4xx_hal_tim.o
                0x0000000008008bb0                HAL_TIM_TriggerCallback
 .text.HAL_TIM_IRQHandler
                0x0000000008008bb2      0x144 ./Drivers/STM32L4xx_HAL_Driver/stm32l4xx_hal_tim.o
                0x0000000008008bb2                HAL_TIM_IRQHandler
 *fill*         0x0000000008008cf6        0x2 
 .text.TIM_Base_SetConfig
                0x0000000008008cf8       0xc4 ./Drivers/STM32L4xx_HAL_Driver/stm32l4xx_hal_tim.o
                0x0000000008008cf8                TIM_Base_SetConfig
 .text.HAL_TIM_OC_Init
                0x0000000008008dbc       0x34 ./Drivers/STM32L4xx_HAL_Driver/stm32l4xx_hal_tim.o
                0x0000000008008dbc                HAL_TIM_OC_Init
 .text.TIM_OC2_SetConfig
                0x0000000008008df0       0x8c ./Drivers/STM32L4xx_HAL_Driver/stm32l4xx_hal_tim.o
                0x0000000008008df0                TIM_OC2_SetConfig
 .text.HAL_TIM_OC_ConfigChannel
                0x0000000008008e7c       0x70 ./Drivers/STM32L4xx_HAL_Driver/stm32l4xx_hal_tim.o
                0x0000000008008e7c                HAL_TIM_OC_ConfigChannel
 .text.TIM_CCxChannelCmd
                0x0000000008008eec       0x1a ./Drivers/STM32L4xx_HAL_Driver/stm32l4xx_hal_tim.o
                0x0000000008008eec                TIM_CCxChannelCmd
 *fill*         0x0000000008008f06        0x2 
 .text.HAL_TIM_OC_Start_IT
                0x0000000008008f08       0x80 ./Drivers/STM32L4xx_HAL_Driver/stm32l4xx_hal_tim.o
                0x0000000008008f08                HAL_TIM_OC_Start_IT
 .text.HAL_TIM_OC_Stop_IT
                0x0000000008008f88       0xa8 ./Drivers/STM32L4xx_HAL_Driver/stm32l4xx_hal_tim.o
                0x0000000008008f88                HAL_TIM_OC_Stop_IT
 .text.HAL_TIMEx_CommutationCallback
                0x0000000008009030        0x2 ./Drivers/STM32L4xx_HAL_Driver/stm32l4xx_hal_tim_ex.o
                0x0000000008009030                HAL_TIMEx_CommutationCallback
 .text.HAL_TIMEx_BreakCallback
                0x0000000008009032        0x2 ./Drivers/STM32L4xx_HAL_Driver/stm32l4xx_hal_tim_ex.o
                0x0000000008009032                HAL_TIMEx_BreakCallback
 .text.USB_FlushTxFifo
                0x0000000008009034       0x24 ./Drivers/STM32L4xx_HAL_Driver/stm32l4xx_ll_usb.o
                0x0000000008009034                USB_FlushTxFifo
 .text.USB_ActivateEndpoint
                0x0000000008009058       0x78 ./Drivers/STM32L4xx_HAL_Driver/stm32l4xx_ll_usb.o
                0x0000000008009058                USB_ActivateEndpoint
 .text.USB_EP0StartXfer
                0x00000000080090d0       0xcc ./Drivers/STM32L4xx_HAL_Driver/stm32l4xx_ll_usb.o
                0x00000000080090d0                USB_EP0StartXfer
 .text.USB_WritePacket
                0x000000000800919c       0x22 ./Drivers/STM32L4xx_HAL_Driver/stm32l4xx_ll_usb.o
                0x000000000800919c                USB_WritePacket
 *fill*         0x00000000080091be        0x2 
 .text.USB_EPStartXfer
                0x00000000080091c0      0x1a4 ./Drivers/STM32L4xx_HAL_Driver/stm32l4xx_ll_usb.o
                0x00000000080091c0                USB_EPStartXfer
 .text.USB_ReadPacket
                0x0000000008009364       0x20 ./Drivers/STM32L4xx_HAL_Driver/stm32l4xx_ll_usb.o
                0x0000000008009364                USB_ReadPacket
 .text.USB_EPSetStall
                0x0000000008009384       0x36 ./Drivers/STM32L4xx_HAL_Driver/stm32l4xx_ll_usb.o
                0x0000000008009384                USB_EPSetStall
 .text.USB_EPClearStall
                0x00000000080093ba       0x30 ./Drivers/STM32L4xx_HAL_Driver/stm32l4xx_ll_usb.o
                0x00000000080093ba                USB_EPClearStall
 .text.USB_SetDevAddress
                0x00000000080093ea       0x20 ./Drivers/STM32L4xx_HAL_Driver/stm32l4xx_ll_usb.o
                0x00000000080093ea                USB_SetDevAddress
 .text.USB_ReadInterrupts
                0x000000000800940a        0x8 ./Drivers/STM32L4xx_HAL_Driver/stm32l4xx_ll_usb.o
                0x000000000800940a                USB_ReadInterrupts
 .text.USB_ReadDevAllOutEpInterrupt
                0x0000000008009412       0x10 ./Drivers/STM32L4xx_HAL_Driver/stm32l4xx_ll_usb.o
                0x0000000008009412                USB_ReadDevAllOutEpInterrupt
 .text.USB_ReadDevAllInEpInterrupt
                0x0000000008009422       0x10 ./Drivers/STM32L4xx_HAL_Driver/stm32l4xx_ll_usb.o
                0x0000000008009422                USB_ReadDevAllInEpInterrupt
 .text.USB_ReadDevOutEPInterrupt
                0x0000000008009432       0x14 ./Drivers/STM32L4xx_HAL_Driver/stm32l4xx_ll_usb.o
                0x0000000008009432                USB_ReadDevOutEPInterrupt
 .text.USB_ReadDevInEPInterrupt
                0x0000000008009446       0x22 ./Drivers/STM32L4xx_HAL_Driver/stm32l4xx_ll_usb.o
                0x0000000008009446                USB_ReadDevInEPInterrupt
 .text.USB_GetMode
                0x0000000008009468        0x8 ./Drivers/STM32L4xx_HAL_Driver/stm32l4xx_ll_usb.o
                0x0000000008009468                USB_GetMode
 .text.USB_ActivateSetup
                0x0000000008009470       0x3a ./Drivers/STM32L4xx_HAL_Driver/stm32l4xx_ll_usb.o
                0x0000000008009470                USB_ActivateSetup
 .text.USB_EP0_OutStart
                0x00000000080094aa       0x22 ./Drivers/STM32L4xx_HAL_Driver/stm32l4xx_ll_usb.o
                0x00000000080094aa                USB_EP0_OutStart
 .text.aci_gap_init_IDB05A1
                0x00000000080094cc       0x7c ./Middlewares/STM32_BlueNRG/HCI/Controller/bluenrg_gap_aci.o
                0x00000000080094cc                aci_gap_init_IDB05A1
 .text.aci_gap_init_IDB04A1
                0x0000000008009548       0x74 ./Middlewares/STM32_BlueNRG/HCI/Controller/bluenrg_gap_aci.o
                0x0000000008009548                aci_gap_init_IDB04A1
 .text.aci_gap_set_discoverable
                0x00000000080095bc       0xd4 ./Middlewares/STM32_BlueNRG/HCI/Controller/bluenrg_gap_aci.o
                0x00000000080095bc                aci_gap_set_discoverable
 .text.aci_gap_set_auth_requirement
                0x0000000008009690       0x78 ./Middlewares/STM32_BlueNRG/HCI/Controller/bluenrg_gap_aci.o
                0x0000000008009690                aci_gap_set_auth_requirement
 .text.aci_gap_update_adv_data
                0x0000000008009708       0x5c ./Middlewares/STM32_BlueNRG/HCI/Controller/bluenrg_gap_aci.o
                0x0000000008009708                aci_gap_update_adv_data
 .text.aci_gatt_init
                0x0000000008009764       0x38 ./Middlewares/STM32_BlueNRG/HCI/Controller/bluenrg_gatt_aci.o
                0x0000000008009764                aci_gatt_init
 .text.aci_gatt_add_serv
                0x000000000800979c       0x80 ./Middlewares/STM32_BlueNRG/HCI/Controller/bluenrg_gatt_aci.o
                0x000000000800979c                aci_gatt_add_serv
 .text.aci_gatt_add_char
                0x000000000800981c       0xc8 ./Middlewares/STM32_BlueNRG/HCI/Controller/bluenrg_gatt_aci.o
                0x000000000800981c                aci_gatt_add_char
 .text.aci_gatt_update_char_value
                0x00000000080098e4       0x84 ./Middlewares/STM32_BlueNRG/HCI/Controller/bluenrg_gatt_aci.o
                0x00000000080098e4                aci_gatt_update_char_value
 .text.aci_gatt_allow_read
                0x0000000008009968       0x44 ./Middlewares/STM32_BlueNRG/HCI/Controller/bluenrg_gatt_aci.o
                0x0000000008009968                aci_gatt_allow_read
 .text.aci_hal_set_tx_power_level
                0x00000000080099ac       0x48 ./Middlewares/STM32_BlueNRG/HCI/Controller/bluenrg_hal_aci.o
                0x00000000080099ac                aci_hal_set_tx_power_level
 .text.getBlueNRGVersion
                0x00000000080099f4       0x44 ./Middlewares/STM32_BlueNRG/HCI/Controller/bluenrg_utils.o
                0x00000000080099f4                getBlueNRGVersion
 .text.move_list.constprop.0
                0x0000000008009a38       0x28 ./Middlewares/STM32_BlueNRG/HCI/hci.o
 .text.HCI_Init
                0x0000000008009a60       0x54 ./Middlewares/STM32_BlueNRG/HCI/hci.o
                0x0000000008009a60                HCI_Init
 .text.HCI_verify
                0x0000000008009ab4       0x1c ./Middlewares/STM32_BlueNRG/HCI/hci.o
                0x0000000008009ab4                HCI_verify
 .text.HCI_Queue_Empty
                0x0000000008009ad0        0xc ./Middlewares/STM32_BlueNRG/HCI/hci.o
                0x0000000008009ad0                HCI_Queue_Empty
 .text.HCI_Isr  0x0000000008009adc       0x70 ./Middlewares/STM32_BlueNRG/HCI/hci.o
                0x0000000008009adc                HCI_Isr
 .text.HCI_Process
                0x0000000008009b4c       0x54 ./Middlewares/STM32_BlueNRG/HCI/hci.o
                0x0000000008009b4c                HCI_Process
 .text.hci_send_cmd
                0x0000000008009ba0       0x3a ./Middlewares/STM32_BlueNRG/HCI/hci.o
                0x0000000008009ba0                hci_send_cmd
 *fill*         0x0000000008009bda        0x2 
 .text.hci_send_req
                0x0000000008009bdc      0x18c ./Middlewares/STM32_BlueNRG/HCI/hci.o
                0x0000000008009bdc                hci_send_req
 .text.hci_le_read_local_version
                0x0000000008009d68       0x80 ./Middlewares/STM32_BlueNRG/HCI/hci.o
                0x0000000008009d68                hci_le_read_local_version
 .text.hci_le_set_scan_resp_data
                0x0000000008009de8       0x64 ./Middlewares/STM32_BlueNRG/HCI/hci.o
                0x0000000008009de8                hci_le_set_scan_resp_data
 .text.hci_le_set_random_address
                0x0000000008009e4c       0x54 ./Middlewares/STM32_BlueNRG/HCI/hci.o
                0x0000000008009e4c                hci_le_set_random_address
 .text.list_init_head
                0x0000000008009ea0        0x6 ./Middlewares/STM32_BlueNRG/Utils/ble_list.o
                0x0000000008009ea0                list_init_head
 .text.list_is_empty
                0x0000000008009ea6       0x14 ./Middlewares/STM32_BlueNRG/Utils/ble_list.o
                0x0000000008009ea6                list_is_empty
 .text.list_insert_head
                0x0000000008009eba       0x18 ./Middlewares/STM32_BlueNRG/Utils/ble_list.o
                0x0000000008009eba                list_insert_head
 .text.list_insert_tail
                0x0000000008009ed2       0x18 ./Middlewares/STM32_BlueNRG/Utils/ble_list.o
                0x0000000008009ed2                list_insert_tail
 .text.list_remove_node
                0x0000000008009eea       0x14 ./Middlewares/STM32_BlueNRG/Utils/ble_list.o
                0x0000000008009eea                list_remove_node
 .text.list_remove_head
                0x0000000008009efe       0x22 ./Middlewares/STM32_BlueNRG/Utils/ble_list.o
                0x0000000008009efe                list_remove_head
 .text.list_remove_tail
                0x0000000008009f20       0x22 ./Middlewares/STM32_BlueNRG/Utils/ble_list.o
                0x0000000008009f20                list_remove_tail
 .text.list_get_size
                0x0000000008009f42       0x1c ./Middlewares/STM32_BlueNRG/Utils/ble_list.o
                0x0000000008009f42                list_get_size
 .text.Timer_Set
                0x0000000008009f5e        0xe ./Middlewares/STM32_BlueNRG/Utils/gp_timer.o
                0x0000000008009f5e                Timer_Set
 .text.Timer_Expired
                0x0000000008009f6c       0x1c ./Middlewares/STM32_BlueNRG/Utils/gp_timer.o
                0x0000000008009f6c                Timer_Expired
 .text.Osal_MemCpy
                0x0000000008009f88        0x4 ./Middlewares/STM32_BlueNRG/Utils/osal.o
                0x0000000008009f88                Osal_MemCpy
 .text.Osal_MemSet
                0x0000000008009f8c        0x4 ./Middlewares/STM32_BlueNRG/Utils/osal.o
                0x0000000008009f8c                Osal_MemSet
 .text.USBD_CDC_SetTxBuffer
                0x0000000008009f90       0x10 ./Middlewares/STM32_USBD_Library/Class/CDC/usbd_cdc.o
                0x0000000008009f90                USBD_CDC_SetTxBuffer
 .text.USBD_CDC_TransmitPacket
                0x0000000008009fa0       0x2e ./Middlewares/STM32_USBD_Library/Class/CDC/usbd_cdc.o
                0x0000000008009fa0                USBD_CDC_TransmitPacket
 .text.USBD_SetClassConfig
                0x0000000008009fce       0x16 ./Middlewares/STM32_USBD_Library/Core/usbd_core.o
                0x0000000008009fce                USBD_SetClassConfig
 .text.USBD_ClrClassConfig
                0x0000000008009fe4        0xe ./Middlewares/STM32_USBD_Library/Core/usbd_core.o
                0x0000000008009fe4                USBD_ClrClassConfig
 .text.USBD_LL_SetupStage
                0x0000000008009ff2       0x5a ./Middlewares/STM32_USBD_Library/Core/usbd_core.o
                0x0000000008009ff2                USBD_LL_SetupStage
 .text.USBD_LL_DataOutStage
                0x000000000800a04c       0x60 ./Middlewares/STM32_USBD_Library/Core/usbd_core.o
                0x000000000800a04c                USBD_LL_DataOutStage
 .text.USBD_LL_DataInStage
                0x000000000800a0ac       0x9e ./Middlewares/STM32_USBD_Library/Core/usbd_core.o
                0x000000000800a0ac                USBD_LL_DataInStage
 .text.USBD_LL_Reset
                0x000000000800a14a       0x3e ./Middlewares/STM32_USBD_Library/Core/usbd_core.o
                0x000000000800a14a                USBD_LL_Reset
 .text.USBD_LL_SetSpeed
                0x000000000800a188        0x6 ./Middlewares/STM32_USBD_Library/Core/usbd_core.o
                0x000000000800a188                USBD_LL_SetSpeed
 .text.USBD_LL_Suspend
                0x000000000800a18e       0x12 ./Middlewares/STM32_USBD_Library/Core/usbd_core.o
                0x000000000800a18e                USBD_LL_Suspend
 .text.USBD_LL_Resume
                0x000000000800a1a0        0xc ./Middlewares/STM32_USBD_Library/Core/usbd_core.o
                0x000000000800a1a0                USBD_LL_Resume
 .text.USBD_LL_SOF
                0x000000000800a1ac       0x18 ./Middlewares/STM32_USBD_Library/Core/usbd_core.o
                0x000000000800a1ac                USBD_LL_SOF
 .text.USBD_LL_IsoINIncomplete
                0x000000000800a1c4        0x4 ./Middlewares/STM32_USBD_Library/Core/usbd_core.o
                0x000000000800a1c4                USBD_LL_IsoINIncomplete
 .text.USBD_LL_IsoOUTIncomplete
                0x000000000800a1c8        0x4 ./Middlewares/STM32_USBD_Library/Core/usbd_core.o
                0x000000000800a1c8                USBD_LL_IsoOUTIncomplete
 .text.USBD_LL_DevConnected
                0x000000000800a1cc        0x4 ./Middlewares/STM32_USBD_Library/Core/usbd_core.o
                0x000000000800a1cc                USBD_LL_DevConnected
 .text.USBD_LL_DevDisconnected
                0x000000000800a1d0       0x16 ./Middlewares/STM32_USBD_Library/Core/usbd_core.o
                0x000000000800a1d0                USBD_LL_DevDisconnected
 .text.USBD_CtlError.constprop.0
                0x000000000800a1e6       0x16 ./Middlewares/STM32_USBD_Library/Core/usbd_ctlreq.o
 .text.USBD_StdDevReq
                0x000000000800a1fc      0x1f4 ./Middlewares/STM32_USBD_Library/Core/usbd_ctlreq.o
                0x000000000800a1fc                USBD_StdDevReq
 .text.USBD_StdItfReq
                0x000000000800a3f0       0x30 ./Middlewares/STM32_USBD_Library/Core/usbd_ctlreq.o
                0x000000000800a3f0                USBD_StdItfReq
 .text.USBD_StdEPReq
                0x000000000800a420       0xc6 ./Middlewares/STM32_USBD_Library/Core/usbd_ctlreq.o
                0x000000000800a420                USBD_StdEPReq
 .text.USBD_ParseSetupRequest
                0x000000000800a4e6       0x28 ./Middlewares/STM32_USBD_Library/Core/usbd_ctlreq.o
                0x000000000800a4e6                USBD_ParseSetupRequest
 .text.USBD_CtlSendData
                0x000000000800a50e       0x1a ./Middlewares/STM32_USBD_Library/Core/usbd_ioreq.o
                0x000000000800a50e                USBD_CtlSendData
 .text.USBD_CtlContinueSendData
                0x000000000800a528       0x10 ./Middlewares/STM32_USBD_Library/Core/usbd_ioreq.o
                0x000000000800a528                USBD_CtlContinueSendData
 .text.USBD_CtlContinueRx
                0x000000000800a538       0x10 ./Middlewares/STM32_USBD_Library/Core/usbd_ioreq.o
                0x000000000800a538                USBD_CtlContinueRx
 .text.USBD_CtlSendStatus
                0x000000000800a548       0x16 ./Middlewares/STM32_USBD_Library/Core/usbd_ioreq.o
                0x000000000800a548                USBD_CtlSendStatus
 .text.USBD_CtlReceiveStatus
                0x000000000800a55e       0x16 ./Middlewares/STM32_USBD_Library/Core/usbd_ioreq.o
                0x000000000800a55e                USBD_CtlReceiveStatus
 .text.Reset_Handler
                0x000000000800a574       0x50 ./MotEnv1_ST/SW4STM32/startup_stm32l476xx.o
                0x000000000800a574                Reset_Handler
 .text.Default_Handler
                0x000000000800a5c4        0x2 ./MotEnv1_ST/SW4STM32/startup_stm32l476xx.o
                0x000000000800a5c4                RTC_Alarm_IRQHandler
                0x000000000800a5c4                EXTI2_IRQHandler
                0x000000000800a5c4                TIM8_TRG_COM_IRQHandler
                0x000000000800a5c4                TIM8_CC_IRQHandler
                0x000000000800a5c4                TSC_IRQHandler
                0x000000000800a5c4                TAMP_STAMP_IRQHandler
                0x000000000800a5c4                EXTI3_IRQHandler
                0x000000000800a5c4                LPTIM2_IRQHandler
                0x000000000800a5c4                DFSDM1_FLT1_IRQHandler
                0x000000000800a5c4                I2C3_ER_IRQHandler
                0x000000000800a5c4                DFSDM1_FLT2_IRQHandler
                0x000000000800a5c4                EXTI0_IRQHandler
                0x000000000800a5c4                I2C2_EV_IRQHandler
                0x000000000800a5c4                CAN1_RX0_IRQHandler
                0x000000000800a5c4                FPU_IRQHandler
                0x000000000800a5c4                TIM1_UP_TIM16_IRQHandler
                0x000000000800a5c4                ADC1_2_IRQHandler
                0x000000000800a5c4                SPI1_IRQHandler
                0x000000000800a5c4                TIM6_DAC_IRQHandler
                0x000000000800a5c4                TIM8_UP_IRQHandler
                0x000000000800a5c4                DMA2_Channel2_IRQHandler
                0x000000000800a5c4                DMA1_Channel4_IRQHandler
                0x000000000800a5c4                SAI2_IRQHandler
                0x000000000800a5c4                DFSDM1_FLT3_IRQHandler
                0x000000000800a5c4                USART3_IRQHandler
                0x000000000800a5c4                DMA1_Channel7_IRQHandler
                0x000000000800a5c4                CAN1_RX1_IRQHandler
                0x000000000800a5c4                LCD_IRQHandler
                0x000000000800a5c4                UART5_IRQHandler
                0x000000000800a5c4                ADC3_IRQHandler
                0x000000000800a5c4                TIM4_IRQHandler
                0x000000000800a5c4                DMA2_Channel1_IRQHandler
                0x000000000800a5c4                QUADSPI_IRQHandler
                0x000000000800a5c4                I2C1_EV_IRQHandler
                0x000000000800a5c4                DMA1_Channel6_IRQHandler
                0x000000000800a5c4                UART4_IRQHandler
                0x000000000800a5c4                DMA2_Channel4_IRQHandler
                0x000000000800a5c4                RCC_IRQHandler
                0x000000000800a5c4                DMA1_Channel1_IRQHandler
                0x000000000800a5c4                Default_Handler
                0x000000000800a5c4                DMA2_Channel7_IRQHandler
                0x000000000800a5c4                EXTI15_10_IRQHandler
                0x000000000800a5c4                TIM7_IRQHandler
                0x000000000800a5c4                SDMMC1_IRQHandler
                0x000000000800a5c4                TIM5_IRQHandler
                0x000000000800a5c4                I2C3_EV_IRQHandler
                0x000000000800a5c4                RTC_WKUP_IRQHandler
                0x000000000800a5c4                PVD_PVM_IRQHandler
                0x000000000800a5c4                SPI2_IRQHandler
                0x000000000800a5c4                CAN1_TX_IRQHandler
                0x000000000800a5c4                DMA2_Channel5_IRQHandler
                0x000000000800a5c4                DMA1_Channel5_IRQHandler
                0x000000000800a5c4                EXTI4_IRQHandler
                0x000000000800a5c4                RNG_IRQHandler
                0x000000000800a5c4                TIM1_TRG_COM_TIM17_IRQHandler
                0x000000000800a5c4                DMA1_Channel3_IRQHandler
                0x000000000800a5c4                COMP_IRQHandler
                0x000000000800a5c4                WWDG_IRQHandler
                0x000000000800a5c4                LPUART1_IRQHandler
                0x000000000800a5c4                DMA2_Channel6_IRQHandler
                0x000000000800a5c4                TIM2_IRQHandler
                0x000000000800a5c4                EXTI1_IRQHandler
                0x000000000800a5c4                USART2_IRQHandler
                0x000000000800a5c4                DFSDM1_FLT0_IRQHandler
                0x000000000800a5c4                I2C2_ER_IRQHandler
                0x000000000800a5c4                DMA1_Channel2_IRQHandler
                0x000000000800a5c4                TIM8_BRK_IRQHandler
                0x000000000800a5c4                CAN1_SCE_IRQHandler
                0x000000000800a5c4                FLASH_IRQHandler
                0x000000000800a5c4                USART1_IRQHandler
                0x000000000800a5c4                SPI3_IRQHandler
                0x000000000800a5c4                I2C1_ER_IRQHandler
                0x000000000800a5c4                FMC_IRQHandler
                0x000000000800a5c4                SWPMI1_IRQHandler
                0x000000000800a5c4                LPTIM1_IRQHandler
                0x000000000800a5c4                SAI1_IRQHandler
                0x000000000800a5c4                DMA2_Channel3_IRQHandler
                0x000000000800a5c4                TIM1_BRK_TIM15_IRQHandler
 *fill*         0x000000000800a5c6        0x2 
 .text._sbrk    0x000000000800a5c8       0x40 ./MotEnv1_ST/SW4STM32/syscalls.o
                0x000000000800a5c8                _sbrk
 .text._write   0x000000000800a608       0x1a ./MotEnv1_ST/SW4STM32/syscalls.o
                0x000000000800a608                _write
 .text._close   0x000000000800a622        0x6 ./MotEnv1_ST/SW4STM32/syscalls.o
                0x000000000800a622                _close
 .text._fstat   0x000000000800a628        0xa ./MotEnv1_ST/SW4STM32/syscalls.o
                0x000000000800a628                _fstat
 .text._isatty  0x000000000800a632        0x4 ./MotEnv1_ST/SW4STM32/syscalls.o
                0x000000000800a632                _isatty
 .text._lseek   0x000000000800a636        0x4 ./MotEnv1_ST/SW4STM32/syscalls.o
                0x000000000800a636                _lseek
 .text._read    0x000000000800a63a        0xe ./MotEnv1_ST/SW4STM32/syscalls.o
                0x000000000800a63a                _read
 .text.InitTargetPlatform
                0x000000000800a648      0x15c ./MotEnv1_ST/User/TargetPlatform.o
                0x000000000800a648                InitTargetPlatform
 .text.LedOnTargetPlatform
                0x000000000800a7a4        0x6 ./MotEnv1_ST/User/TargetPlatform.o
                0x000000000800a7a4                LedOnTargetPlatform
 .text.LedOffTargetPlatform
                0x000000000800a7aa        0x6 ./MotEnv1_ST/User/TargetPlatform.o
                0x000000000800a7aa                LedOffTargetPlatform
 .text.Clock_Time
                0x000000000800a7b0        0x4 ./MotEnv1_ST/User/clock.o
                0x000000000800a7b0                Clock_Time
 .text.startup.main
                0x000000000800a7b4      0x724 ./MotEnv1_ST/User/main.o
                0x000000000800a7b4                main
 .text.HAL_TIM_OC_DelayElapsedCallback
                0x000000000800aed8       0x28 ./MotEnv1_ST/User/main.o
                0x000000000800aed8                HAL_TIM_OC_DelayElapsedCallback
 .text.HAL_TIM_PeriodElapsedCallback
                0x000000000800af00       0x10 ./MotEnv1_ST/User/main.o
                0x000000000800af00                HAL_TIM_PeriodElapsedCallback
 .text.HAL_Delay
                0x000000000800af10       0x1e ./MotEnv1_ST/User/main.o
                0x000000000800af10                HAL_Delay
 .text.Error_Handler
                0x000000000800af2e        0x2 ./MotEnv1_ST/User/main.o
                0x000000000800af2e                Error_Handler
 .text.HAL_GPIO_EXTI_Callback
                0x000000000800af30       0x18 ./MotEnv1_ST/User/main.o
                0x000000000800af30                HAL_GPIO_EXTI_Callback
 .text.Add_ConfigW2ST_Service
                0x000000000800af48       0x70 ./MotEnv1_ST/User/sensor_service.o
                0x000000000800af48                Add_ConfigW2ST_Service
 .text.Stderr_Update
                0x000000000800afb8       0x60 ./MotEnv1_ST/User/sensor_service.o
                0x000000000800afb8                Stderr_Update
 .text.Config_Notify.part.0
                0x000000000800b018       0x48 ./MotEnv1_ST/User/sensor_service.o
 .text.LED_Update.part.0
                0x000000000800b060       0x50 ./MotEnv1_ST/User/sensor_service.o
 .text.Term_Update
                0x000000000800b0b0       0x78 ./MotEnv1_ST/User/sensor_service.o
                0x000000000800b0b0                Term_Update
 .text.Config_Notify
                0x000000000800b128       0x58 ./MotEnv1_ST/User/sensor_service.o
                0x000000000800b128                Config_Notify
 .text.Add_HWServW2ST_Service
                0x000000000800b180      0x108 ./MotEnv1_ST/User/sensor_service.o
                0x000000000800b180                Add_HWServW2ST_Service
 .text.Environmental_Update
                0x000000000800b288       0xe0 ./MotEnv1_ST/User/sensor_service.o
                0x000000000800b288                Environmental_Update
 .text.LED_Update
                0x000000000800b368       0x3c ./MotEnv1_ST/User/sensor_service.o
                0x000000000800b368                LED_Update
 .text.setConnectable
                0x000000000800b3a4       0xf0 ./MotEnv1_ST/User/sensor_service.o
                0x000000000800b3a4                setConnectable
 .text.Read_Request_CB
                0x000000000800b494      0x1fc ./MotEnv1_ST/User/sensor_service.o
                0x000000000800b494                Read_Request_CB
 .text.Attribute_Modified_CB
                0x000000000800b690      0x1f0 ./MotEnv1_ST/User/sensor_service.o
                0x000000000800b690                Attribute_Modified_CB
 .text.HCI_Event_CB
                0x000000000800b880       0xdc ./MotEnv1_ST/User/sensor_service.o
                0x000000000800b880                HCI_Event_CB
 .text.HAL_TIM_OC_MspInit
                0x000000000800b95c       0x30 ./MotEnv1_ST/User/stm32l4xx_hal_msp.o
                0x000000000800b95c                HAL_TIM_OC_MspInit
 .text.NMI_Handler
                0x000000000800b98c        0x2 ./MotEnv1_ST/User/stm32l4xx_it.o
                0x000000000800b98c                NMI_Handler
 .text.HardFault_Handler
                0x000000000800b98e        0x2 ./MotEnv1_ST/User/stm32l4xx_it.o
                0x000000000800b98e                HardFault_Handler
 .text.MemManage_Handler
                0x000000000800b990        0x2 ./MotEnv1_ST/User/stm32l4xx_it.o
                0x000000000800b990                MemManage_Handler
 .text.BusFault_Handler
                0x000000000800b992        0x2 ./MotEnv1_ST/User/stm32l4xx_it.o
                0x000000000800b992                BusFault_Handler
 .text.UsageFault_Handler
                0x000000000800b994        0x2 ./MotEnv1_ST/User/stm32l4xx_it.o
                0x000000000800b994                UsageFault_Handler
 .text.SVC_Handler
                0x000000000800b996        0x2 ./MotEnv1_ST/User/stm32l4xx_it.o
                0x000000000800b996                SVC_Handler
 .text.DebugMon_Handler
                0x000000000800b998        0x2 ./MotEnv1_ST/User/stm32l4xx_it.o
                0x000000000800b998                DebugMon_Handler
 .text.PendSV_Handler
                0x000000000800b99a        0x2 ./MotEnv1_ST/User/stm32l4xx_it.o
                0x000000000800b99a                PendSV_Handler
 .text.SysTick_Handler
                0x000000000800b99c        0x4 ./MotEnv1_ST/User/stm32l4xx_it.o
                0x000000000800b99c                SysTick_Handler
 .text.TIM1_CC_IRQHandler
                0x000000000800b9a0        0xc ./MotEnv1_ST/User/stm32l4xx_it.o
                0x000000000800b9a0                TIM1_CC_IRQHandler
 .text.EXTI9_5_IRQHandler
                0x000000000800b9ac        0x6 ./MotEnv1_ST/User/stm32l4xx_it.o
                0x000000000800b9ac                EXTI9_5_IRQHandler
 *fill*         0x000000000800b9b2        0x2 
 .text.OTG_FS_IRQHandler
                0x000000000800b9b4        0xc ./MotEnv1_ST/User/stm32l4xx_it.o
                0x000000000800b9b4                OTG_FS_IRQHandler
 .text.TIM3_IRQHandler
                0x000000000800b9c0        0xc ./MotEnv1_ST/User/stm32l4xx_it.o
                0x000000000800b9c0                TIM3_IRQHandler
 .text.CDC_Fill_Buffer
                0x000000000800b9cc       0x30 ./MotEnv1_ST/User/usbd_cdc_interface.o
                0x000000000800b9cc                CDC_Fill_Buffer
 .text.CDC_TIM_PeriodElapsedCallback
                0x000000000800b9fc       0x44 ./MotEnv1_ST/User/usbd_cdc_interface.o
                0x000000000800b9fc                CDC_TIM_PeriodElapsedCallback
 .text.HAL_PCD_SetupStageCallback
                0x000000000800ba40        0xc ./MotEnv1_ST/User/usbd_conf.o
                0x000000000800ba40                HAL_PCD_SetupStageCallback
 .text.HAL_PCD_DataOutStageCallback
                0x000000000800ba4c       0x12 ./MotEnv1_ST/User/usbd_conf.o
                0x000000000800ba4c                HAL_PCD_DataOutStageCallback
 .text.HAL_PCD_DataInStageCallback
                0x000000000800ba5e       0x10 ./MotEnv1_ST/User/usbd_conf.o
                0x000000000800ba5e                HAL_PCD_DataInStageCallback
 .text.HAL_PCD_SOFCallback
                0x000000000800ba6e        0x8 ./MotEnv1_ST/User/usbd_conf.o
                0x000000000800ba6e                HAL_PCD_SOFCallback
 .text.HAL_PCD_ResetCallback
                0x000000000800ba76       0x1a ./MotEnv1_ST/User/usbd_conf.o
                0x000000000800ba76                HAL_PCD_ResetCallback
 .text.HAL_PCD_SuspendCallback
                0x000000000800ba90        0x8 ./MotEnv1_ST/User/usbd_conf.o
                0x000000000800ba90                HAL_PCD_SuspendCallback
 .text.HAL_PCD_ResumeCallback
                0x000000000800ba98        0x8 ./MotEnv1_ST/User/usbd_conf.o
                0x000000000800ba98                HAL_PCD_ResumeCallback
 .text.HAL_PCD_ISOOUTIncompleteCallback
                0x000000000800baa0        0x8 ./MotEnv1_ST/User/usbd_conf.o
                0x000000000800baa0                HAL_PCD_ISOOUTIncompleteCallback
 .text.HAL_PCD_ISOINIncompleteCallback
                0x000000000800baa8        0x8 ./MotEnv1_ST/User/usbd_conf.o
                0x000000000800baa8                HAL_PCD_ISOINIncompleteCallback
 .text.HAL_PCD_ConnectCallback
                0x000000000800bab0        0x8 ./MotEnv1_ST/User/usbd_conf.o
                0x000000000800bab0                HAL_PCD_ConnectCallback
 .text.HAL_PCD_DisconnectCallback
                0x000000000800bab8        0x8 ./MotEnv1_ST/User/usbd_conf.o
                0x000000000800bab8                HAL_PCD_DisconnectCallback
 .text.USBD_LL_OpenEP
                0x000000000800bac0       0x14 ./MotEnv1_ST/User/usbd_conf.o
                0x000000000800bac0                USBD_LL_OpenEP
 .text.USBD_LL_StallEP
                0x000000000800bad4        0xe ./MotEnv1_ST/User/usbd_conf.o
                0x000000000800bad4                USBD_LL_StallEP
 .text.USBD_LL_ClearStallEP
                0x000000000800bae2        0xe ./MotEnv1_ST/User/usbd_conf.o
                0x000000000800bae2                USBD_LL_ClearStallEP
 .text.USBD_LL_IsStallEP
                0x000000000800baf0       0x26 ./MotEnv1_ST/User/usbd_conf.o
                0x000000000800baf0                USBD_LL_IsStallEP
 .text.USBD_LL_SetUSBAddress
                0x000000000800bb16        0xe ./MotEnv1_ST/User/usbd_conf.o
                0x000000000800bb16                USBD_LL_SetUSBAddress
 .text.USBD_LL_Transmit
                0x000000000800bb24        0xe ./MotEnv1_ST/User/usbd_conf.o
                0x000000000800bb24                USBD_LL_Transmit
 .text.USBD_LL_PrepareReceive
                0x000000000800bb32        0xe ./MotEnv1_ST/User/usbd_conf.o
                0x000000000800bb32                USBD_LL_PrepareReceive
 .text.__errno  0x000000000800bb40        0xc c:/st/stm32cubeide_1.7.0/stm32cubeide/plugins/com.st.stm32cube.ide.mcu.externaltools.gnu-tools-for-stm32.9-2020-q2-update.win32_2.0.0.202105311346/tools/bin/../lib/gcc/arm-none-eabi/9.3.1/../../../../arm-none-eabi/lib/thumb/v7e-m+fp/hard\libc_nano.a(lib_a-errno.o)
                0x000000000800bb40                __errno
 .text.__libc_init_array
                0x000000000800bb4c       0x48 c:/st/stm32cubeide_1.7.0/stm32cubeide/plugins/com.st.stm32cube.ide.mcu.externaltools.gnu-tools-for-stm32.9-2020-q2-update.win32_2.0.0.202105311346/tools/bin/../lib/gcc/arm-none-eabi/9.3.1/../../../../arm-none-eabi/lib/thumb/v7e-m+fp/hard\libc_nano.a(lib_a-init.o)
                0x000000000800bb4c                __libc_init_array
 .text.memcpy   0x000000000800bb94       0x1c c:/st/stm32cubeide_1.7.0/stm32cubeide/plugins/com.st.stm32cube.ide.mcu.externaltools.gnu-tools-for-stm32.9-2020-q2-update.win32_2.0.0.202105311346/tools/bin/../lib/gcc/arm-none-eabi/9.3.1/../../../../arm-none-eabi/lib/thumb/v7e-m+fp/hard\libc_nano.a(lib_a-memcpy-stub.o)
                0x000000000800bb94                memcpy
 .text.memset   0x000000000800bbb0       0x10 c:/st/stm32cubeide_1.7.0/stm32cubeide/plugins/com.st.stm32cube.ide.mcu.externaltools.gnu-tools-for-stm32.9-2020-q2-update.win32_2.0.0.202105311346/tools/bin/../lib/gcc/arm-none-eabi/9.3.1/../../../../arm-none-eabi/lib/thumb/v7e-m+fp/hard\libc_nano.a(lib_a-memset.o)
                0x000000000800bbb0                memset
 .text._free_r  0x000000000800bbc0       0xa0 c:/st/stm32cubeide_1.7.0/stm32cubeide/plugins/com.st.stm32cube.ide.mcu.externaltools.gnu-tools-for-stm32.9-2020-q2-update.win32_2.0.0.202105311346/tools/bin/../lib/gcc/arm-none-eabi/9.3.1/../../../../arm-none-eabi/lib/thumb/v7e-m+fp/hard\libc_nano.a(lib_a-nano-freer.o)
                0x000000000800bbc0                _free_r
 .text._malloc_r
                0x000000000800bc60       0xb4 c:/st/stm32cubeide_1.7.0/stm32cubeide/plugins/com.st.stm32cube.ide.mcu.externaltools.gnu-tools-for-stm32.9-2020-q2-update.win32_2.0.0.202105311346/tools/bin/../lib/gcc/arm-none-eabi/9.3.1/../../../../arm-none-eabi/lib/thumb/v7e-m+fp/hard\libc_nano.a(lib_a-nano-mallocr.o)
                0x000000000800bc60                _malloc_r
 .text.printf   0x000000000800bd14       0x30 c:/st/stm32cubeide_1.7.0/stm32cubeide/plugins/com.st.stm32cube.ide.mcu.externaltools.gnu-tools-for-stm32.9-2020-q2-update.win32_2.0.0.202105311346/tools/bin/../lib/gcc/arm-none-eabi/9.3.1/../../../../arm-none-eabi/lib/thumb/v7e-m+fp/hard\libc_nano.a(lib_a-printf.o)
                0x000000000800bd14                iprintf
                0x000000000800bd14                printf
 .text._sbrk_r  0x000000000800bd44       0x20 c:/st/stm32cubeide_1.7.0/stm32cubeide/plugins/com.st.stm32cube.ide.mcu.externaltools.gnu-tools-for-stm32.9-2020-q2-update.win32_2.0.0.202105311346/tools/bin/../lib/gcc/arm-none-eabi/9.3.1/../../../../arm-none-eabi/lib/thumb/v7e-m+fp/hard\libc_nano.a(lib_a-sbrkr.o)
                0x000000000800bd44                _sbrk_r
 .text.sprintf  0x000000000800bd64       0x40 c:/st/stm32cubeide_1.7.0/stm32cubeide/plugins/com.st.stm32cube.ide.mcu.externaltools.gnu-tools-for-stm32.9-2020-q2-update.win32_2.0.0.202105311346/tools/bin/../lib/gcc/arm-none-eabi/9.3.1/../../../../arm-none-eabi/lib/thumb/v7e-m+fp/hard\libc_nano.a(lib_a-sprintf.o)
                0x000000000800bd64                siprintf
                0x000000000800bd64                sprintf
 .text.strcpy   0x000000000800bda4       0x10 c:/st/stm32cubeide_1.7.0/stm32cubeide/plugins/com.st.stm32cube.ide.mcu.externaltools.gnu-tools-for-stm32.9-2020-q2-update.win32_2.0.0.202105311346/tools/bin/../lib/gcc/arm-none-eabi/9.3.1/../../../../arm-none-eabi/lib/thumb/v7e-m+fp/hard\libc_nano.a(lib_a-strcpy.o)
                0x000000000800bda4                strcpy
 .text.std      0x000000000800bdb4       0x48 c:/st/stm32cubeide_1.7.0/stm32cubeide/plugins/com.st.stm32cube.ide.mcu.externaltools.gnu-tools-for-stm32.9-2020-q2-update.win32_2.0.0.202105311346/tools/bin/../lib/gcc/arm-none-eabi/9.3.1/../../../../arm-none-eabi/lib/thumb/v7e-m+fp/hard\libc_nano.a(lib_a-findfp.o)
 .text._cleanup_r
                0x000000000800bdfc        0xc c:/st/stm32cubeide_1.7.0/stm32cubeide/plugins/com.st.stm32cube.ide.mcu.externaltools.gnu-tools-for-stm32.9-2020-q2-update.win32_2.0.0.202105311346/tools/bin/../lib/gcc/arm-none-eabi/9.3.1/../../../../arm-none-eabi/lib/thumb/v7e-m+fp/hard\libc_nano.a(lib_a-findfp.o)
                0x000000000800bdfc                _cleanup_r
 .text.__sfmoreglue
                0x000000000800be08       0x2c c:/st/stm32cubeide_1.7.0/stm32cubeide/plugins/com.st.stm32cube.ide.mcu.externaltools.gnu-tools-for-stm32.9-2020-q2-update.win32_2.0.0.202105311346/tools/bin/../lib/gcc/arm-none-eabi/9.3.1/../../../../arm-none-eabi/lib/thumb/v7e-m+fp/hard\libc_nano.a(lib_a-findfp.o)
                0x000000000800be08                __sfmoreglue
 .text.__sfp_lock_acquire
                0x000000000800be34        0xc c:/st/stm32cubeide_1.7.0/stm32cubeide/plugins/com.st.stm32cube.ide.mcu.externaltools.gnu-tools-for-stm32.9-2020-q2-update.win32_2.0.0.202105311346/tools/bin/../lib/gcc/arm-none-eabi/9.3.1/../../../../arm-none-eabi/lib/thumb/v7e-m+fp/hard\libc_nano.a(lib_a-findfp.o)
                0x000000000800be34                __sfp_lock_acquire
 .text.__sfp_lock_release
                0x000000000800be40        0xc c:/st/stm32cubeide_1.7.0/stm32cubeide/plugins/com.st.stm32cube.ide.mcu.externaltools.gnu-tools-for-stm32.9-2020-q2-update.win32_2.0.0.202105311346/tools/bin/../lib/gcc/arm-none-eabi/9.3.1/../../../../arm-none-eabi/lib/thumb/v7e-m+fp/hard\libc_nano.a(lib_a-findfp.o)
                0x000000000800be40                __sfp_lock_release
 .text.__sinit_lock_acquire
                0x000000000800be4c        0xc c:/st/stm32cubeide_1.7.0/stm32cubeide/plugins/com.st.stm32cube.ide.mcu.externaltools.gnu-tools-for-stm32.9-2020-q2-update.win32_2.0.0.202105311346/tools/bin/../lib/gcc/arm-none-eabi/9.3.1/../../../../arm-none-eabi/lib/thumb/v7e-m+fp/hard\libc_nano.a(lib_a-findfp.o)
                0x000000000800be4c                __sinit_lock_acquire
 .text.__sinit_lock_release
                0x000000000800be58        0xc c:/st/stm32cubeide_1.7.0/stm32cubeide/plugins/com.st.stm32cube.ide.mcu.externaltools.gnu-tools-for-stm32.9-2020-q2-update.win32_2.0.0.202105311346/tools/bin/../lib/gcc/arm-none-eabi/9.3.1/../../../../arm-none-eabi/lib/thumb/v7e-m+fp/hard\libc_nano.a(lib_a-findfp.o)
                0x000000000800be58                __sinit_lock_release
 .text.__sinit  0x000000000800be64       0x70 c:/st/stm32cubeide_1.7.0/stm32cubeide/plugins/com.st.stm32cube.ide.mcu.externaltools.gnu-tools-for-stm32.9-2020-q2-update.win32_2.0.0.202105311346/tools/bin/../lib/gcc/arm-none-eabi/9.3.1/../../../../arm-none-eabi/lib/thumb/v7e-m+fp/hard\libc_nano.a(lib_a-findfp.o)
                0x000000000800be64                __sinit
 .text.__sfp    0x000000000800bed4       0x8c c:/st/stm32cubeide_1.7.0/stm32cubeide/plugins/com.st.stm32cube.ide.mcu.externaltools.gnu-tools-for-stm32.9-2020-q2-update.win32_2.0.0.202105311346/tools/bin/../lib/gcc/arm-none-eabi/9.3.1/../../../../arm-none-eabi/lib/thumb/v7e-m+fp/hard\libc_nano.a(lib_a-findfp.o)
                0x000000000800bed4                __sfp
 .text._fwalk_reent
                0x000000000800bf60       0x3e c:/st/stm32cubeide_1.7.0/stm32cubeide/plugins/com.st.stm32cube.ide.mcu.externaltools.gnu-tools-for-stm32.9-2020-q2-update.win32_2.0.0.202105311346/tools/bin/../lib/gcc/arm-none-eabi/9.3.1/../../../../arm-none-eabi/lib/thumb/v7e-m+fp/hard\libc_nano.a(lib_a-fwalk.o)
                0x000000000800bf60                _fwalk_reent
 .text.__retarget_lock_init_recursive
                0x000000000800bf9e        0x2 c:/st/stm32cubeide_1.7.0/stm32cubeide/plugins/com.st.stm32cube.ide.mcu.externaltools.gnu-tools-for-stm32.9-2020-q2-update.win32_2.0.0.202105311346/tools/bin/../lib/gcc/arm-none-eabi/9.3.1/../../../../arm-none-eabi/lib/thumb/v7e-m+fp/hard\libc_nano.a(lib_a-lock.o)
                0x000000000800bf9e                __retarget_lock_init_recursive
 .text.__retarget_lock_acquire_recursive
                0x000000000800bfa0        0x2 c:/st/stm32cubeide_1.7.0/stm32cubeide/plugins/com.st.stm32cube.ide.mcu.externaltools.gnu-tools-for-stm32.9-2020-q2-update.win32_2.0.0.202105311346/tools/bin/../lib/gcc/arm-none-eabi/9.3.1/../../../../arm-none-eabi/lib/thumb/v7e-m+fp/hard\libc_nano.a(lib_a-lock.o)
                0x000000000800bfa0                __retarget_lock_acquire_recursive
 .text.__retarget_lock_release_recursive
                0x000000000800bfa2        0x2 c:/st/stm32cubeide_1.7.0/stm32cubeide/plugins/com.st.stm32cube.ide.mcu.externaltools.gnu-tools-for-stm32.9-2020-q2-update.win32_2.0.0.202105311346/tools/bin/../lib/gcc/arm-none-eabi/9.3.1/../../../../arm-none-eabi/lib/thumb/v7e-m+fp/hard\libc_nano.a(lib_a-lock.o)
                0x000000000800bfa2                __retarget_lock_release_recursive
 .text.__malloc_lock
                0x000000000800bfa4        0xc c:/st/stm32cubeide_1.7.0/stm32cubeide/plugins/com.st.stm32cube.ide.mcu.externaltools.gnu-tools-for-stm32.9-2020-q2-update.win32_2.0.0.202105311346/tools/bin/../lib/gcc/arm-none-eabi/9.3.1/../../../../arm-none-eabi/lib/thumb/v7e-m+fp/hard\libc_nano.a(lib_a-mlock.o)
                0x000000000800bfa4                __malloc_lock
 .text.__malloc_unlock
                0x000000000800bfb0        0xc c:/st/stm32cubeide_1.7.0/stm32cubeide/plugins/com.st.stm32cube.ide.mcu.externaltools.gnu-tools-for-stm32.9-2020-q2-update.win32_2.0.0.202105311346/tools/bin/../lib/gcc/arm-none-eabi/9.3.1/../../../../arm-none-eabi/lib/thumb/v7e-m+fp/hard\libc_nano.a(lib_a-mlock.o)
                0x000000000800bfb0                __malloc_unlock
 .text.__ssputs_r
                0x000000000800bfbc       0xb6 c:/st/stm32cubeide_1.7.0/stm32cubeide/plugins/com.st.stm32cube.ide.mcu.externaltools.gnu-tools-for-stm32.9-2020-q2-update.win32_2.0.0.202105311346/tools/bin/../lib/gcc/arm-none-eabi/9.3.1/../../../../arm-none-eabi/lib/thumb/v7e-m+fp/hard\libc_nano.a(lib_a-nano-svfprintf.o)
                0x000000000800bfbc                __ssputs_r
 *fill*         0x000000000800c072        0x2 
 .text._svfprintf_r
                0x000000000800c074      0x200 c:/st/stm32cubeide_1.7.0/stm32cubeide/plugins/com.st.stm32cube.ide.mcu.externaltools.gnu-tools-for-stm32.9-2020-q2-update.win32_2.0.0.202105311346/tools/bin/../lib/gcc/arm-none-eabi/9.3.1/../../../../arm-none-eabi/lib/thumb/v7e-m+fp/hard\libc_nano.a(lib_a-nano-svfprintf.o)
                0x000000000800c074                _svfiprintf_r
                0x000000000800c074                _svfprintf_r
 .text.__sfputc_r
                0x000000000800c274       0x2e c:/st/stm32cubeide_1.7.0/stm32cubeide/plugins/com.st.stm32cube.ide.mcu.externaltools.gnu-tools-for-stm32.9-2020-q2-update.win32_2.0.0.202105311346/tools/bin/../lib/gcc/arm-none-eabi/9.3.1/../../../../arm-none-eabi/lib/thumb/v7e-m+fp/hard\libc_nano.a(lib_a-nano-vfprintf.o)
 .text.__sfputs_r
                0x000000000800c2a2       0x24 c:/st/stm32cubeide_1.7.0/stm32cubeide/plugins/com.st.stm32cube.ide.mcu.externaltools.gnu-tools-for-stm32.9-2020-q2-update.win32_2.0.0.202105311346/tools/bin/../lib/gcc/arm-none-eabi/9.3.1/../../../../arm-none-eabi/lib/thumb/v7e-m+fp/hard\libc_nano.a(lib_a-nano-vfprintf.o)
                0x000000000800c2a2                __sfputs_r
 *fill*         0x000000000800c2c6        0x2 
 .text._vfprintf_r
                0x000000000800c2c8      0x260 c:/st/stm32cubeide_1.7.0/stm32cubeide/plugins/com.st.stm32cube.ide.mcu.externaltools.gnu-tools-for-stm32.9-2020-q2-update.win32_2.0.0.202105311346/tools/bin/../lib/gcc/arm-none-eabi/9.3.1/../../../../arm-none-eabi/lib/thumb/v7e-m+fp/hard\libc_nano.a(lib_a-nano-vfprintf.o)
                0x000000000800c2c8                _vfprintf_r
                0x000000000800c2c8                _vfiprintf_r
 .text._printf_common
                0x000000000800c528       0xda c:/st/stm32cubeide_1.7.0/stm32cubeide/plugins/com.st.stm32cube.ide.mcu.externaltools.gnu-tools-for-stm32.9-2020-q2-update.win32_2.0.0.202105311346/tools/bin/../lib/gcc/arm-none-eabi/9.3.1/../../../../arm-none-eabi/lib/thumb/v7e-m+fp/hard\libc_nano.a(lib_a-nano-vfprintf_i.o)
                0x000000000800c528                _printf_common
 *fill*         0x000000000800c602        0x2 
 .text._printf_i
                0x000000000800c604      0x24c c:/st/stm32cubeide_1.7.0/stm32cubeide/plugins/com.st.stm32cube.ide.mcu.externaltools.gnu-tools-for-stm32.9-2020-q2-update.win32_2.0.0.202105311346/tools/bin/../lib/gcc/arm-none-eabi/9.3.1/../../../../arm-none-eabi/lib/thumb/v7e-m+fp/hard\libc_nano.a(lib_a-nano-vfprintf_i.o)
                0x000000000800c604                _printf_i
 .text.__sread  0x000000000800c850       0x22 c:/st/stm32cubeide_1.7.0/stm32cubeide/plugins/com.st.stm32cube.ide.mcu.externaltools.gnu-tools-for-stm32.9-2020-q2-update.win32_2.0.0.202105311346/tools/bin/../lib/gcc/arm-none-eabi/9.3.1/../../../../arm-none-eabi/lib/thumb/v7e-m+fp/hard\libc_nano.a(lib_a-stdio.o)
                0x000000000800c850                __sread
 .text.__swrite
                0x000000000800c872       0x38 c:/st/stm32cubeide_1.7.0/stm32cubeide/plugins/com.st.stm32cube.ide.mcu.externaltools.gnu-tools-for-stm32.9-2020-q2-update.win32_2.0.0.202105311346/tools/bin/../lib/gcc/arm-none-eabi/9.3.1/../../../../arm-none-eabi/lib/thumb/v7e-m+fp/hard\libc_nano.a(lib_a-stdio.o)
                0x000000000800c872                __swrite
 .text.__sseek  0x000000000800c8aa       0x24 c:/st/stm32cubeide_1.7.0/stm32cubeide/plugins/com.st.stm32cube.ide.mcu.externaltools.gnu-tools-for-stm32.9-2020-q2-update.win32_2.0.0.202105311346/tools/bin/../lib/gcc/arm-none-eabi/9.3.1/../../../../arm-none-eabi/lib/thumb/v7e-m+fp/hard\libc_nano.a(lib_a-stdio.o)
                0x000000000800c8aa                __sseek
 .text.__sclose
                0x000000000800c8ce        0x8 c:/st/stm32cubeide_1.7.0/stm32cubeide/plugins/com.st.stm32cube.ide.mcu.externaltools.gnu-tools-for-stm32.9-2020-q2-update.win32_2.0.0.202105311346/tools/bin/../lib/gcc/arm-none-eabi/9.3.1/../../../../arm-none-eabi/lib/thumb/v7e-m+fp/hard\libc_nano.a(lib_a-stdio.o)
                0x000000000800c8ce                __sclose
 *fill*         0x000000000800c8d6        0x2 
 .text.__swbuf_r
                0x000000000800c8d8       0xa4 c:/st/stm32cubeide_1.7.0/stm32cubeide/plugins/com.st.stm32cube.ide.mcu.externaltools.gnu-tools-for-stm32.9-2020-q2-update.win32_2.0.0.202105311346/tools/bin/../lib/gcc/arm-none-eabi/9.3.1/../../../../arm-none-eabi/lib/thumb/v7e-m+fp/hard\libc_nano.a(lib_a-wbuf.o)
                0x000000000800c8d8                __swbuf_r
 .text._write_r
                0x000000000800c97c       0x24 c:/st/stm32cubeide_1.7.0/stm32cubeide/plugins/com.st.stm32cube.ide.mcu.externaltools.gnu-tools-for-stm32.9-2020-q2-update.win32_2.0.0.202105311346/tools/bin/../lib/gcc/arm-none-eabi/9.3.1/../../../../arm-none-eabi/lib/thumb/v7e-m+fp/hard\libc_nano.a(lib_a-writer.o)
                0x000000000800c97c                _write_r
 .text.__swsetup_r
                0x000000000800c9a0       0xdc c:/st/stm32cubeide_1.7.0/stm32cubeide/plugins/com.st.stm32cube.ide.mcu.externaltools.gnu-tools-for-stm32.9-2020-q2-update.win32_2.0.0.202105311346/tools/bin/../lib/gcc/arm-none-eabi/9.3.1/../../../../arm-none-eabi/lib/thumb/v7e-m+fp/hard\libc_nano.a(lib_a-wsetup.o)
                0x000000000800c9a0                __swsetup_r
 .text._close_r
                0x000000000800ca7c       0x20 c:/st/stm32cubeide_1.7.0/stm32cubeide/plugins/com.st.stm32cube.ide.mcu.externaltools.gnu-tools-for-stm32.9-2020-q2-update.win32_2.0.0.202105311346/tools/bin/../lib/gcc/arm-none-eabi/9.3.1/../../../../arm-none-eabi/lib/thumb/v7e-m+fp/hard\libc_nano.a(lib_a-closer.o)
                0x000000000800ca7c                _close_r
 .text.__sflush_r
                0x000000000800ca9c      0x10c c:/st/stm32cubeide_1.7.0/stm32cubeide/plugins/com.st.stm32cube.ide.mcu.externaltools.gnu-tools-for-stm32.9-2020-q2-update.win32_2.0.0.202105311346/tools/bin/../lib/gcc/arm-none-eabi/9.3.1/../../../../arm-none-eabi/lib/thumb/v7e-m+fp/hard\libc_nano.a(lib_a-fflush.o)
                0x000000000800ca9c                __sflush_r
 .text._fflush_r