syscalls.c:32:9:_sbrk	8	static
syscalls.c:64:5:_gettimeofday	0	static
syscalls.c:75:6:initialise_monitor_handles	0	static
syscalls.c:79:5:_getpid	0	static
syscalls.c:84:5:_kill	8	static
unistd.h:18:6:_exit	8	static
syscalls.c:96:5:_write	16	static
syscalls.c:107:5:_close	0	static
syscalls.c:112:5:_fstat	0	static
syscalls.c:118:5:_isatty	0	static
syscalls.c:123:5:_lseek	0	static
syscalls.c:128:5:_read	8	static
syscalls.c:135:5:_open	0	static
wait.h:38:7:_wait	8	static
syscalls.c:147:5:_unlink	8	static
syscalls.c:153:5:_times	0	static
syscalls.c:158:5:_stat	0	static
syscalls.c:164:5:_link	8	static
syscalls.c:170:5:_fork	8	static
syscalls.c:176:5:_execve	8	static
