SensorTile_magneto.c:131:25:BSP_LSM303AGR_MAGNETO_Init	32	static
SensorTile_magneto.c:101:18:BSP_MAGNETO_Init	8	static
SensorTile_magneto.c:209:18:BSP_MAGNETO_DeInit	16	static
SensorTile_magneto.c:245:18:BSP_MAGNETO_Sensor_Enable	8	static
SensorTile_magneto.c:279:18:BSP_MAGNETO_Sensor_Disable	8	static
SensorTile_magneto.c:313:18:BSP_MAGNETO_IsInitialized	0	static
SensorTile_magneto.c:340:18:BSP_MAGNETO_IsEnabled	0	static
SensorTile_magneto.c:367:18:BSP_MAGNETO_IsCombo	0	static
SensorTile_magneto.c:394:18:BSP_MAGNETO_Get_Instance	0	static
SensorTile_magneto.c:422:18:BSP_MAGNETO_Get_WhoAmI	8	static
SensorTile_magneto.c:459:18:BSP_MAGNETO_Check_WhoAmI	8	static
SensorTile_magneto.c:493:18:BSP_MAGNETO_Get_Axes	8	static
SensorTile_magneto.c:531:18:BSP_MAGNETO_Get_AxesRaw	8	static
SensorTile_magneto.c:572:18:BSP_MAGNETO_Get_Sensitivity	8	static
SensorTile_magneto.c:610:18:BSP_MAGNETO_Get_ODR	8	static
SensorTile_magneto.c:648:18:BSP_MAGNETO_Set_ODR	8	static
SensorTile_magneto.c:682:18:BSP_MAGNETO_Set_ODR_Value	8	static
SensorTile_magneto.c:716:18:BSP_MAGNETO_Get_FS	8	static
SensorTile_magneto.c:754:18:BSP_MAGNETO_Set_FS	8	static
SensorTile_magneto.c:788:18:BSP_MAGNETO_Set_FS_Value	8	static
SensorTile_magneto.c:822:18:BSP_MAGNETO_Read_Reg	8	static
SensorTile_magneto.c:863:18:BSP_MAGNETO_Write_Reg	8	static
SensorTile_magneto.c:898:18:BSP_MAGNETO_Get_DRDY_Status	8	static
