SensorTile.c:777:16:I2C_SENSORTILE_Init	192	static
SensorTile.c:932:13:SD_IO_SPI_MspInit.isra.0	64	static
SensorTile.c:997:13:SD_IO_SPI_Init	8	static
SensorTile.c:1024:17:SD_IO_SPI_Read	24	static
SensorTile.c:1047:13:SD_IO_SPI_Write	16	static
SensorTile.c:153:10:BSP_GetVersion	0	static
SensorTile.c:166:6:BSP_LED_Init	48	static
SensorTile.c:198:6:BSP_LED_DeInit	0	static
SensorTile.c:213:6:BSP_LED_On	0	static
SensorTile.c:235:6:BSP_LED_Off	0	static
SensorTile.c:257:6:BSP_LED_Toggle	0	static
SensorTile.c:268:18:Sensor_IO_I2C_Init	8	static
SensorTile.c:287:18:Sensor_IO_SPI_Init	56	static
SensorTile.c:330:9:Sensor_IO_SPI_CS_Init_All	72	static
SensorTile.c:367:9:Sensor_IO_SPI_CS_Init	48	static
SensorTile.c:463:9:Sensor_IO_I2C_Write	24	static
SensorTile.c:522:9:Sensor_IO_I2C_Read	24	static
SensorTile.c:602:9:Sensor_IO_SPI_CS_Enable	8	static
SensorTile.c:624:9:Sensor_IO_SPI_CS_Disable	8	static
SensorTile.c:652:18:LSM6DSM_Sensor_IO_ITConfig	32	static
SensorTile.c:685:6:SPI_Read	0	static,ignoring_inline_asm
SensorTile.c:714:6:SPI_Read_nBytes	16	static,ignoring_inline_asm
SensorTile.c:755:6:SPI_Write	0	static
SensorTile.c:541:9:Sensor_IO_SPI_Write	32	static
SensorTile.c:421:9:Sensor_IO_Write	4	static
SensorTile.c:569:9:Sensor_IO_SPI_Read	24	static
SensorTile.c:481:9:Sensor_IO_Read	4	static
SensorTile.c:1131:6:SD_IO_CS_Init	32	static
SensorTile.c:1083:6:SD_IO_Init	8	static
SensorTile.c:1110:6:SD_IO_Init_LS	8	static
SensorTile.c:1149:6:SD_IO_CS_DeInit	32	static
SensorTile.c:1166:6:SD_IO_WriteByte	0	static
SensorTile.c:1177:9:SD_IO_ReadByte	8	static
SensorTile.c:1197:9:SD_IO_WriteCmd_wResp	24	static
SensorTile.c:1271:19:SD_IO_WaitResponse	16	static
SensorTile.c:1236:19:SD_IO_WriteCmd	24	static
SensorTile.c:1298:6:SD_IO_WriteDummy	8	static
